[2025-09-21T18:30:03.887+0000] {taskinstance.py:1956} INFO - Dependencies all met for dep_context=non-requeueable deps ti=<TaskInstance: crypto_etl_main.check_new_files scheduled__2025-09-21T18:15:00+00:00 [queued]>
[2025-09-21T18:30:03.903+0000] {taskinstance.py:1956} INFO - Dependencies all met for dep_context=requeueable deps ti=<TaskInstance: crypto_etl_main.check_new_files scheduled__2025-09-21T18:15:00+00:00 [queued]>
[2025-09-21T18:30:03.905+0000] {taskinstance.py:2170} INFO - Starting attempt 1 of 2
[2025-09-21T18:30:03.940+0000] {taskinstance.py:2191} INFO - Executing <Task(BranchPythonOperator): check_new_files> on 2025-09-21 18:15:00+00:00
[2025-09-21T18:30:03.949+0000] {standard_task_runner.py:60} INFO - Started process 2598 to run task
[2025-09-21T18:30:03.956+0000] {standard_task_runner.py:87} INFO - Running: ['***', 'tasks', 'run', 'crypto_etl_main', 'check_new_files', 'scheduled__2025-09-21T18:15:00+00:00', '--job-id', '67', '--raw', '--subdir', 'DAGS_FOLDER/crypto_etl_dag.py', '--cfg-path', '/tmp/tmpe9kvkd2y']
[2025-09-21T18:30:03.961+0000] {standard_task_runner.py:88} INFO - Job 67: Subtask check_new_files
[2025-09-21T18:30:04.053+0000] {task_command.py:423} INFO - Running <TaskInstance: crypto_etl_main.check_new_files scheduled__2025-09-21T18:15:00+00:00 [running]> on host e55d1e17d5c4
[2025-09-21T18:30:04.222+0000] {taskinstance.py:2480} INFO - Exporting env vars: AIRFLOW_CTX_DAG_OWNER='data-team' AIRFLOW_CTX_DAG_ID='crypto_etl_main' AIRFLOW_CTX_TASK_ID='check_new_files' AIRFLOW_CTX_EXECUTION_DATE='2025-09-21T18:15:00+00:00' AIRFLOW_CTX_TRY_NUMBER='1' AIRFLOW_CTX_DAG_RUN_ID='scheduled__2025-09-21T18:15:00+00:00'
[2025-09-21T18:30:04.455+0000] {log.py:232} WARNING - [2025-09-21 18:30:04,454] INFO - crypto_etl - Listing files from bucket crypto-data with prefix 'raw-data/'
[2025-09-21T18:30:04.454+0000] {extract.py:23} INFO - Listing files from bucket crypto-data with prefix 'raw-data/'
[2025-09-21T18:30:04.497+0000] {log.py:232} WARNING - [2025-09-21 18:30:04,496] INFO - crypto_etl - Found 75 CSV files
[2025-09-21T18:30:04.496+0000] {extract.py:27} INFO - Found 75 CSV files
[2025-09-21T18:30:04.509+0000] {log.py:232} WARNING - [2025-09-21 18:30:04,508] INFO - crypto_etl - Found 0 unprocessed files out of 75 total
[2025-09-21T18:30:04.508+0000] {file_processor.py:24} INFO - Found 0 unprocessed files out of 75 total
[2025-09-21T18:30:04.511+0000] {logging_mixin.py:188} INFO - No new files to process
[2025-09-21T18:30:04.512+0000] {python.py:201} INFO - Done. Returned value was: no_new_files
[2025-09-21T18:30:04.514+0000] {branch.py:35} INFO - Branch into no_new_files
[2025-09-21T18:30:04.515+0000] {skipmixin.py:178} INFO - Following branch no_new_files
[2025-09-21T18:30:04.546+0000] {skipmixin.py:244} INFO - Skipping tasks [('validate_files', -1)]
[2025-09-21T18:30:04.626+0000] {taskinstance.py:1138} INFO - Marking task as SUCCESS. dag_id=crypto_etl_main, task_id=check_new_files, execution_date=20250921T181500, start_date=20250921T183003, end_date=20250921T183004
[2025-09-21T18:30:04.691+0000] {local_task_job_runner.py:234} INFO - Task exited with return code 0
[2025-09-21T18:30:04.742+0000] {taskinstance.py:3280} INFO - 0 downstream tasks scheduled from follow-on schedule check
