[2025-09-21T15:45:15.068+0000] {taskinstance.py:1956} INFO - Dependencies all met for dep_context=non-requeueable deps ti=<TaskInstance: crypto_etl_main.transform_data scheduled__2025-09-21T15:30:00+00:00 [queued]>
[2025-09-21T15:45:15.083+0000] {taskinstance.py:1956} INFO - Dependencies all met for dep_context=requeueable deps ti=<TaskInstance: crypto_etl_main.transform_data scheduled__2025-09-21T15:30:00+00:00 [queued]>
[2025-09-21T15:45:15.084+0000] {taskinstance.py:2170} INFO - Starting attempt 1 of 2
[2025-09-21T15:45:15.110+0000] {taskinstance.py:2191} INFO - Executing <Task(PythonOperator): transform_data> on 2025-09-21 15:30:00+00:00
[2025-09-21T15:45:15.117+0000] {standard_task_runner.py:60} INFO - Started process 190 to run task
[2025-09-21T15:45:15.123+0000] {standard_task_runner.py:87} INFO - Running: ['***', 'tasks', 'run', 'crypto_etl_main', 'transform_data', 'scheduled__2025-09-21T15:30:00+00:00', '--job-id', '33', '--raw', '--subdir', 'DAGS_FOLDER/crypto_etl_dag.py', '--cfg-path', '/tmp/tmpv3fegtwz']
[2025-09-21T15:45:15.127+0000] {standard_task_runner.py:88} INFO - Job 33: Subtask transform_data
[2025-09-21T15:45:15.203+0000] {task_command.py:423} INFO - Running <TaskInstance: crypto_etl_main.transform_data scheduled__2025-09-21T15:30:00+00:00 [running]> on host e55d1e17d5c4
[2025-09-21T15:45:15.344+0000] {taskinstance.py:2480} INFO - Exporting env vars: AIRFLOW_CTX_DAG_OWNER='data-team' AIRFLOW_CTX_DAG_ID='crypto_etl_main' AIRFLOW_CTX_TASK_ID='transform_data' AIRFLOW_CTX_EXECUTION_DATE='2025-09-21T15:30:00+00:00' AIRFLOW_CTX_TRY_NUMBER='1' AIRFLOW_CTX_DAG_RUN_ID='scheduled__2025-09-21T15:30:00+00:00'
[2025-09-21T15:45:15.479+0000] {log.py:232} WARNING - [2025-09-21 15:45:15,478] INFO - crypto_etl - Starting data transformation...
[2025-09-21T15:45:15.478+0000] {transform.py:27} INFO - Starting data transformation...
[2025-09-21T15:45:15.490+0000] {log.py:232} WARNING - [2025-09-21 15:45:15,489] INFO - crypto_etl - Adding derived metrics...
[2025-09-21T15:45:15.489+0000] {transform.py:14} INFO - Adding derived metrics...
[2025-09-21T15:45:15.551+0000] {log.py:232} WARNING - [2025-09-21 15:45:15,550] INFO - crypto_etl - Data transformation complete
[2025-09-21T15:45:15.550+0000] {transform.py:32} INFO - Data transformation complete
[2025-09-21T15:45:15.570+0000] {log.py:232} WARNING - [2025-09-21 15:45:15,569] INFO - crypto_etl - Upserted 6 rows into processed_prices
[2025-09-21T15:45:15.569+0000] {load.py:45} INFO - Upserted 6 rows into processed_prices
[2025-09-21T15:45:15.581+0000] {log.py:232} WARNING - [2025-09-21 15:45:15,581] INFO - crypto_etl - Marked raw-data/2025/09/21/14/crypto_data_20250921_14.csv as completed with 6 records
[2025-09-21T15:45:15.581+0000] {file_processor.py:61} INFO - Marked raw-data/2025/09/21/14/crypto_data_20250921_14.csv as completed with 6 records
[2025-09-21T15:45:15.583+0000] {logging_mixin.py:188} INFO - ✓ Successfully processed: raw-data/2025/09/21/14/crypto_data_20250921_14.csv (6 records)
[2025-09-21T15:45:15.586+0000] {log.py:232} WARNING - [2025-09-21 15:45:15,585] INFO - crypto_etl - Starting data transformation...
[2025-09-21T15:45:15.585+0000] {transform.py:27} INFO - Starting data transformation...
[2025-09-21T15:45:15.589+0000] {log.py:232} WARNING - [2025-09-21 15:45:15,588] INFO - crypto_etl - Adding derived metrics...
[2025-09-21T15:45:15.588+0000] {transform.py:14} INFO - Adding derived metrics...
[2025-09-21T15:45:15.604+0000] {log.py:232} WARNING - [2025-09-21 15:45:15,604] INFO - crypto_etl - Data transformation complete
[2025-09-21T15:45:15.604+0000] {transform.py:32} INFO - Data transformation complete
[2025-09-21T15:45:15.616+0000] {log.py:232} WARNING - [2025-09-21 15:45:15,615] INFO - crypto_etl - Upserted 6 rows into processed_prices
[2025-09-21T15:45:15.615+0000] {load.py:45} INFO - Upserted 6 rows into processed_prices
[2025-09-21T15:45:15.627+0000] {log.py:232} WARNING - [2025-09-21 15:45:15,626] INFO - crypto_etl - Marked raw-data/2025/09/21/15/crypto_data_20250921_15.csv as completed with 6 records
[2025-09-21T15:45:15.626+0000] {file_processor.py:61} INFO - Marked raw-data/2025/09/21/15/crypto_data_20250921_15.csv as completed with 6 records
[2025-09-21T15:45:15.629+0000] {logging_mixin.py:188} INFO - ✓ Successfully processed: raw-data/2025/09/21/15/crypto_data_20250921_15.csv (6 records)
[2025-09-21T15:45:15.678+0000] {python.py:201} INFO - Done. Returned value was: Processed 2 files successfully, 12 total records
[2025-09-21T15:45:15.719+0000] {taskinstance.py:1138} INFO - Marking task as SUCCESS. dag_id=crypto_etl_main, task_id=transform_data, execution_date=20250921T153000, start_date=20250921T154515, end_date=20250921T154515
[2025-09-21T15:45:15.778+0000] {local_task_job_runner.py:234} INFO - Task exited with return code 0
[2025-09-21T15:45:15.821+0000] {taskinstance.py:3280} INFO - 1 downstream tasks scheduled from follow-on schedule check
