[2025-09-21T17:15:03.763+0000] {taskinstance.py:1956} INFO - Dependencies all met for dep_context=non-requeueable deps ti=<TaskInstance: crypto_etl_main.check_new_files scheduled__2025-09-21T17:00:00+00:00 [queued]>
[2025-09-21T17:15:03.802+0000] {taskinstance.py:1956} INFO - Dependencies all met for dep_context=requeueable deps ti=<TaskInstance: crypto_etl_main.check_new_files scheduled__2025-09-21T17:00:00+00:00 [queued]>
[2025-09-21T17:15:03.803+0000] {taskinstance.py:2170} INFO - Starting attempt 1 of 2
[2025-09-21T17:15:03.841+0000] {taskinstance.py:2191} INFO - Executing <Task(BranchPythonOperator): check_new_files> on 2025-09-21 17:00:00+00:00
[2025-09-21T17:15:03.856+0000] {standard_task_runner.py:60} INFO - Started process 1502 to run task
[2025-09-21T17:15:03.864+0000] {standard_task_runner.py:87} INFO - Running: ['***', 'tasks', 'run', 'crypto_etl_main', 'check_new_files', 'scheduled__2025-09-21T17:00:00+00:00', '--job-id', '51', '--raw', '--subdir', 'DAGS_FOLDER/crypto_etl_dag.py', '--cfg-path', '/tmp/tmpn4_b1lxf']
[2025-09-21T17:15:03.873+0000] {standard_task_runner.py:88} INFO - Job 51: Subtask check_new_files
[2025-09-21T17:15:04.017+0000] {task_command.py:423} INFO - Running <TaskInstance: crypto_etl_main.check_new_files scheduled__2025-09-21T17:00:00+00:00 [running]> on host e55d1e17d5c4
[2025-09-21T17:15:04.233+0000] {taskinstance.py:2480} INFO - Exporting env vars: AIRFLOW_CTX_DAG_OWNER='data-team' AIRFLOW_CTX_DAG_ID='crypto_etl_main' AIRFLOW_CTX_TASK_ID='check_new_files' AIRFLOW_CTX_EXECUTION_DATE='2025-09-21T17:00:00+00:00' AIRFLOW_CTX_TRY_NUMBER='1' AIRFLOW_CTX_DAG_RUN_ID='scheduled__2025-09-21T17:00:00+00:00'
[2025-09-21T17:15:04.470+0000] {log.py:232} WARNING - [2025-09-21 17:15:04,469] INFO - crypto_etl - Listing files from bucket crypto-data with prefix 'raw-data/'
[2025-09-21T17:15:04.469+0000] {extract.py:23} INFO - Listing files from bucket crypto-data with prefix 'raw-data/'
[2025-09-21T17:15:04.525+0000] {log.py:232} WARNING - [2025-09-21 17:15:04,524] INFO - crypto_etl - Found 73 CSV files
[2025-09-21T17:15:04.524+0000] {extract.py:27} INFO - Found 73 CSV files
[2025-09-21T17:15:04.539+0000] {log.py:232} WARNING - [2025-09-21 17:15:04,538] INFO - crypto_etl - Found 0 unprocessed files out of 73 total
[2025-09-21T17:15:04.538+0000] {file_processor.py:24} INFO - Found 0 unprocessed files out of 73 total
[2025-09-21T17:15:04.541+0000] {logging_mixin.py:188} INFO - No new files to process
[2025-09-21T17:15:04.543+0000] {python.py:201} INFO - Done. Returned value was: no_new_files
[2025-09-21T17:15:04.544+0000] {branch.py:35} INFO - Branch into no_new_files
[2025-09-21T17:15:04.545+0000] {skipmixin.py:178} INFO - Following branch no_new_files
[2025-09-21T17:15:04.579+0000] {skipmixin.py:244} INFO - Skipping tasks [('validate_files', -1)]
[2025-09-21T17:15:04.685+0000] {taskinstance.py:1138} INFO - Marking task as SUCCESS. dag_id=crypto_etl_main, task_id=check_new_files, execution_date=20250921T170000, start_date=20250921T171503, end_date=20250921T171504
[2025-09-21T17:15:04.766+0000] {local_task_job_runner.py:234} INFO - Task exited with return code 0
[2025-09-21T17:15:04.844+0000] {taskinstance.py:3280} INFO - 0 downstream tasks scheduled from follow-on schedule check
