[2025-09-21T18:12:20.391+0000] {taskinstance.py:1956} INFO - Dependencies all met for dep_context=non-requeueable deps ti=<TaskInstance: crypto_etl_main.send_success_notification manual__2025-09-21T18:12:02.881226+00:00 [queued]>
[2025-09-21T18:12:20.413+0000] {taskinstance.py:1956} INFO - Dependencies all met for dep_context=requeueable deps ti=<TaskInstance: crypto_etl_main.send_success_notification manual__2025-09-21T18:12:02.881226+00:00 [queued]>
[2025-09-21T18:12:20.415+0000] {taskinstance.py:2170} INFO - Starting attempt 1 of 2
[2025-09-21T18:12:20.460+0000] {taskinstance.py:2191} INFO - Executing <Task(PythonOperator): send_success_notification> on 2025-09-21 18:12:02.881226+00:00
[2025-09-21T18:12:20.481+0000] {standard_task_runner.py:60} INFO - Started process 2344 to run task
[2025-09-21T18:12:20.491+0000] {standard_task_runner.py:87} INFO - Running: ['***', 'tasks', 'run', 'crypto_etl_main', 'send_success_notification', 'manual__2025-09-21T18:12:02.881226+00:00', '--job-id', '65', '--raw', '--subdir', 'DAGS_FOLDER/crypto_etl_dag.py', '--cfg-path', '/tmp/tmp58zazeyz']
[2025-09-21T18:12:20.498+0000] {standard_task_runner.py:88} INFO - Job 65: Subtask send_success_notification
[2025-09-21T18:12:20.621+0000] {task_command.py:423} INFO - Running <TaskInstance: crypto_etl_main.send_success_notification manual__2025-09-21T18:12:02.881226+00:00 [running]> on host e55d1e17d5c4
[2025-09-21T18:12:20.864+0000] {taskinstance.py:2480} INFO - Exporting env vars: AIRFLOW_CTX_DAG_OWNER='data-team' AIRFLOW_CTX_DAG_ID='crypto_etl_main' AIRFLOW_CTX_TASK_ID='send_success_notification' AIRFLOW_CTX_EXECUTION_DATE='2025-09-21T18:12:02.881226+00:00' AIRFLOW_CTX_TRY_NUMBER='1' AIRFLOW_CTX_DAG_RUN_ID='manual__2025-09-21T18:12:02.881226+00:00'
[2025-09-21T18:12:20.929+0000] {warnings.py:109} WARNING - /home/***/.local/lib/python3.8/site-packages/***/utils/context.py:315: AirflowContextDeprecationWarning: Accessing 'execution_date' from the template is deprecated and will be removed in a future version. Please use 'data_interval_start' or 'logical_date' instead.
  warnings.warn(_create_deprecation_warning(k, replacements))

[2025-09-21T18:12:20.931+0000] {logging_mixin.py:188} INFO - 
    ETL Pipeline Execution Summary:
    
    ✅ Successfully processed: 1 files
    ❌ Failed: 0 files  
    📊 Total records processed: 6
    
    Execution Date: 2025-09-21 18:12:02.881226+00:00
    DAG: crypto_etl_main
    
[2025-09-21T18:12:20.932+0000] {python.py:201} INFO - Done. Returned value was: 
    ETL Pipeline Execution Summary:
    
    ✅ Successfully processed: 1 files
    ❌ Failed: 0 files  
    📊 Total records processed: 6
    
    Execution Date: 2025-09-21 18:12:02.881226+00:00
    DAG: crypto_etl_main
    
[2025-09-21T18:12:20.987+0000] {taskinstance.py:1138} INFO - Marking task as SUCCESS. dag_id=crypto_etl_main, task_id=send_success_notification, execution_date=20250921T181202, start_date=20250921T181220, end_date=20250921T181220
[2025-09-21T18:12:21.071+0000] {local_task_job_runner.py:234} INFO - Task exited with return code 0
[2025-09-21T18:12:21.128+0000] {taskinstance.py:3280} INFO - 0 downstream tasks scheduled from follow-on schedule check
