[2025-09-21T18:45:02.650+0000] {taskinstance.py:1956} INFO - Dependencies all met for dep_context=non-requeueable deps ti=<TaskInstance: crypto_etl_main.check_new_files scheduled__2025-09-21T18:30:00+00:00 [queued]>
[2025-09-21T18:45:02.664+0000] {taskinstance.py:1956} INFO - Dependencies all met for dep_context=requeueable deps ti=<TaskInstance: crypto_etl_main.check_new_files scheduled__2025-09-21T18:30:00+00:00 [queued]>
[2025-09-21T18:45:02.665+0000] {taskinstance.py:2170} INFO - Starting attempt 1 of 2
[2025-09-21T18:45:02.694+0000] {taskinstance.py:2191} INFO - Executing <Task(BranchPythonOperator): check_new_files> on 2025-09-21 18:30:00+00:00
[2025-09-21T18:45:02.703+0000] {standard_task_runner.py:60} INFO - Started process 2809 to run task
[2025-09-21T18:45:02.708+0000] {standard_task_runner.py:87} INFO - Running: ['***', 'tasks', 'run', 'crypto_etl_main', 'check_new_files', 'scheduled__2025-09-21T18:30:00+00:00', '--job-id', '68', '--raw', '--subdir', 'DAGS_FOLDER/crypto_etl_dag.py', '--cfg-path', '/tmp/tmpo2nzpspx']
[2025-09-21T18:45:02.713+0000] {standard_task_runner.py:88} INFO - Job 68: Subtask check_new_files
[2025-09-21T18:45:02.786+0000] {task_command.py:423} INFO - Running <TaskInstance: crypto_etl_main.check_new_files scheduled__2025-09-21T18:30:00+00:00 [running]> on host e55d1e17d5c4
[2025-09-21T18:45:02.924+0000] {taskinstance.py:2480} INFO - Exporting env vars: AIRFLOW_CTX_DAG_OWNER='data-team' AIRFLOW_CTX_DAG_ID='crypto_etl_main' AIRFLOW_CTX_TASK_ID='check_new_files' AIRFLOW_CTX_EXECUTION_DATE='2025-09-21T18:30:00+00:00' AIRFLOW_CTX_TRY_NUMBER='1' AIRFLOW_CTX_DAG_RUN_ID='scheduled__2025-09-21T18:30:00+00:00'
[2025-09-21T18:45:03.104+0000] {log.py:232} WARNING - [2025-09-21 18:45:03,103] INFO - crypto_etl - Listing files from bucket crypto-data with prefix 'raw-data/'
[2025-09-21T18:45:03.103+0000] {extract.py:23} INFO - Listing files from bucket crypto-data with prefix 'raw-data/'
[2025-09-21T18:45:03.138+0000] {log.py:232} WARNING - [2025-09-21 18:45:03,138] INFO - crypto_etl - Found 75 CSV files
[2025-09-21T18:45:03.138+0000] {extract.py:27} INFO - Found 75 CSV files
[2025-09-21T18:45:03.148+0000] {log.py:232} WARNING - [2025-09-21 18:45:03,147] INFO - crypto_etl - Found 0 unprocessed files out of 75 total
[2025-09-21T18:45:03.147+0000] {file_processor.py:24} INFO - Found 0 unprocessed files out of 75 total
[2025-09-21T18:45:03.150+0000] {logging_mixin.py:188} INFO - No new files to process
[2025-09-21T18:45:03.151+0000] {python.py:201} INFO - Done. Returned value was: no_new_files
[2025-09-21T18:45:03.152+0000] {branch.py:35} INFO - Branch into no_new_files
[2025-09-21T18:45:03.154+0000] {skipmixin.py:178} INFO - Following branch no_new_files
[2025-09-21T18:45:03.183+0000] {skipmixin.py:244} INFO - Skipping tasks [('validate_files', -1)]
[2025-09-21T18:45:03.258+0000] {taskinstance.py:1138} INFO - Marking task as SUCCESS. dag_id=crypto_etl_main, task_id=check_new_files, execution_date=20250921T183000, start_date=20250921T184502, end_date=20250921T184503
[2025-09-21T18:45:03.324+0000] {local_task_job_runner.py:234} INFO - Task exited with return code 0
[2025-09-21T18:45:03.377+0000] {taskinstance.py:3280} INFO - 0 downstream tasks scheduled from follow-on schedule check
