[2025-09-21T11:12:57.872+0000] {taskinstance.py:1956} INFO - Dependencies all met for dep_context=non-requeueable deps ti=<TaskInstance: crypto_etl_main.check_new_files scheduled__2025-09-20T22:30:00+00:00 [queued]>
[2025-09-21T11:12:57.899+0000] {taskinstance.py:1956} INFO - Dependencies all met for dep_context=requeueable deps ti=<TaskInstance: crypto_etl_main.check_new_files scheduled__2025-09-20T22:30:00+00:00 [queued]>
[2025-09-21T11:12:57.900+0000] {taskinstance.py:2170} INFO - Starting attempt 1 of 2
[2025-09-21T11:12:57.953+0000] {taskinstance.py:2191} INFO - Executing <Task(BranchPythonOperator): check_new_files> on 2025-09-20 22:30:00+00:00
[2025-09-21T11:12:57.966+0000] {standard_task_runner.py:60} INFO - Started process 83 to run task
[2025-09-21T11:12:57.976+0000] {standard_task_runner.py:87} INFO - Running: ['***', 'tasks', 'run', 'crypto_etl_main', 'check_new_files', 'scheduled__2025-09-20T22:30:00+00:00', '--job-id', '161', '--raw', '--subdir', 'DAGS_FOLDER/crypto_etl_dag.py', '--cfg-path', '/tmp/tmpob9fppsw']
[2025-09-21T11:12:57.984+0000] {standard_task_runner.py:88} INFO - Job 161: Subtask check_new_files
[2025-09-21T11:12:58.105+0000] {task_command.py:423} INFO - Running <TaskInstance: crypto_etl_main.check_new_files scheduled__2025-09-20T22:30:00+00:00 [running]> on host 81634f637f1a
[2025-09-21T11:12:58.319+0000] {taskinstance.py:2480} INFO - Exporting env vars: AIRFLOW_CTX_DAG_OWNER='data-team' AIRFLOW_CTX_DAG_ID='crypto_etl_main' AIRFLOW_CTX_TASK_ID='check_new_files' AIRFLOW_CTX_EXECUTION_DATE='2025-09-20T22:30:00+00:00' AIRFLOW_CTX_TRY_NUMBER='1' AIRFLOW_CTX_DAG_RUN_ID='scheduled__2025-09-20T22:30:00+00:00'
[2025-09-21T11:12:58.653+0000] {log.py:232} WARNING - [2025-09-21 11:12:58,651] INFO - crypto_etl - Listing files from bucket crypto-data with prefix 'raw-data/'
[2025-09-21T11:12:58.651+0000] {extract.py:26} INFO - Listing files from bucket crypto-data with prefix 'raw-data/'
[2025-09-21T11:12:58.696+0000] {log.py:232} WARNING - [2025-09-21 11:12:58,695] INFO - crypto_etl - Found 9 CSV files
[2025-09-21T11:12:58.695+0000] {extract.py:30} INFO - Found 9 CSV files
[2025-09-21T11:12:58.721+0000] {log.py:232} WARNING - [2025-09-21 11:12:58,721] INFO - crypto_etl - Found 0 unprocessed files out of 9 total
[2025-09-21T11:12:58.721+0000] {file_processor.py:25} INFO - Found 0 unprocessed files out of 9 total
[2025-09-21T11:12:58.725+0000] {logging_mixin.py:188} INFO - No new files to process
[2025-09-21T11:12:58.727+0000] {python.py:201} INFO - Done. Returned value was: no_new_files
[2025-09-21T11:12:58.728+0000] {branch.py:35} INFO - Branch into no_new_files
[2025-09-21T11:12:58.729+0000] {skipmixin.py:178} INFO - Following branch no_new_files
[2025-09-21T11:12:58.778+0000] {skipmixin.py:244} INFO - Skipping tasks [('validate_files', -1)]
[2025-09-21T11:12:58.914+0000] {taskinstance.py:1138} INFO - Marking task as SUCCESS. dag_id=crypto_etl_main, task_id=check_new_files, execution_date=20250920T223000, start_date=20250921T111257, end_date=20250921T111258
[2025-09-21T11:12:58.958+0000] {local_task_job_runner.py:234} INFO - Task exited with return code 0
[2025-09-21T11:12:59.038+0000] {taskinstance.py:3280} INFO - 0 downstream tasks scheduled from follow-on schedule check
