[2025-09-21T15:45:11.722+0000] {taskinstance.py:1956} INFO - Dependencies all met for dep_context=non-requeueable deps ti=<TaskInstance: crypto_etl_main.extract_data scheduled__2025-09-21T15:30:00+00:00 [queued]>
[2025-09-21T15:45:11.736+0000] {taskinstance.py:1956} INFO - Dependencies all met for dep_context=requeueable deps ti=<TaskInstance: crypto_etl_main.extract_data scheduled__2025-09-21T15:30:00+00:00 [queued]>
[2025-09-21T15:45:11.737+0000] {taskinstance.py:2170} INFO - Starting attempt 1 of 2
[2025-09-21T15:45:11.761+0000] {taskinstance.py:2191} INFO - Executing <Task(PythonOperator): extract_data> on 2025-09-21 15:30:00+00:00
[2025-09-21T15:45:11.768+0000] {standard_task_runner.py:60} INFO - Started process 187 to run task
[2025-09-21T15:45:11.774+0000] {standard_task_runner.py:87} INFO - Running: ['***', 'tasks', 'run', 'crypto_etl_main', 'extract_data', 'scheduled__2025-09-21T15:30:00+00:00', '--job-id', '32', '--raw', '--subdir', 'DAGS_FOLDER/crypto_etl_dag.py', '--cfg-path', '/tmp/tmpu1sllmqd']
[2025-09-21T15:45:11.778+0000] {standard_task_runner.py:88} INFO - Job 32: Subtask extract_data
[2025-09-21T15:45:11.852+0000] {task_command.py:423} INFO - Running <TaskInstance: crypto_etl_main.extract_data scheduled__2025-09-21T15:30:00+00:00 [running]> on host e55d1e17d5c4
[2025-09-21T15:45:11.994+0000] {taskinstance.py:2480} INFO - Exporting env vars: AIRFLOW_CTX_DAG_OWNER='data-team' AIRFLOW_CTX_DAG_ID='crypto_etl_main' AIRFLOW_CTX_TASK_ID='extract_data' AIRFLOW_CTX_EXECUTION_DATE='2025-09-21T15:30:00+00:00' AIRFLOW_CTX_TRY_NUMBER='1' AIRFLOW_CTX_DAG_RUN_ID='scheduled__2025-09-21T15:30:00+00:00'
[2025-09-21T15:45:12.190+0000] {log.py:232} WARNING - [2025-09-21 15:45:12,189] INFO - crypto_etl - Reading CSV raw-data/2025/09/21/14/crypto_data_20250921_14.csv from bucket crypto-data
[2025-09-21T15:45:12.189+0000] {extract.py:37} INFO - Reading CSV raw-data/2025/09/21/14/crypto_data_20250921_14.csv from bucket crypto-data
[2025-09-21T15:45:12.211+0000] {log.py:232} WARNING - [2025-09-21 15:45:12,210] INFO - crypto_etl - Read CSV raw-data/2025/09/21/14/crypto_data_20250921_14.csv with 6 rows
[2025-09-21T15:45:12.210+0000] {extract.py:44} INFO - Read CSV raw-data/2025/09/21/14/crypto_data_20250921_14.csv with 6 rows
[2025-09-21T15:45:12.249+0000] {logging_mixin.py:188} INFO - ✓ Quality check passed: raw-data/2025/09/21/14/crypto_data_20250921_14.csv - {'total_records': 6, 'unique_symbols': 6, 'date_range': {'start': '2025-09-21T14:00:00+00:00', 'end': '2025-09-21T14:00:00+00:00'}, 'null_percentage': 0.0}
[2025-09-21T15:45:12.250+0000] {log.py:232} WARNING - [2025-09-21 15:45:12,250] INFO - crypto_etl - Reading CSV raw-data/2025/09/21/15/crypto_data_20250921_15.csv from bucket crypto-data
[2025-09-21T15:45:12.250+0000] {extract.py:37} INFO - Reading CSV raw-data/2025/09/21/15/crypto_data_20250921_15.csv from bucket crypto-data
[2025-09-21T15:45:12.260+0000] {log.py:232} WARNING - [2025-09-21 15:45:12,259] INFO - crypto_etl - Read CSV raw-data/2025/09/21/15/crypto_data_20250921_15.csv with 6 rows
[2025-09-21T15:45:12.259+0000] {extract.py:44} INFO - Read CSV raw-data/2025/09/21/15/crypto_data_20250921_15.csv with 6 rows
[2025-09-21T15:45:12.270+0000] {logging_mixin.py:188} INFO - ✓ Quality check passed: raw-data/2025/09/21/15/crypto_data_20250921_15.csv - {'total_records': 6, 'unique_symbols': 6, 'date_range': {'start': '2025-09-21T15:04:49.568324+00:00', 'end': '2025-09-21T15:04:49.568324+00:00'}, 'null_percentage': 0.0}
[2025-09-21T15:45:12.305+0000] {python.py:201} INFO - Done. Returned value was: Quality checked 2 files successfully
[2025-09-21T15:45:12.334+0000] {taskinstance.py:1138} INFO - Marking task as SUCCESS. dag_id=crypto_etl_main, task_id=extract_data, execution_date=20250921T153000, start_date=20250921T154511, end_date=20250921T154512
[2025-09-21T15:45:12.388+0000] {local_task_job_runner.py:234} INFO - Task exited with return code 0
[2025-09-21T15:45:12.429+0000] {taskinstance.py:3280} INFO - 1 downstream tasks scheduled from follow-on schedule check
