[2025-09-21T12:44:30.145+0000] {taskinstance.py:1956} INFO - Dependencies all met for dep_context=non-requeueable deps ti=<TaskInstance: crypto_etl_main.transform_data manual__2025-09-21T12:44:13.083031+00:00 [queued]>
[2025-09-21T12:44:30.174+0000] {taskinstance.py:1956} INFO - Dependencies all met for dep_context=requeueable deps ti=<TaskInstance: crypto_etl_main.transform_data manual__2025-09-21T12:44:13.083031+00:00 [queued]>
[2025-09-21T12:44:30.176+0000] {taskinstance.py:2170} INFO - Starting attempt 1 of 2
[2025-09-21T12:44:30.216+0000] {taskinstance.py:2191} INFO - Executing <Task(PythonOperator): transform_data> on 2025-09-21 12:44:13.083031+00:00
[2025-09-21T12:44:30.231+0000] {standard_task_runner.py:60} INFO - Started process 415 to run task
[2025-09-21T12:44:30.244+0000] {standard_task_runner.py:87} INFO - Running: ['***', 'tasks', 'run', 'crypto_etl_main', 'transform_data', 'manual__2025-09-21T12:44:13.083031+00:00', '--job-id', '11', '--raw', '--subdir', 'DAGS_FOLDER/crypto_etl_dag.py', '--cfg-path', '/tmp/tmpbsey1w51']
[2025-09-21T12:44:30.254+0000] {standard_task_runner.py:88} INFO - Job 11: Subtask transform_data
[2025-09-21T12:44:30.414+0000] {task_command.py:423} INFO - Running <TaskInstance: crypto_etl_main.transform_data manual__2025-09-21T12:44:13.083031+00:00 [running]> on host 7132667814f8
[2025-09-21T12:44:30.690+0000] {taskinstance.py:2480} INFO - Exporting env vars: AIRFLOW_CTX_DAG_OWNER='data-team' AIRFLOW_CTX_DAG_ID='crypto_etl_main' AIRFLOW_CTX_TASK_ID='transform_data' AIRFLOW_CTX_EXECUTION_DATE='2025-09-21T12:44:13.083031+00:00' AIRFLOW_CTX_TRY_NUMBER='1' AIRFLOW_CTX_DAG_RUN_ID='manual__2025-09-21T12:44:13.083031+00:00'
[2025-09-21T12:44:30.916+0000] {log.py:232} WARNING - [2025-09-21 12:44:30,915] INFO - crypto_etl - Starting data transformation...
[2025-09-21T12:44:30.915+0000] {transform.py:27} INFO - Starting data transformation...
[2025-09-21T12:44:30.924+0000] {log.py:232} WARNING - [2025-09-21 12:44:30,923] INFO - crypto_etl - Adding derived metrics...
[2025-09-21T12:44:30.923+0000] {transform.py:14} INFO - Adding derived metrics...
[2025-09-21T12:44:31.031+0000] {log.py:232} WARNING - [2025-09-21 12:44:31,030] INFO - crypto_etl - Data transformation complete
[2025-09-21T12:44:31.030+0000] {transform.py:32} INFO - Data transformation complete
[2025-09-21T12:44:31.054+0000] {log.py:232} WARNING - [2025-09-21 12:44:31,053] INFO - crypto_etl - Upserted 6 rows into processed_prices
[2025-09-21T12:44:31.053+0000] {load.py:44} INFO - Upserted 6 rows into processed_prices
[2025-09-21T12:44:31.070+0000] {log.py:232} WARNING - [2025-09-21 12:44:31,069] INFO - crypto_etl - Marked raw-data/2025/09/21/11/crypto_data_20250921_11.csv as completed with 6 records
[2025-09-21T12:44:31.069+0000] {file_processor.py:61} INFO - Marked raw-data/2025/09/21/11/crypto_data_20250921_11.csv as completed with 6 records
[2025-09-21T12:44:31.072+0000] {logging_mixin.py:188} INFO - ✓ Successfully processed: raw-data/2025/09/21/11/crypto_data_20250921_11.csv (6 records)
[2025-09-21T12:44:31.123+0000] {python.py:201} INFO - Done. Returned value was: Processed 1 files successfully, 6 total records
[2025-09-21T12:44:31.151+0000] {taskinstance.py:1138} INFO - Marking task as SUCCESS. dag_id=crypto_etl_main, task_id=transform_data, execution_date=20250921T124413, start_date=20250921T124430, end_date=20250921T124431
[2025-09-21T12:44:31.180+0000] {local_task_job_runner.py:234} INFO - Task exited with return code 0
[2025-09-21T12:44:31.229+0000] {taskinstance.py:3280} INFO - 1 downstream tasks scheduled from follow-on schedule check
