[2025-09-20T22:15:03.480+0000] {taskinstance.py:1956} INFO - Dependencies all met for dep_context=non-requeueable deps ti=<TaskInstance: crypto_etl_main.check_new_files scheduled__2025-09-20T22:00:00+00:00 [queued]>
[2025-09-20T22:15:03.495+0000] {taskinstance.py:1956} INFO - Dependencies all met for dep_context=requeueable deps ti=<TaskInstance: crypto_etl_main.check_new_files scheduled__2025-09-20T22:00:00+00:00 [queued]>
[2025-09-20T22:15:03.496+0000] {taskinstance.py:2170} INFO - Starting attempt 1 of 2
[2025-09-20T22:15:03.525+0000] {taskinstance.py:2191} INFO - Executing <Task(BranchPythonOperator): check_new_files> on 2025-09-20 22:00:00+00:00
[2025-09-20T22:15:03.535+0000] {standard_task_runner.py:60} INFO - Started process 555 to run task
[2025-09-20T22:15:03.541+0000] {standard_task_runner.py:87} INFO - Running: ['***', 'tasks', 'run', 'crypto_etl_main', 'check_new_files', 'scheduled__2025-09-20T22:00:00+00:00', '--job-id', '148', '--raw', '--subdir', 'DAGS_FOLDER/crypto_etl_dag.py', '--cfg-path', '/tmp/tmptn1ln6_2']
[2025-09-20T22:15:03.545+0000] {standard_task_runner.py:88} INFO - Job 148: Subtask check_new_files
[2025-09-20T22:15:03.624+0000] {task_command.py:423} INFO - Running <TaskInstance: crypto_etl_main.check_new_files scheduled__2025-09-20T22:00:00+00:00 [running]> on host 81634f637f1a
[2025-09-20T22:15:03.755+0000] {taskinstance.py:2480} INFO - Exporting env vars: AIRFLOW_CTX_DAG_OWNER='data-team' AIRFLOW_CTX_DAG_ID='crypto_etl_main' AIRFLOW_CTX_TASK_ID='check_new_files' AIRFLOW_CTX_EXECUTION_DATE='2025-09-20T22:00:00+00:00' AIRFLOW_CTX_TRY_NUMBER='1' AIRFLOW_CTX_DAG_RUN_ID='scheduled__2025-09-20T22:00:00+00:00'
[2025-09-20T22:15:03.902+0000] {log.py:232} WARNING - [2025-09-20 22:15:03,901] INFO - crypto_etl - Listing files from bucket crypto-data with prefix 'raw-data/'
[2025-09-20T22:15:03.901+0000] {extract.py:26} INFO - Listing files from bucket crypto-data with prefix 'raw-data/'
[2025-09-20T22:15:03.921+0000] {log.py:232} WARNING - [2025-09-20 22:15:03,921] INFO - crypto_etl - Found 8 CSV files
[2025-09-20T22:15:03.921+0000] {extract.py:30} INFO - Found 8 CSV files
[2025-09-20T22:15:03.930+0000] {log.py:232} WARNING - [2025-09-20 22:15:03,930] INFO - crypto_etl - Found 1 unprocessed files out of 8 total
[2025-09-20T22:15:03.930+0000] {file_processor.py:25} INFO - Found 1 unprocessed files out of 8 total
[2025-09-20T22:15:03.932+0000] {logging_mixin.py:188} INFO - Found 1 new files to process
[2025-09-20T22:15:03.959+0000] {python.py:201} INFO - Done. Returned value was: validate_files
[2025-09-20T22:15:03.960+0000] {branch.py:35} INFO - Branch into validate_files
[2025-09-20T22:15:03.960+0000] {skipmixin.py:178} INFO - Following branch validate_files
[2025-09-20T22:15:03.987+0000] {skipmixin.py:244} INFO - Skipping tasks [('no_new_files', -1)]
[2025-09-20T22:15:04.058+0000] {taskinstance.py:1138} INFO - Marking task as SUCCESS. dag_id=crypto_etl_main, task_id=check_new_files, execution_date=20250920T220000, start_date=20250920T221503, end_date=20250920T221504
[2025-09-20T22:15:04.116+0000] {local_task_job_runner.py:234} INFO - Task exited with return code 0
[2025-09-20T22:15:04.176+0000] {taskinstance.py:3280} INFO - 1 downstream tasks scheduled from follow-on schedule check
