[2025-09-21T12:15:04.068+0000] {taskinstance.py:1956} INFO - Dependencies all met for dep_context=non-requeueable deps ti=<TaskInstance: crypto_etl_main.check_new_files scheduled__2025-09-21T12:00:00+00:00 [queued]>
[2025-09-21T12:15:04.087+0000] {taskinstance.py:1956} INFO - Dependencies all met for dep_context=requeueable deps ti=<TaskInstance: crypto_etl_main.check_new_files scheduled__2025-09-21T12:00:00+00:00 [queued]>
[2025-09-21T12:15:04.089+0000] {taskinstance.py:2170} INFO - Starting attempt 1 of 2
[2025-09-21T12:15:04.141+0000] {taskinstance.py:2191} INFO - Executing <Task(BranchPythonOperator): check_new_files> on 2025-09-21 12:00:00+00:00
[2025-09-21T12:15:04.161+0000] {standard_task_runner.py:60} INFO - Started process 498 to run task
[2025-09-21T12:15:04.178+0000] {standard_task_runner.py:87} INFO - Running: ['***', 'tasks', 'run', 'crypto_etl_main', 'check_new_files', 'scheduled__2025-09-21T12:00:00+00:00', '--job-id', '180', '--raw', '--subdir', 'DAGS_FOLDER/crypto_etl_dag.py', '--cfg-path', '/tmp/tmpfg_rlrv5']
[2025-09-21T12:15:04.193+0000] {standard_task_runner.py:88} INFO - Job 180: Subtask check_new_files
[2025-09-21T12:15:04.440+0000] {task_command.py:423} INFO - Running <TaskInstance: crypto_etl_main.check_new_files scheduled__2025-09-21T12:00:00+00:00 [running]> on host 81634f637f1a
[2025-09-21T12:15:04.619+0000] {taskinstance.py:2480} INFO - Exporting env vars: AIRFLOW_CTX_DAG_OWNER='data-team' AIRFLOW_CTX_DAG_ID='crypto_etl_main' AIRFLOW_CTX_TASK_ID='check_new_files' AIRFLOW_CTX_EXECUTION_DATE='2025-09-21T12:00:00+00:00' AIRFLOW_CTX_TRY_NUMBER='1' AIRFLOW_CTX_DAG_RUN_ID='scheduled__2025-09-21T12:00:00+00:00'
[2025-09-21T12:15:04.780+0000] {log.py:232} WARNING - [2025-09-21 12:15:04,773] INFO - crypto_etl - Listing files from bucket crypto-data with prefix 'raw-data/'
[2025-09-21T12:15:04.773+0000] {extract.py:26} INFO - Listing files from bucket crypto-data with prefix 'raw-data/'
[2025-09-21T12:15:04.803+0000] {log.py:232} WARNING - [2025-09-21 12:15:04,802] INFO - crypto_etl - Found 11 CSV files
[2025-09-21T12:15:04.802+0000] {extract.py:30} INFO - Found 11 CSV files
[2025-09-21T12:15:04.806+0000] {taskinstance.py:2698} ERROR - Task failed with exception
Traceback (most recent call last):
  File "/home/airflow/.local/lib/python3.8/site-packages/airflow/models/taskinstance.py", line 433, in _execute_task
    result = execute_callable(context=context, **execute_callable_kwargs)
  File "/home/airflow/.local/lib/python3.8/site-packages/airflow/operators/python.py", line 233, in execute
    return self.do_branch(context, super().execute(context))
  File "/home/airflow/.local/lib/python3.8/site-packages/airflow/operators/python.py", line 199, in execute
    return_value = self.execute_callable()
  File "/home/airflow/.local/lib/python3.8/site-packages/airflow/operators/python.py", line 216, in execute_callable
    return self.python_callable(*self.op_args, **self.op_kwargs)
  File "/opt/airflow/dags/crypto_etl_dag.py", line 42, in check_new_files
    unprocessed_files = processor.get_unprocessed_files(all_files)
  File "/opt/airflow/dags/etl/file_processor.py", line 17, in get_unprocessed_files
    conn = psycopg2.connect(self.db_conn)
  File "/home/airflow/.local/lib/python3.8/site-packages/psycopg2/__init__.py", line 122, in connect
    conn = _connect(dsn, connection_factory=connection_factory, **kwasync)
psycopg2.OperationalError: connection to server at "172.18.0.1", port 5433 failed: Connection refused
	Is the server running on that host and accepting TCP/IP connections?

[2025-09-21T12:15:04.861+0000] {taskinstance.py:1138} INFO - Marking task as UP_FOR_RETRY. dag_id=crypto_etl_main, task_id=check_new_files, execution_date=20250921T120000, start_date=20250921T121504, end_date=20250921T121504
[2025-09-21T12:15:04.904+0000] {standard_task_runner.py:107} ERROR - Failed to execute job 180 for task check_new_files (connection to server at "172.18.0.1", port 5433 failed: Connection refused
	Is the server running on that host and accepting TCP/IP connections?
; 498)
[2025-09-21T12:15:04.956+0000] {local_task_job_runner.py:234} INFO - Task exited with return code 1
[2025-09-21T12:15:05.074+0000] {taskinstance.py:3280} INFO - 0 downstream tasks scheduled from follow-on schedule check
