[2025-09-21T20:03:11.236+0000] {taskinstance.py:1956} INFO - Dependencies all met for dep_context=non-requeueable deps ti=<TaskInstance: crypto_etl_main.check_new_files scheduled__2025-09-21T19:45:00+00:00 [queued]>
[2025-09-21T20:03:11.254+0000] {taskinstance.py:1956} INFO - Dependencies all met for dep_context=requeueable deps ti=<TaskInstance: crypto_etl_main.check_new_files scheduled__2025-09-21T19:45:00+00:00 [queued]>
[2025-09-21T20:03:11.255+0000] {taskinstance.py:2170} INFO - Starting attempt 1 of 2
[2025-09-21T20:03:11.287+0000] {taskinstance.py:2191} INFO - Executing <Task(BranchPythonOperator): check_new_files> on 2025-09-21 19:45:00+00:00
[2025-09-21T20:03:11.299+0000] {standard_task_runner.py:60} INFO - Started process 3033 to run task
[2025-09-21T20:03:11.304+0000] {standard_task_runner.py:87} INFO - Running: ['***', 'tasks', 'run', 'crypto_etl_main', 'check_new_files', 'scheduled__2025-09-21T19:45:00+00:00', '--job-id', '72', '--raw', '--subdir', 'DAGS_FOLDER/crypto_etl_dag.py', '--cfg-path', '/tmp/tmpkh3fiwtf']
[2025-09-21T20:03:11.312+0000] {standard_task_runner.py:88} INFO - Job 72: Subtask check_new_files
[2025-09-21T20:03:11.406+0000] {task_command.py:423} INFO - Running <TaskInstance: crypto_etl_main.check_new_files scheduled__2025-09-21T19:45:00+00:00 [running]> on host e55d1e17d5c4
[2025-09-21T20:03:11.582+0000] {taskinstance.py:2480} INFO - Exporting env vars: AIRFLOW_CTX_DAG_OWNER='data-team' AIRFLOW_CTX_DAG_ID='crypto_etl_main' AIRFLOW_CTX_TASK_ID='check_new_files' AIRFLOW_CTX_EXECUTION_DATE='2025-09-21T19:45:00+00:00' AIRFLOW_CTX_TRY_NUMBER='1' AIRFLOW_CTX_DAG_RUN_ID='scheduled__2025-09-21T19:45:00+00:00'
[2025-09-21T20:03:11.822+0000] {log.py:232} WARNING - [2025-09-21 20:03:11,821] INFO - crypto_etl - Listing files from bucket crypto-data with prefix 'raw-data/'
[2025-09-21T20:03:11.821+0000] {extract.py:23} INFO - Listing files from bucket crypto-data with prefix 'raw-data/'
[2025-09-21T20:03:11.874+0000] {log.py:232} WARNING - [2025-09-21 20:03:11,873] INFO - crypto_etl - Found 76 CSV files
[2025-09-21T20:03:11.873+0000] {extract.py:27} INFO - Found 76 CSV files
[2025-09-21T20:03:11.885+0000] {log.py:232} WARNING - [2025-09-21 20:03:11,885] INFO - crypto_etl - Found 1 unprocessed files out of 76 total
[2025-09-21T20:03:11.885+0000] {file_processor.py:24} INFO - Found 1 unprocessed files out of 76 total
[2025-09-21T20:03:11.887+0000] {logging_mixin.py:188} INFO - Found 1 new files to process
[2025-09-21T20:03:11.916+0000] {python.py:201} INFO - Done. Returned value was: validate_files
[2025-09-21T20:03:11.917+0000] {branch.py:35} INFO - Branch into validate_files
[2025-09-21T20:03:11.918+0000] {skipmixin.py:178} INFO - Following branch validate_files
[2025-09-21T20:03:11.948+0000] {skipmixin.py:244} INFO - Skipping tasks [('no_new_files', -1)]
[2025-09-21T20:03:12.032+0000] {taskinstance.py:1138} INFO - Marking task as SUCCESS. dag_id=crypto_etl_main, task_id=check_new_files, execution_date=20250921T194500, start_date=20250921T200311, end_date=20250921T200312
[2025-09-21T20:03:12.080+0000] {local_task_job_runner.py:234} INFO - Task exited with return code 0
[2025-09-21T20:03:12.164+0000] {taskinstance.py:3280} INFO - 1 downstream tasks scheduled from follow-on schedule check
