[2025-09-21T12:00:03.292+0000] {taskinstance.py:1956} INFO - Dependencies all met for dep_context=non-requeueable deps ti=<TaskInstance: crypto_data_generator.generate_and_upload_crypto_data scheduled__2025-09-21T11:00:00+00:00 [queued]>
[2025-09-21T12:00:03.310+0000] {taskinstance.py:1956} INFO - Dependencies all met for dep_context=requeueable deps ti=<TaskInstance: crypto_data_generator.generate_and_upload_crypto_data scheduled__2025-09-21T11:00:00+00:00 [queued]>
[2025-09-21T12:00:03.311+0000] {taskinstance.py:2170} INFO - Starting attempt 1 of 3
[2025-09-21T12:00:03.346+0000] {taskinstance.py:2191} INFO - Executing <Task(PythonOperator): generate_and_upload_crypto_data> on 2025-09-21 11:00:00+00:00
[2025-09-21T12:00:03.356+0000] {standard_task_runner.py:60} INFO - Started process 287 to run task
[2025-09-21T12:00:03.367+0000] {standard_task_runner.py:87} INFO - Running: ['***', 'tasks', 'run', 'crypto_data_generator', 'generate_and_upload_crypto_data', 'scheduled__2025-09-21T11:00:00+00:00', '--job-id', '176', '--raw', '--subdir', 'DAGS_FOLDER/crypto_data_generator_dag.py', '--cfg-path', '/tmp/tmpxv8an21f']
[2025-09-21T12:00:03.371+0000] {standard_task_runner.py:88} INFO - Job 176: Subtask generate_and_upload_crypto_data
[2025-09-21T12:00:03.489+0000] {task_command.py:423} INFO - Running <TaskInstance: crypto_data_generator.generate_and_upload_crypto_data scheduled__2025-09-21T11:00:00+00:00 [running]> on host 81634f637f1a
[2025-09-21T12:00:03.642+0000] {taskinstance.py:2480} INFO - Exporting env vars: AIRFLOW_CTX_DAG_OWNER='data-team' AIRFLOW_CTX_DAG_ID='crypto_data_generator' AIRFLOW_CTX_TASK_ID='generate_and_upload_crypto_data' AIRFLOW_CTX_EXECUTION_DATE='2025-09-21T11:00:00+00:00' AIRFLOW_CTX_TRY_NUMBER='1' AIRFLOW_CTX_DAG_RUN_ID='scheduled__2025-09-21T11:00:00+00:00'
[2025-09-21T12:00:03.647+0000] {warnings.py:109} WARNING - /home/***/.local/lib/python3.8/site-packages/***/utils/context.py:315: AirflowContextDeprecationWarning: Accessing 'execution_date' from the template is deprecated and will be removed in a future version. Please use 'data_interval_start' or 'logical_date' instead.
  warnings.warn(_create_deprecation_warning(k, replacements))

[2025-09-21T12:00:03.649+0000] {logging_mixin.py:188} INFO - Generated /tmp/crypto_data_20250921_11.csv
[2025-09-21T12:00:03.672+0000] {logging_mixin.py:188} INFO - Uploaded /tmp/crypto_data_20250921_11.csv to crypto-data/raw-data/2025/09/21/11/crypto_data_20250921_11.csv
[2025-09-21T12:00:03.673+0000] {python.py:201} INFO - Done. Returned value was: {'file_path': 'raw-data/2025/09/21/11/crypto_data_20250921_11.csv', 'records': 'generated'}
[2025-09-21T12:00:03.719+0000] {taskinstance.py:1138} INFO - Marking task as SUCCESS. dag_id=crypto_data_generator, task_id=generate_and_upload_crypto_data, execution_date=20250921T110000, start_date=20250921T120003, end_date=20250921T120003
[2025-09-21T12:00:03.778+0000] {local_task_job_runner.py:234} INFO - Task exited with return code 0
[2025-09-21T12:00:03.806+0000] {taskinstance.py:3280} INFO - 0 downstream tasks scheduled from follow-on schedule check
[2025-09-21T12:37:32.523+0000] {taskinstance.py:1956} INFO - Dependencies all met for dep_context=non-requeueable deps ti=<TaskInstance: crypto_data_generator.generate_and_upload_crypto_data scheduled__2025-09-21T11:00:00+00:00 [queued]>
[2025-09-21T12:37:32.539+0000] {taskinstance.py:1956} INFO - Dependencies all met for dep_context=requeueable deps ti=<TaskInstance: crypto_data_generator.generate_and_upload_crypto_data scheduled__2025-09-21T11:00:00+00:00 [queued]>
[2025-09-21T12:37:32.540+0000] {taskinstance.py:2170} INFO - Starting attempt 1 of 3
[2025-09-21T12:37:32.567+0000] {taskinstance.py:2191} INFO - Executing <Task(PythonOperator): generate_and_upload_crypto_data> on 2025-09-21 11:00:00+00:00
[2025-09-21T12:37:32.577+0000] {standard_task_runner.py:60} INFO - Started process 295 to run task
[2025-09-21T12:37:32.585+0000] {standard_task_runner.py:87} INFO - Running: ['***', 'tasks', 'run', 'crypto_data_generator', 'generate_and_upload_crypto_data', 'scheduled__2025-09-21T11:00:00+00:00', '--job-id', '3', '--raw', '--subdir', 'DAGS_FOLDER/crypto_data_generator_dag.py', '--cfg-path', '/tmp/tmplskqju9l']
[2025-09-21T12:37:32.588+0000] {standard_task_runner.py:88} INFO - Job 3: Subtask generate_and_upload_crypto_data
[2025-09-21T12:37:32.687+0000] {task_command.py:423} INFO - Running <TaskInstance: crypto_data_generator.generate_and_upload_crypto_data scheduled__2025-09-21T11:00:00+00:00 [running]> on host 7132667814f8
[2025-09-21T12:37:32.847+0000] {taskinstance.py:2480} INFO - Exporting env vars: AIRFLOW_CTX_DAG_OWNER='data-team' AIRFLOW_CTX_DAG_ID='crypto_data_generator' AIRFLOW_CTX_TASK_ID='generate_and_upload_crypto_data' AIRFLOW_CTX_EXECUTION_DATE='2025-09-21T11:00:00+00:00' AIRFLOW_CTX_TRY_NUMBER='1' AIRFLOW_CTX_DAG_RUN_ID='scheduled__2025-09-21T11:00:00+00:00'
[2025-09-21T12:37:32.851+0000] {warnings.py:109} WARNING - /home/***/.local/lib/python3.8/site-packages/***/utils/context.py:315: AirflowContextDeprecationWarning: Accessing 'execution_date' from the template is deprecated and will be removed in a future version. Please use 'data_interval_start' or 'logical_date' instead.
  warnings.warn(_create_deprecation_warning(k, replacements))

[2025-09-21T12:37:32.853+0000] {logging_mixin.py:188} INFO - Generated /tmp/crypto_data_20250921_11.csv
[2025-09-21T12:37:32.886+0000] {logging_mixin.py:188} INFO - Uploaded /tmp/crypto_data_20250921_11.csv to crypto-data/raw-data/2025/09/21/11/crypto_data_20250921_11.csv
[2025-09-21T12:37:32.888+0000] {python.py:201} INFO - Done. Returned value was: {'file_path': 'raw-data/2025/09/21/11/crypto_data_20250921_11.csv', 'records': 'generated'}
[2025-09-21T12:37:32.927+0000] {taskinstance.py:1138} INFO - Marking task as SUCCESS. dag_id=crypto_data_generator, task_id=generate_and_upload_crypto_data, execution_date=20250921T110000, start_date=20250921T123732, end_date=20250921T123732
[2025-09-21T12:37:32.998+0000] {local_task_job_runner.py:234} INFO - Task exited with return code 0
[2025-09-21T12:37:33.028+0000] {taskinstance.py:3280} INFO - 0 downstream tasks scheduled from follow-on schedule check
