[2025-09-19T15:30:03.826+0000] {taskinstance.py:1956} INFO - Dependencies all met for dep_context=non-requeueable deps ti=<TaskInstance: crypto_etl_main.check_new_files scheduled__2025-09-19T15:15:00+00:00 [queued]>
[2025-09-19T15:30:03.842+0000] {taskinstance.py:1956} INFO - Dependencies all met for dep_context=requeueable deps ti=<TaskInstance: crypto_etl_main.check_new_files scheduled__2025-09-19T15:15:00+00:00 [queued]>
[2025-09-19T15:30:03.843+0000] {taskinstance.py:2170} INFO - Starting attempt 1 of 2
[2025-09-19T15:30:03.868+0000] {taskinstance.py:2191} INFO - Executing <Task(BranchPythonOperator): check_new_files> on 2025-09-19 15:15:00+00:00
[2025-09-19T15:30:03.876+0000] {standard_task_runner.py:60} INFO - Started process 2029 to run task
[2025-09-19T15:30:03.884+0000] {standard_task_runner.py:87} INFO - Running: ['***', 'tasks', 'run', 'crypto_etl_main', 'check_new_files', 'scheduled__2025-09-19T15:15:00+00:00', '--job-id', '127', '--raw', '--subdir', 'DAGS_FOLDER/crypto_etl_dag.py', '--cfg-path', '/tmp/tmpotua_cof']
[2025-09-19T15:30:03.889+0000] {standard_task_runner.py:88} INFO - Job 127: Subtask check_new_files
[2025-09-19T15:30:03.966+0000] {task_command.py:423} INFO - Running <TaskInstance: crypto_etl_main.check_new_files scheduled__2025-09-19T15:15:00+00:00 [running]> on host ed735ff6f76b
[2025-09-19T15:30:04.114+0000] {taskinstance.py:2480} INFO - Exporting env vars: AIRFLOW_CTX_DAG_OWNER='data-team' AIRFLOW_CTX_DAG_ID='crypto_etl_main' AIRFLOW_CTX_TASK_ID='check_new_files' AIRFLOW_CTX_EXECUTION_DATE='2025-09-19T15:15:00+00:00' AIRFLOW_CTX_TRY_NUMBER='1' AIRFLOW_CTX_DAG_RUN_ID='scheduled__2025-09-19T15:15:00+00:00'
[2025-09-19T15:30:04.263+0000] {log.py:232} WARNING - [2025-09-19 15:30:04,262] INFO - crypto_etl - Listing files from bucket crypto-data with prefix 'raw-data/'
[2025-09-19T15:30:04.262+0000] {extract.py:26} INFO - Listing files from bucket crypto-data with prefix 'raw-data/'
[2025-09-19T15:30:04.278+0000] {log.py:232} WARNING - [2025-09-19 15:30:04,277] INFO - crypto_etl - Found 5 CSV files
[2025-09-19T15:30:04.277+0000] {extract.py:30} INFO - Found 5 CSV files
[2025-09-19T15:30:04.286+0000] {log.py:232} WARNING - [2025-09-19 15:30:04,286] INFO - crypto_etl - Found 0 unprocessed files out of 5 total
[2025-09-19T15:30:04.286+0000] {file_processor.py:25} INFO - Found 0 unprocessed files out of 5 total
[2025-09-19T15:30:04.288+0000] {logging_mixin.py:188} INFO - No new files to process
[2025-09-19T15:30:04.289+0000] {python.py:201} INFO - Done. Returned value was: no_new_files
[2025-09-19T15:30:04.290+0000] {branch.py:35} INFO - Branch into no_new_files
[2025-09-19T15:30:04.291+0000] {skipmixin.py:178} INFO - Following branch no_new_files
[2025-09-19T15:30:04.317+0000] {skipmixin.py:244} INFO - Skipping tasks [('validate_files', -1)]
[2025-09-19T15:30:04.387+0000] {taskinstance.py:1138} INFO - Marking task as SUCCESS. dag_id=crypto_etl_main, task_id=check_new_files, execution_date=20250919T151500, start_date=20250919T153003, end_date=20250919T153004
[2025-09-19T15:30:04.416+0000] {local_task_job_runner.py:234} INFO - Task exited with return code 0
[2025-09-19T15:30:04.469+0000] {taskinstance.py:3280} INFO - 0 downstream tasks scheduled from follow-on schedule check
