[2025-09-20T22:15:13.776+0000] {taskinstance.py:1956} INFO - Dependencies all met for dep_context=non-requeueable deps ti=<TaskInstance: crypto_etl_main.transform_data scheduled__2025-09-20T22:00:00+00:00 [queued]>
[2025-09-20T22:15:13.796+0000] {taskinstance.py:1956} INFO - Dependencies all met for dep_context=requeueable deps ti=<TaskInstance: crypto_etl_main.transform_data scheduled__2025-09-20T22:00:00+00:00 [queued]>
[2025-09-20T22:15:13.797+0000] {taskinstance.py:2170} INFO - Starting attempt 1 of 2
[2025-09-20T22:15:13.836+0000] {taskinstance.py:2191} INFO - Executing <Task(PythonOperator): transform_data> on 2025-09-20 22:00:00+00:00
[2025-09-20T22:15:13.846+0000] {standard_task_runner.py:60} INFO - Started process 564 to run task
[2025-09-20T22:15:13.854+0000] {standard_task_runner.py:87} INFO - Running: ['***', 'tasks', 'run', 'crypto_etl_main', 'transform_data', 'scheduled__2025-09-20T22:00:00+00:00', '--job-id', '151', '--raw', '--subdir', 'DAGS_FOLDER/crypto_etl_dag.py', '--cfg-path', '/tmp/tmp8f8wv6b1']
[2025-09-20T22:15:13.860+0000] {standard_task_runner.py:88} INFO - Job 151: Subtask transform_data
[2025-09-20T22:15:13.939+0000] {task_command.py:423} INFO - Running <TaskInstance: crypto_etl_main.transform_data scheduled__2025-09-20T22:00:00+00:00 [running]> on host 81634f637f1a
[2025-09-20T22:15:14.094+0000] {taskinstance.py:2480} INFO - Exporting env vars: AIRFLOW_CTX_DAG_OWNER='data-team' AIRFLOW_CTX_DAG_ID='crypto_etl_main' AIRFLOW_CTX_TASK_ID='transform_data' AIRFLOW_CTX_EXECUTION_DATE='2025-09-20T22:00:00+00:00' AIRFLOW_CTX_TRY_NUMBER='1' AIRFLOW_CTX_DAG_RUN_ID='scheduled__2025-09-20T22:00:00+00:00'
[2025-09-20T22:15:14.162+0000] {log.py:232} WARNING - [2025-09-20 22:15:14,161] INFO - crypto_etl - Starting data transformation...
[2025-09-20T22:15:14.161+0000] {transform.py:27} INFO - Starting data transformation...
[2025-09-20T22:15:14.169+0000] {log.py:232} WARNING - [2025-09-20 22:15:14,168] INFO - crypto_etl - Adding derived metrics...
[2025-09-20T22:15:14.168+0000] {transform.py:14} INFO - Adding derived metrics...
[2025-09-20T22:15:14.206+0000] {log.py:232} WARNING - [2025-09-20 22:15:14,205] INFO - crypto_etl - Data transformation complete
[2025-09-20T22:15:14.205+0000] {transform.py:32} INFO - Data transformation complete
[2025-09-20T22:15:14.217+0000] {log.py:232} WARNING - [2025-09-20 22:15:14,216] INFO - crypto_etl - Upserted 6 rows into processed_prices
[2025-09-20T22:15:14.216+0000] {load.py:44} INFO - Upserted 6 rows into processed_prices
[2025-09-20T22:15:14.228+0000] {log.py:232} WARNING - [2025-09-20 22:15:14,227] INFO - crypto_etl - Marked raw-data/2025/09/20/22/crypto_data_20250920_22.csv as completed with 6 records
[2025-09-20T22:15:14.227+0000] {file_processor.py:61} INFO - Marked raw-data/2025/09/20/22/crypto_data_20250920_22.csv as completed with 6 records
[2025-09-20T22:15:14.230+0000] {logging_mixin.py:188} INFO - ✓ Successfully processed: raw-data/2025/09/20/22/crypto_data_20250920_22.csv (6 records)
[2025-09-20T22:15:14.286+0000] {python.py:201} INFO - Done. Returned value was: Processed 1 files successfully, 6 total records
[2025-09-20T22:15:14.318+0000] {taskinstance.py:1138} INFO - Marking task as SUCCESS. dag_id=crypto_etl_main, task_id=transform_data, execution_date=20250920T220000, start_date=20250920T221513, end_date=20250920T221514
[2025-09-20T22:15:14.388+0000] {local_task_job_runner.py:234} INFO - Task exited with return code 0
[2025-09-20T22:15:14.444+0000] {taskinstance.py:3280} INFO - 1 downstream tasks scheduled from follow-on schedule check
