[2025-09-21T16:32:37.165+0000] {taskinstance.py:1956} INFO - Dependencies all met for dep_context=non-requeueable deps ti=<TaskInstance: crypto_etl_main.check_new_files scheduled__2025-09-21T16:15:00+00:00 [queued]>
[2025-09-21T16:32:37.180+0000] {taskinstance.py:1956} INFO - Dependencies all met for dep_context=requeueable deps ti=<TaskInstance: crypto_etl_main.check_new_files scheduled__2025-09-21T16:15:00+00:00 [queued]>
[2025-09-21T16:32:37.181+0000] {taskinstance.py:2170} INFO - Starting attempt 1 of 2
[2025-09-21T16:32:37.216+0000] {taskinstance.py:2191} INFO - Executing <Task(BranchPythonOperator): check_new_files> on 2025-09-21 16:15:00+00:00
[2025-09-21T16:32:37.225+0000] {standard_task_runner.py:60} INFO - Started process 884 to run task
[2025-09-21T16:32:37.231+0000] {standard_task_runner.py:87} INFO - Running: ['***', 'tasks', 'run', 'crypto_etl_main', 'check_new_files', 'scheduled__2025-09-21T16:15:00+00:00', '--job-id', '43', '--raw', '--subdir', 'DAGS_FOLDER/crypto_etl_dag.py', '--cfg-path', '/tmp/tmpk89kcfly']
[2025-09-21T16:32:37.236+0000] {standard_task_runner.py:88} INFO - Job 43: Subtask check_new_files
[2025-09-21T16:32:37.321+0000] {task_command.py:423} INFO - Running <TaskInstance: crypto_etl_main.check_new_files scheduled__2025-09-21T16:15:00+00:00 [running]> on host e55d1e17d5c4
[2025-09-21T16:32:37.499+0000] {taskinstance.py:2480} INFO - Exporting env vars: AIRFLOW_CTX_DAG_OWNER='data-team' AIRFLOW_CTX_DAG_ID='crypto_etl_main' AIRFLOW_CTX_TASK_ID='check_new_files' AIRFLOW_CTX_EXECUTION_DATE='2025-09-21T16:15:00+00:00' AIRFLOW_CTX_TRY_NUMBER='1' AIRFLOW_CTX_DAG_RUN_ID='scheduled__2025-09-21T16:15:00+00:00'
[2025-09-21T16:32:37.690+0000] {log.py:232} WARNING - [2025-09-21 16:32:37,689] INFO - crypto_etl - Listing files from bucket crypto-data with prefix 'raw-data/'
[2025-09-21T16:32:37.689+0000] {extract.py:26} INFO - Listing files from bucket crypto-data with prefix 'raw-data/'
[2025-09-21T16:32:37.736+0000] {log.py:232} WARNING - [2025-09-21 16:32:37,735] INFO - crypto_etl - Found 73 CSV files
[2025-09-21T16:32:37.735+0000] {extract.py:30} INFO - Found 73 CSV files
[2025-09-21T16:32:37.745+0000] {log.py:232} WARNING - [2025-09-21 16:32:37,745] INFO - crypto_etl - Found 69 unprocessed files out of 73 total
[2025-09-21T16:32:37.745+0000] {file_processor.py:25} INFO - Found 69 unprocessed files out of 73 total
[2025-09-21T16:32:37.747+0000] {logging_mixin.py:188} INFO - Found 69 new files to process
[2025-09-21T16:32:37.776+0000] {python.py:201} INFO - Done. Returned value was: validate_files
[2025-09-21T16:32:37.777+0000] {branch.py:35} INFO - Branch into validate_files
[2025-09-21T16:32:37.778+0000] {skipmixin.py:178} INFO - Following branch validate_files
[2025-09-21T16:32:37.806+0000] {skipmixin.py:244} INFO - Skipping tasks [('no_new_files', -1)]
[2025-09-21T16:32:37.901+0000] {taskinstance.py:1138} INFO - Marking task as SUCCESS. dag_id=crypto_etl_main, task_id=check_new_files, execution_date=20250921T161500, start_date=20250921T163237, end_date=20250921T163237
[2025-09-21T16:32:37.967+0000] {local_task_job_runner.py:234} INFO - Task exited with return code 0
[2025-09-21T16:32:38.070+0000] {taskinstance.py:3280} INFO - 1 downstream tasks scheduled from follow-on schedule check
