[2025-09-19 13:48:17,282] INFO - crypto_etl - Listing files from bucket crypto-data with prefix 'raw-data/'
[2025-09-19 13:48:17,296] ERROR - crypto_etl - Failed to list objects: S3 operation failed; code: SignatureDoesNotMatch, message: The request signature we calculated does not match the signature you provided. Check your key and signing method., resource: /crypto-data, request_id: 1866B329F351D9BB, host_id: dd9025bab4ad464b049177c95eb6ebf374d3b3fd1af9251148b658df7ac2e3e8, bucket_name: crypto-data
[2025-09-19 13:52:51,594] INFO - crypto_etl - Listing files from bucket crypto-data with prefix 'raw-data/'
[2025-09-19 13:52:51,618] INFO - crypto_etl - Found 1 CSV files
[2025-09-19 13:57:56,367] INFO - crypto_etl - Listing files from bucket crypto-data with prefix 'raw-data/'
[2025-09-19 13:57:56,390] INFO - crypto_etl - Found 1 CSV files
[2025-09-19 14:00:05,445] INFO - crypto_etl - Listing files from bucket crypto-data with prefix 'raw-data/'
[2025-09-19 14:00:05,475] INFO - crypto_etl - Found 1 CSV files
[2025-09-19 14:05:08,217] INFO - crypto_etl - Listing files from bucket crypto-data with prefix 'raw-data/'
[2025-09-19 14:05:08,249] INFO - crypto_etl - Found 1 CSV files
[2025-09-19 14:06:38,905] INFO - crypto_etl - Listing files from bucket crypto-data with prefix 'raw-data/'
[2025-09-19 14:06:38,926] INFO - crypto_etl - Found 1 CSV files
[2025-09-19 14:10:09,183] INFO - crypto_etl - Listing files from bucket crypto-data with prefix 'raw-data/'
[2025-09-19 14:10:09,199] INFO - crypto_etl - Found 1 CSV files
[2025-09-19 14:14:23,823] INFO - crypto_etl - Listing files from bucket crypto-data with prefix 'raw-data/'
[2025-09-19 14:14:23,837] INFO - crypto_etl - Found 1 CSV files
[2025-09-19 14:15:55,996] INFO - crypto_etl - Listing files from bucket crypto-data with prefix 'raw-data/'
[2025-09-19 14:15:56,012] INFO - crypto_etl - Found 1 CSV files
[2025-09-19 14:15:56,030] INFO - crypto_etl - Found 1 unprocessed files out of 1 total
[2025-09-19 14:21:28,364] INFO - crypto_etl - Listing files from bucket crypto-data with prefix 'raw-data/'
[2025-09-19 14:21:28,381] INFO - crypto_etl - Found 1 CSV files
[2025-09-19 14:21:28,392] INFO - crypto_etl - Found 1 unprocessed files out of 1 total
[2025-09-19 14:24:49,482] INFO - crypto_etl - Listing files from bucket crypto-data with prefix 'raw-data/'
[2025-09-19 14:24:49,502] INFO - crypto_etl - Found 1 CSV files
[2025-09-19 14:24:49,513] INFO - crypto_etl - Found 1 unprocessed files out of 1 total
[2025-09-19 14:24:53,223] INFO - crypto_etl - Marked raw-data/2025/09/19/13/crypto_data_20250919_13.csv as processing
[2025-09-19 14:24:53,227] INFO - crypto_etl - Reading CSV raw-data/2025/09/19/13/crypto_data_20250919_13.csv from bucket crypto-data
[2025-09-19 14:24:53,287] INFO - crypto_etl - Read CSV raw-data/2025/09/19/13/crypto_data_20250919_13.csv with 6 rows
[2025-09-19 14:28:04,417] INFO - crypto_etl - Listing files from bucket crypto-data with prefix 'raw-data/'
[2025-09-19 14:28:04,436] INFO - crypto_etl - Found 1 CSV files
[2025-09-19 14:28:04,448] INFO - crypto_etl - Found 0 unprocessed files out of 1 total
[2025-09-19 14:30:03,438] INFO - crypto_etl - Listing files from bucket crypto-data with prefix 'raw-data/'
[2025-09-19 14:30:03,468] INFO - crypto_etl - Found 1 CSV files
[2025-09-19 14:30:03,478] INFO - crypto_etl - Found 0 unprocessed files out of 1 total
[2025-09-19 14:34:37,383] INFO - crypto_etl - Listing files from bucket crypto-data with prefix 'raw-data/'
[2025-09-19 14:34:37,404] INFO - crypto_etl - Found 2 CSV files
[2025-09-19 14:34:37,413] INFO - crypto_etl - Found 1 unprocessed files out of 2 total
[2025-09-19 14:34:41,538] INFO - crypto_etl - Marked raw-data/2025/09/19/14/crypto_data_20250919_14.csv as processing
[2025-09-19 14:34:41,541] INFO - crypto_etl - Reading CSV raw-data/2025/09/19/14/crypto_data_20250919_14.csv from bucket crypto-data
[2025-09-19 14:34:41,564] INFO - crypto_etl - Read CSV raw-data/2025/09/19/14/crypto_data_20250919_14.csv with 6 rows
[2025-09-19 14:45:03,296] INFO - crypto_etl - Listing files from bucket crypto-data with prefix 'raw-data/'
[2025-09-19 14:45:03,315] INFO - crypto_etl - Found 2 CSV files
[2025-09-19 14:45:03,325] INFO - crypto_etl - Found 0 unprocessed files out of 2 total
[2025-09-19 14:53:45,612] INFO - crypto_etl - Listing files from bucket crypto-data with prefix 'raw-data/'
[2025-09-19 14:53:45,636] INFO - crypto_etl - Found 3 CSV files
[2025-09-19 14:53:45,646] INFO - crypto_etl - Found 1 unprocessed files out of 3 total
[2025-09-19 14:53:49,448] INFO - crypto_etl - Marked raw-data/2025/09/19/15/crypto_data_20250919_15.csv as processing
[2025-09-19 14:53:49,451] INFO - crypto_etl - Reading CSV raw-data/2025/09/19/15/crypto_data_20250919_15.csv from bucket crypto-data
[2025-09-19 14:53:49,485] INFO - crypto_etl - Read CSV raw-data/2025/09/19/15/crypto_data_20250919_15.csv with 6 rows
[2025-09-19 14:53:57,185] INFO - crypto_etl - Reading CSV raw-data/2025/09/19/15/crypto_data_20250919_15.csv from bucket crypto-data
[2025-09-19 14:53:57,206] INFO - crypto_etl - Read CSV raw-data/2025/09/19/15/crypto_data_20250919_15.csv with 6 rows
[2025-09-19 15:00:03,715] INFO - crypto_etl - Listing files from bucket crypto-data with prefix 'raw-data/'
[2025-09-19 15:00:03,729] INFO - crypto_etl - Found 3 CSV files
[2025-09-19 15:00:03,737] INFO - crypto_etl - Found 0 unprocessed files out of 3 total
[2025-09-19 15:08:49,918] INFO - crypto_etl - Listing files from bucket crypto-data with prefix 'raw-data/'
[2025-09-19 15:08:49,938] INFO - crypto_etl - Found 4 CSV files
[2025-09-19 15:08:49,946] INFO - crypto_etl - Found 1 unprocessed files out of 4 total
[2025-09-19 15:08:53,295] INFO - crypto_etl - Marked raw-data/2025/09/19/16/crypto_data_20250919_16.csv as processing
[2025-09-19 15:08:53,298] INFO - crypto_etl - Reading CSV raw-data/2025/09/19/16/crypto_data_20250919_16.csv from bucket crypto-data
[2025-09-19 15:08:53,318] INFO - crypto_etl - Read CSV raw-data/2025/09/19/16/crypto_data_20250919_16.csv with 6 rows
[2025-09-19 15:09:00,298] INFO - crypto_etl - Reading CSV raw-data/2025/09/19/16/crypto_data_20250919_16.csv from bucket crypto-data
[2025-09-19 15:09:00,328] INFO - crypto_etl - Read CSV raw-data/2025/09/19/16/crypto_data_20250919_16.csv with 6 rows
[2025-09-19 15:09:03,404] INFO - crypto_etl - Starting data transformation...
[2025-09-19 15:09:03,412] INFO - crypto_etl - Adding derived metrics...
[2025-09-19 15:09:03,494] INFO - crypto_etl - Data transformation complete
[2025-09-19 15:09:03,508] ERROR - crypto_etl - Marked raw-data/2025/09/19/16/crypto_data_20250919_16.csv as failed: Transform/load error: connection to server at "localhost" (::1), port 5433 failed: Connection refused
	Is the server running on that host and accepting TCP/IP connections?
connection to server at "localhost" (127.0.0.1), port 5433 failed: Connection refused
	Is the server running on that host and accepting TCP/IP connections?

[2025-09-19 15:15:03,968] INFO - crypto_etl - Listing files from bucket crypto-data with prefix 'raw-data/'
[2025-09-19 15:15:03,989] INFO - crypto_etl - Found 4 CSV files
[2025-09-19 15:15:04,001] INFO - crypto_etl - Found 1 unprocessed files out of 4 total
[2025-09-19 15:15:07,661] INFO - crypto_etl - Marked raw-data/2025/09/19/16/crypto_data_20250919_16.csv as processing
[2025-09-19 15:15:07,664] INFO - crypto_etl - Reading CSV raw-data/2025/09/19/16/crypto_data_20250919_16.csv from bucket crypto-data
[2025-09-19 15:15:07,684] INFO - crypto_etl - Read CSV raw-data/2025/09/19/16/crypto_data_20250919_16.csv with 6 rows
[2025-09-19 15:15:17,700] INFO - crypto_etl - Reading CSV raw-data/2025/09/19/16/crypto_data_20250919_16.csv from bucket crypto-data
[2025-09-19 15:15:17,721] INFO - crypto_etl - Read CSV raw-data/2025/09/19/16/crypto_data_20250919_16.csv with 6 rows
[2025-09-19 15:15:21,104] INFO - crypto_etl - Starting data transformation...
[2025-09-19 15:15:21,110] INFO - crypto_etl - Adding derived metrics...
[2025-09-19 15:15:21,144] INFO - crypto_etl - Data transformation complete
[2025-09-19 15:15:21,166] INFO - crypto_etl - Upserted 6 rows into processed_prices
[2025-09-19 15:15:21,177] INFO - crypto_etl - Marked raw-data/2025/09/19/16/crypto_data_20250919_16.csv as completed with 6 records
[2025-09-19 15:15:47,534] INFO - crypto_etl - Listing files from bucket crypto-data with prefix 'raw-data/'
[2025-09-19 15:15:47,550] INFO - crypto_etl - Found 5 CSV files
[2025-09-19 15:15:47,559] INFO - crypto_etl - Found 1 unprocessed files out of 5 total
[2025-09-19 15:15:51,262] INFO - crypto_etl - Marked raw-data/2025/09/19/17/crypto_data_20250919_17.csv as processing
[2025-09-19 15:15:51,265] INFO - crypto_etl - Reading CSV raw-data/2025/09/19/17/crypto_data_20250919_17.csv from bucket crypto-data
[2025-09-19 15:15:51,286] INFO - crypto_etl - Read CSV raw-data/2025/09/19/17/crypto_data_20250919_17.csv with 6 rows
[2025-09-19 15:15:57,795] INFO - crypto_etl - Reading CSV raw-data/2025/09/19/17/crypto_data_20250919_17.csv from bucket crypto-data
[2025-09-19 15:15:57,818] INFO - crypto_etl - Read CSV raw-data/2025/09/19/17/crypto_data_20250919_17.csv with 6 rows
[2025-09-19 15:16:01,080] INFO - crypto_etl - Starting data transformation...
[2025-09-19 15:16:01,089] INFO - crypto_etl - Adding derived metrics...
[2025-09-19 15:16:01,122] INFO - crypto_etl - Data transformation complete
[2025-09-19 15:16:01,134] INFO - crypto_etl - Upserted 6 rows into processed_prices
[2025-09-19 15:16:01,145] INFO - crypto_etl - Marked raw-data/2025/09/19/17/crypto_data_20250919_17.csv as completed with 6 records
[2025-09-19 15:30:04,262] INFO - crypto_etl - Listing files from bucket crypto-data with prefix 'raw-data/'
[2025-09-19 15:30:04,277] INFO - crypto_etl - Found 5 CSV files
[2025-09-19 15:30:04,286] INFO - crypto_etl - Found 0 unprocessed files out of 5 total
[2025-09-20 21:49:50,286] INFO - crypto_etl - Listing files from bucket crypto-data with prefix 'raw-data/'
[2025-09-20 21:49:50,312] INFO - crypto_etl - Found 5 CSV files
[2025-09-20 21:55:14,019] INFO - crypto_etl - Listing files from bucket crypto-data with prefix 'raw-data/'
[2025-09-20 21:55:14,036] INFO - crypto_etl - Found 6 CSV files
[2025-09-20 21:55:14,044] INFO - crypto_etl - Found 1 unprocessed files out of 6 total
[2025-09-20 21:55:17,772] INFO - crypto_etl - Marked raw-data/2025/09/20/20/crypto_data_20250920_20.csv as processing
[2025-09-20 21:55:17,775] INFO - crypto_etl - Reading CSV raw-data/2025/09/20/20/crypto_data_20250920_20.csv from bucket crypto-data
[2025-09-20 21:55:17,805] INFO - crypto_etl - Read CSV raw-data/2025/09/20/20/crypto_data_20250920_20.csv with 6 rows
[2025-09-20 21:55:25,342] INFO - crypto_etl - Reading CSV raw-data/2025/09/20/20/crypto_data_20250920_20.csv from bucket crypto-data
[2025-09-20 21:55:25,366] INFO - crypto_etl - Read CSV raw-data/2025/09/20/20/crypto_data_20250920_20.csv with 6 rows
[2025-09-20 21:55:29,366] INFO - crypto_etl - Starting data transformation...
[2025-09-20 21:55:29,383] INFO - crypto_etl - Adding derived metrics...
[2025-09-20 21:55:29,485] INFO - crypto_etl - Data transformation complete
[2025-09-20 21:55:29,507] INFO - crypto_etl - Upserted 6 rows into processed_prices
[2025-09-20 21:55:29,517] INFO - crypto_etl - Marked raw-data/2025/09/20/20/crypto_data_20250920_20.csv as completed with 6 records
[2025-09-20 21:58:27,611] INFO - crypto_etl - Listing files from bucket crypto-data with prefix 'raw-data/'
[2025-09-20 21:58:27,630] INFO - crypto_etl - Found 6 CSV files
[2025-09-20 21:58:27,639] INFO - crypto_etl - Found 0 unprocessed files out of 6 total
[2025-09-20 22:00:03,016] INFO - crypto_etl - Listing files from bucket crypto-data with prefix 'raw-data/'
[2025-09-20 22:00:03,037] INFO - crypto_etl - Found 7 CSV files
[2025-09-20 22:00:03,047] INFO - crypto_etl - Found 1 unprocessed files out of 7 total
[2025-09-20 22:00:06,354] INFO - crypto_etl - Marked raw-data/2025/09/20/21/crypto_data_20250920_21.csv as processing
[2025-09-20 22:00:06,357] INFO - crypto_etl - Reading CSV raw-data/2025/09/20/21/crypto_data_20250920_21.csv from bucket crypto-data
[2025-09-20 22:00:06,378] INFO - crypto_etl - Read CSV raw-data/2025/09/20/21/crypto_data_20250920_21.csv with 6 rows
[2025-09-20 22:00:09,014] INFO - crypto_etl - Reading CSV raw-data/2025/09/20/21/crypto_data_20250920_21.csv from bucket crypto-data
[2025-09-20 22:00:09,040] INFO - crypto_etl - Read CSV raw-data/2025/09/20/21/crypto_data_20250920_21.csv with 6 rows
[2025-09-20 22:00:12,267] INFO - crypto_etl - Starting data transformation...
[2025-09-20 22:00:12,272] INFO - crypto_etl - Adding derived metrics...
[2025-09-20 22:00:12,302] INFO - crypto_etl - Data transformation complete
[2025-09-20 22:00:12,319] INFO - crypto_etl - Upserted 6 rows into processed_prices
[2025-09-20 22:00:12,329] INFO - crypto_etl - Marked raw-data/2025/09/20/21/crypto_data_20250920_21.csv as completed with 6 records
[2025-09-20 22:15:03,901] INFO - crypto_etl - Listing files from bucket crypto-data with prefix 'raw-data/'
[2025-09-20 22:15:03,921] INFO - crypto_etl - Found 8 CSV files
[2025-09-20 22:15:03,930] INFO - crypto_etl - Found 1 unprocessed files out of 8 total
[2025-09-20 22:15:07,286] INFO - crypto_etl - Marked raw-data/2025/09/20/22/crypto_data_20250920_22.csv as processing
[2025-09-20 22:15:07,289] INFO - crypto_etl - Reading CSV raw-data/2025/09/20/22/crypto_data_20250920_22.csv from bucket crypto-data
[2025-09-20 22:15:07,312] INFO - crypto_etl - Read CSV raw-data/2025/09/20/22/crypto_data_20250920_22.csv with 6 rows
[2025-09-20 22:15:11,067] INFO - crypto_etl - Reading CSV raw-data/2025/09/20/22/crypto_data_20250920_22.csv from bucket crypto-data
[2025-09-20 22:15:11,092] INFO - crypto_etl - Read CSV raw-data/2025/09/20/22/crypto_data_20250920_22.csv with 6 rows
[2025-09-20 22:15:14,161] INFO - crypto_etl - Starting data transformation...
[2025-09-20 22:15:14,168] INFO - crypto_etl - Adding derived metrics...
[2025-09-20 22:15:14,205] INFO - crypto_etl - Data transformation complete
[2025-09-20 22:15:14,216] INFO - crypto_etl - Upserted 6 rows into processed_prices
[2025-09-20 22:15:14,227] INFO - crypto_etl - Marked raw-data/2025/09/20/22/crypto_data_20250920_22.csv as completed with 6 records
[2025-09-20 22:30:04,583] INFO - crypto_etl - Listing files from bucket crypto-data with prefix 'raw-data/'
[2025-09-20 22:30:04,606] INFO - crypto_etl - Found 8 CSV files
[2025-09-20 22:30:04,616] INFO - crypto_etl - Found 0 unprocessed files out of 8 total
[2025-09-20 22:35:07,320] INFO - crypto_etl - Listing files from bucket crypto-data with prefix 'raw-data/'
[2025-09-20 22:35:07,339] INFO - crypto_etl - Found 9 CSV files
[2025-09-20 22:35:07,348] INFO - crypto_etl - Found 1 unprocessed files out of 9 total
[2025-09-20 22:35:11,151] INFO - crypto_etl - Marked raw-data/2025/09/20/23/crypto_data_20250920_23.csv as processing
[2025-09-20 22:35:11,154] INFO - crypto_etl - Reading CSV raw-data/2025/09/20/23/crypto_data_20250920_23.csv from bucket crypto-data
[2025-09-20 22:35:11,177] INFO - crypto_etl - Read CSV raw-data/2025/09/20/23/crypto_data_20250920_23.csv with 6 rows
[2025-09-20 22:35:14,480] INFO - crypto_etl - Reading CSV raw-data/2025/09/20/23/crypto_data_20250920_23.csv from bucket crypto-data
[2025-09-20 22:35:14,506] INFO - crypto_etl - Read CSV raw-data/2025/09/20/23/crypto_data_20250920_23.csv with 6 rows
[2025-09-20 22:35:18,356] INFO - crypto_etl - Starting data transformation...
[2025-09-20 22:35:18,363] INFO - crypto_etl - Adding derived metrics...
[2025-09-20 22:35:18,398] INFO - crypto_etl - Data transformation complete
[2025-09-20 22:35:18,415] INFO - crypto_etl - Upserted 6 rows into processed_prices
[2025-09-20 22:35:18,426] INFO - crypto_etl - Marked raw-data/2025/09/20/23/crypto_data_20250920_23.csv as completed with 6 records
[2025-09-21 11:12:58,651] INFO - crypto_etl - Listing files from bucket crypto-data with prefix 'raw-data/'
[2025-09-21 11:12:58,695] INFO - crypto_etl - Found 9 CSV files
[2025-09-21 11:12:58,721] INFO - crypto_etl - Found 0 unprocessed files out of 9 total
[2025-09-21 11:13:05,683] INFO - crypto_etl - Listing files from bucket crypto-data with prefix 'raw-data/'
[2025-09-21 11:13:05,699] INFO - crypto_etl - Found 10 CSV files
[2025-09-21 11:13:05,707] INFO - crypto_etl - Found 1 unprocessed files out of 10 total
[2025-09-21 11:13:08,987] INFO - crypto_etl - Marked raw-data/2025/09/21/10/crypto_data_20250921_10.csv as processing
[2025-09-21 11:13:08,990] INFO - crypto_etl - Reading CSV raw-data/2025/09/21/10/crypto_data_20250921_10.csv from bucket crypto-data
[2025-09-21 11:13:09,014] INFO - crypto_etl - Read CSV raw-data/2025/09/21/10/crypto_data_20250921_10.csv with 6 rows
[2025-09-21 11:13:11,678] INFO - crypto_etl - Reading CSV raw-data/2025/09/21/10/crypto_data_20250921_10.csv from bucket crypto-data
[2025-09-21 11:13:11,697] INFO - crypto_etl - Read CSV raw-data/2025/09/21/10/crypto_data_20250921_10.csv with 6 rows
[2025-09-21 11:13:15,293] INFO - crypto_etl - Starting data transformation...
[2025-09-21 11:13:15,299] INFO - crypto_etl - Adding derived metrics...
[2025-09-21 11:13:15,336] INFO - crypto_etl - Data transformation complete
[2025-09-21 11:13:15,350] INFO - crypto_etl - Upserted 6 rows into processed_prices
[2025-09-21 11:13:15,358] INFO - crypto_etl - Marked raw-data/2025/09/21/10/crypto_data_20250921_10.csv as completed with 6 records
[2025-09-21 11:15:05,827] INFO - crypto_etl - Listing files from bucket crypto-data with prefix 'raw-data/'
[2025-09-21 11:15:05,849] INFO - crypto_etl - Found 10 CSV files
[2025-09-21 11:15:05,857] INFO - crypto_etl - Found 0 unprocessed files out of 10 total
[2025-09-21 11:30:04,037] INFO - crypto_etl - Listing files from bucket crypto-data with prefix 'raw-data/'
[2025-09-21 11:30:04,052] INFO - crypto_etl - Found 10 CSV files
[2025-09-21 11:30:04,060] INFO - crypto_etl - Found 0 unprocessed files out of 10 total
[2025-09-21 11:46:07,552] INFO - crypto_etl - Listing files from bucket crypto-data with prefix 'raw-data/'
[2025-09-21 11:46:07,572] INFO - crypto_etl - Found 10 CSV files
[2025-09-21 11:51:11,481] INFO - crypto_etl - Listing files from bucket crypto-data with prefix 'raw-data/'
[2025-09-21 11:51:11,498] INFO - crypto_etl - Found 10 CSV files
[2025-09-21 12:00:04,076] INFO - crypto_etl - Listing files from bucket crypto-data with prefix 'raw-data/'
[2025-09-21 12:00:04,095] INFO - crypto_etl - Found 11 CSV files
[2025-09-21 12:05:07,817] INFO - crypto_etl - Listing files from bucket crypto-data with prefix 'raw-data/'
[2025-09-21 12:05:07,854] INFO - crypto_etl - Found 11 CSV files
[2025-09-21 12:15:04,773] INFO - crypto_etl - Listing files from bucket crypto-data with prefix 'raw-data/'
[2025-09-21 12:15:04,802] INFO - crypto_etl - Found 11 CSV files
[2025-09-21 12:40:35,012] INFO - crypto_etl - Listing files from bucket crypto-data with prefix 'raw-data/'
[2025-09-21 12:40:35,047] INFO - crypto_etl - Found 1 CSV files
[2025-09-21 12:42:57,071] INFO - crypto_etl - Listing files from bucket crypto-data with prefix 'raw-data/'
[2025-09-21 12:42:57,090] INFO - crypto_etl - Found 1 CSV files
[2025-09-21 12:44:17,331] INFO - crypto_etl - Listing files from bucket crypto-data with prefix 'raw-data/'
[2025-09-21 12:44:17,353] INFO - crypto_etl - Found 1 CSV files
[2025-09-21 12:44:17,365] INFO - crypto_etl - Found 1 unprocessed files out of 1 total
[2025-09-21 12:44:22,353] INFO - crypto_etl - Marked raw-data/2025/09/21/11/crypto_data_20250921_11.csv as processing
[2025-09-21 12:44:22,356] INFO - crypto_etl - Reading CSV raw-data/2025/09/21/11/crypto_data_20250921_11.csv from bucket crypto-data
[2025-09-21 12:44:22,419] INFO - crypto_etl - Read CSV raw-data/2025/09/21/11/crypto_data_20250921_11.csv with 6 rows
[2025-09-21 12:44:26,997] INFO - crypto_etl - Reading CSV raw-data/2025/09/21/11/crypto_data_20250921_11.csv from bucket crypto-data
[2025-09-21 12:44:27,025] INFO - crypto_etl - Read CSV raw-data/2025/09/21/11/crypto_data_20250921_11.csv with 6 rows
[2025-09-21 12:44:30,915] INFO - crypto_etl - Starting data transformation...
[2025-09-21 12:44:30,923] INFO - crypto_etl - Adding derived metrics...
[2025-09-21 12:44:31,030] INFO - crypto_etl - Data transformation complete
[2025-09-21 12:44:31,053] INFO - crypto_etl - Upserted 6 rows into processed_prices
[2025-09-21 12:44:31,069] INFO - crypto_etl - Marked raw-data/2025/09/21/11/crypto_data_20250921_11.csv as completed with 6 records
[2025-09-21 12:45:05,454] INFO - crypto_etl - Listing files from bucket crypto-data with prefix 'raw-data/'
[2025-09-21 12:45:05,475] INFO - crypto_etl - Found 1 CSV files
[2025-09-21 12:45:05,488] INFO - crypto_etl - Found 0 unprocessed files out of 1 total
[2025-09-21 15:01:34,127] INFO - crypto_etl - Listing files from bucket crypto-data with prefix 'raw-data/'
[2025-09-21 15:01:34,146] ERROR - crypto_etl - Failed to list objects: S3 operation failed; code: SignatureDoesNotMatch, message: The request signature we calculated does not match the signature you provided. Check your key and signing method., resource: /crypto-data, request_id: 18675452CE96172B, host_id: dd9025bab4ad464b049177c95eb6ebf374d3b3fd1af9251148b658df7ac2e3e8, bucket_name: crypto-data
[2025-09-21 15:01:34,168] INFO - crypto_etl - Found 0 unprocessed files out of 0 total
[2025-09-21 15:04:19,403] INFO - crypto_etl - Listing files from bucket crypto-data with prefix 'raw-data/'
[2025-09-21 15:04:19,414] ERROR - crypto_etl - Failed to list objects: S3 operation failed; code: SignatureDoesNotMatch, message: The request signature we calculated does not match the signature you provided. Check your key and signing method., resource: /crypto-data, request_id: 186754794972CA85, host_id: dd9025bab4ad464b049177c95eb6ebf374d3b3fd1af9251148b658df7ac2e3e8, bucket_name: crypto-data
[2025-09-21 15:04:19,424] INFO - crypto_etl - Found 0 unprocessed files out of 0 total
[2025-09-21 15:05:19,079] INFO - crypto_etl - Listing files from bucket crypto-data with prefix 'raw-data/'
[2025-09-21 15:05:19,087] ERROR - crypto_etl - Failed to list objects: S3 operation failed; code: SignatureDoesNotMatch, message: The request signature we calculated does not match the signature you provided. Check your key and signing method., resource: /crypto-data, request_id: 186754872E513415, host_id: dd9025bab4ad464b049177c95eb6ebf374d3b3fd1af9251148b658df7ac2e3e8, bucket_name: crypto-data
[2025-09-21 15:05:19,097] INFO - crypto_etl - Found 0 unprocessed files out of 0 total
[2025-09-21 15:13:23,495] INFO - crypto_etl - Listing files from bucket crypto-data with prefix 'raw-data/'
[2025-09-21 15:13:23,507] ERROR - crypto_etl - Failed to list objects: S3 operation failed; code: SignatureDoesNotMatch, message: The request signature we calculated does not match the signature you provided. Check your key and signing method., resource: /crypto-data, request_id: 186754F7F7E48177, host_id: dd9025bab4ad464b049177c95eb6ebf374d3b3fd1af9251148b658df7ac2e3e8, bucket_name: crypto-data
[2025-09-21 15:13:23,520] INFO - crypto_etl - Found 0 unprocessed files out of 0 total
[2025-09-21 15:15:04,028] INFO - crypto_etl - Listing files from bucket crypto-data with prefix 'raw-data/'
[2025-09-21 15:15:04,047] ERROR - crypto_etl - Failed to list objects: S3 operation failed; code: SignatureDoesNotMatch, message: The request signature we calculated does not match the signature you provided. Check your key and signing method., resource: /crypto-data, request_id: 1867550F6047B2C7, host_id: dd9025bab4ad464b049177c95eb6ebf374d3b3fd1af9251148b658df7ac2e3e8, bucket_name: crypto-data
[2025-09-21 15:15:04,057] INFO - crypto_etl - Found 0 unprocessed files out of 0 total
[2025-09-21 15:27:16,344] INFO - crypto_etl - Listing files from bucket crypto-data with prefix 'raw-data/'
[2025-09-21 15:27:16,353] ERROR - crypto_etl - Failed to list objects: S3 operation failed; code: SignatureDoesNotMatch, message: The request signature we calculated does not match the signature you provided. Check your key and signing method., resource: /crypto-data, request_id: 186755B9E1749DD4, host_id: dd9025bab4ad464b049177c95eb6ebf374d3b3fd1af9251148b658df7ac2e3e8, bucket_name: crypto-data
[2025-09-21 15:27:16,363] INFO - crypto_etl - Found 0 unprocessed files out of 0 total
[2025-09-21 15:27:42,277] INFO - crypto_etl - Listing files from bucket crypto-data with prefix 'raw-data/'
[2025-09-21 15:27:42,286] ERROR - crypto_etl - Failed to list objects: S3 operation failed; code: SignatureDoesNotMatch, message: The request signature we calculated does not match the signature you provided. Check your key and signing method., resource: /crypto-data, request_id: 186755BFEB280213, host_id: dd9025bab4ad464b049177c95eb6ebf374d3b3fd1af9251148b658df7ac2e3e8, bucket_name: crypto-data
[2025-09-21 15:27:42,295] INFO - crypto_etl - Found 0 unprocessed files out of 0 total
[2025-09-21 15:30:04,404] INFO - crypto_etl - Listing files from bucket crypto-data with prefix 'raw-data/'
[2025-09-21 15:30:04,412] ERROR - crypto_etl - Failed to list objects: S3 operation failed; code: SignatureDoesNotMatch, message: The request signature we calculated does not match the signature you provided. Check your key and signing method., resource: /crypto-data, request_id: 186755E102910915, host_id: dd9025bab4ad464b049177c95eb6ebf374d3b3fd1af9251148b658df7ac2e3e8, bucket_name: crypto-data
[2025-09-21 15:30:04,422] INFO - crypto_etl - Found 0 unprocessed files out of 0 total
[2025-09-21 15:45:05,900] INFO - crypto_etl - Listing files from bucket crypto-data with prefix 'raw-data/'
[2025-09-21 15:45:05,915] INFO - crypto_etl - Found 3 CSV files
[2025-09-21 15:45:05,923] INFO - crypto_etl - Found 2 unprocessed files out of 3 total
[2025-09-21 15:45:08,916] INFO - crypto_etl - Marked raw-data/2025/09/21/14/crypto_data_20250921_14.csv as processing
[2025-09-21 15:45:08,919] INFO - crypto_etl - Reading CSV raw-data/2025/09/21/14/crypto_data_20250921_14.csv from bucket crypto-data
[2025-09-21 15:45:08,951] INFO - crypto_etl - Read CSV raw-data/2025/09/21/14/crypto_data_20250921_14.csv with 6 rows
[2025-09-21 15:45:08,962] INFO - crypto_etl - Marked raw-data/2025/09/21/15/crypto_data_20250921_15.csv as processing
[2025-09-21 15:45:08,964] INFO - crypto_etl - Reading CSV raw-data/2025/09/21/15/crypto_data_20250921_15.csv from bucket crypto-data
[2025-09-21 15:45:08,972] INFO - crypto_etl - Read CSV raw-data/2025/09/21/15/crypto_data_20250921_15.csv with 6 rows
[2025-09-21 15:45:12,189] INFO - crypto_etl - Reading CSV raw-data/2025/09/21/14/crypto_data_20250921_14.csv from bucket crypto-data
[2025-09-21 15:45:12,210] INFO - crypto_etl - Read CSV raw-data/2025/09/21/14/crypto_data_20250921_14.csv with 6 rows
[2025-09-21 15:45:12,250] INFO - crypto_etl - Reading CSV raw-data/2025/09/21/15/crypto_data_20250921_15.csv from bucket crypto-data
[2025-09-21 15:45:12,259] INFO - crypto_etl - Read CSV raw-data/2025/09/21/15/crypto_data_20250921_15.csv with 6 rows
[2025-09-21 15:45:15,478] INFO - crypto_etl - Starting data transformation...
[2025-09-21 15:45:15,489] INFO - crypto_etl - Adding derived metrics...
[2025-09-21 15:45:15,550] INFO - crypto_etl - Data transformation complete
[2025-09-21 15:45:15,569] INFO - crypto_etl - Upserted 6 rows into processed_prices
[2025-09-21 15:45:15,581] INFO - crypto_etl - Marked raw-data/2025/09/21/14/crypto_data_20250921_14.csv as completed with 6 records
[2025-09-21 15:45:15,585] INFO - crypto_etl - Starting data transformation...
[2025-09-21 15:45:15,588] INFO - crypto_etl - Adding derived metrics...
[2025-09-21 15:45:15,604] INFO - crypto_etl - Data transformation complete
[2025-09-21 15:45:15,615] INFO - crypto_etl - Upserted 6 rows into processed_prices
[2025-09-21 15:45:15,626] INFO - crypto_etl - Marked raw-data/2025/09/21/15/crypto_data_20250921_15.csv as completed with 6 records
[2025-09-21 16:00:03,776] INFO - crypto_etl - Listing files from bucket crypto-data with prefix 'raw-data/'
[2025-09-21 16:00:03,795] INFO - crypto_etl - Found 3 CSV files
[2025-09-21 16:00:03,804] INFO - crypto_etl - Found 0 unprocessed files out of 3 total
[2025-09-21 16:07:15,219] INFO - crypto_etl - Listing files from bucket crypto-data with prefix 'raw-data/'
[2025-09-21 16:07:15,242] INFO - crypto_etl - Found 4 CSV files
[2025-09-21 16:07:15,265] INFO - crypto_etl - Found 1 unprocessed files out of 4 total
[2025-09-21 16:07:18,195] INFO - crypto_etl - Marked raw-data/2025/09/21/16/crypto_data_20250921_16.csv as processing
[2025-09-21 16:07:18,198] INFO - crypto_etl - Reading CSV raw-data/2025/09/21/16/crypto_data_20250921_16.csv from bucket crypto-data
[2025-09-21 16:07:18,229] INFO - crypto_etl - Read CSV raw-data/2025/09/21/16/crypto_data_20250921_16.csv with 6 rows
[2025-09-21 16:07:21,585] INFO - crypto_etl - Reading CSV raw-data/2025/09/21/16/crypto_data_20250921_16.csv from bucket crypto-data
[2025-09-21 16:07:21,646] INFO - crypto_etl - Read CSV raw-data/2025/09/21/16/crypto_data_20250921_16.csv with 6 rows
[2025-09-21 16:07:24,391] INFO - crypto_etl - Starting data transformation...
[2025-09-21 16:07:24,398] INFO - crypto_etl - Adding derived metrics...
[2025-09-21 16:07:24,444] INFO - crypto_etl - Data transformation complete
[2025-09-21 16:07:24,463] INFO - crypto_etl - Upserted 6 rows into processed_prices
[2025-09-21 16:07:24,481] INFO - crypto_etl - Marked raw-data/2025/09/21/16/crypto_data_20250921_16.csv as completed with 6 records
