[2025-09-21T11:13:05.287+0000] {taskinstance.py:1956} INFO - Dependencies all met for dep_context=non-requeueable deps ti=<TaskInstance: crypto_etl_main.check_new_files scheduled__2025-09-21T10:45:00+00:00 [queued]>
[2025-09-21T11:13:05.300+0000] {taskinstance.py:1956} INFO - Dependencies all met for dep_context=requeueable deps ti=<TaskInstance: crypto_etl_main.check_new_files scheduled__2025-09-21T10:45:00+00:00 [queued]>
[2025-09-21T11:13:05.301+0000] {taskinstance.py:2170} INFO - Starting attempt 1 of 2
[2025-09-21T11:13:05.332+0000] {taskinstance.py:2191} INFO - Executing <Task(BranchPythonOperator): check_new_files> on 2025-09-21 10:45:00+00:00
[2025-09-21T11:13:05.339+0000] {standard_task_runner.py:60} INFO - Started process 90 to run task
[2025-09-21T11:13:05.344+0000] {standard_task_runner.py:87} INFO - Running: ['***', 'tasks', 'run', 'crypto_etl_main', 'check_new_files', 'scheduled__2025-09-21T10:45:00+00:00', '--job-id', '164', '--raw', '--subdir', 'DAGS_FOLDER/crypto_etl_dag.py', '--cfg-path', '/tmp/tmpu3grrk3b']
[2025-09-21T11:13:05.348+0000] {standard_task_runner.py:88} INFO - Job 164: Subtask check_new_files
[2025-09-21T11:13:05.418+0000] {task_command.py:423} INFO - Running <TaskInstance: crypto_etl_main.check_new_files scheduled__2025-09-21T10:45:00+00:00 [running]> on host 81634f637f1a
[2025-09-21T11:13:05.547+0000] {taskinstance.py:2480} INFO - Exporting env vars: AIRFLOW_CTX_DAG_OWNER='data-team' AIRFLOW_CTX_DAG_ID='crypto_etl_main' AIRFLOW_CTX_TASK_ID='check_new_files' AIRFLOW_CTX_EXECUTION_DATE='2025-09-21T10:45:00+00:00' AIRFLOW_CTX_TRY_NUMBER='1' AIRFLOW_CTX_DAG_RUN_ID='scheduled__2025-09-21T10:45:00+00:00'
[2025-09-21T11:13:05.684+0000] {log.py:232} WARNING - [2025-09-21 11:13:05,683] INFO - crypto_etl - Listing files from bucket crypto-data with prefix 'raw-data/'
[2025-09-21T11:13:05.683+0000] {extract.py:26} INFO - Listing files from bucket crypto-data with prefix 'raw-data/'
[2025-09-21T11:13:05.700+0000] {log.py:232} WARNING - [2025-09-21 11:13:05,699] INFO - crypto_etl - Found 10 CSV files
[2025-09-21T11:13:05.699+0000] {extract.py:30} INFO - Found 10 CSV files
[2025-09-21T11:13:05.708+0000] {log.py:232} WARNING - [2025-09-21 11:13:05,707] INFO - crypto_etl - Found 1 unprocessed files out of 10 total
[2025-09-21T11:13:05.707+0000] {file_processor.py:25} INFO - Found 1 unprocessed files out of 10 total
[2025-09-21T11:13:05.710+0000] {logging_mixin.py:188} INFO - Found 1 new files to process
[2025-09-21T11:13:05.736+0000] {python.py:201} INFO - Done. Returned value was: validate_files
[2025-09-21T11:13:05.738+0000] {branch.py:35} INFO - Branch into validate_files
[2025-09-21T11:13:05.738+0000] {skipmixin.py:178} INFO - Following branch validate_files
[2025-09-21T11:13:05.762+0000] {skipmixin.py:244} INFO - Skipping tasks [('no_new_files', -1)]
[2025-09-21T11:13:05.837+0000] {taskinstance.py:1138} INFO - Marking task as SUCCESS. dag_id=crypto_etl_main, task_id=check_new_files, execution_date=20250921T104500, start_date=20250921T111305, end_date=20250921T111305
[2025-09-21T11:13:05.918+0000] {local_task_job_runner.py:234} INFO - Task exited with return code 0
[2025-09-21T11:13:05.972+0000] {taskinstance.py:3280} INFO - 1 downstream tasks scheduled from follow-on schedule check
