[2025-09-21T20:03:00.322+0000] {taskinstance.py:1956} INFO - Dependencies all met for dep_context=non-requeueable deps ti=<TaskInstance: crypto_etl_main.check_new_files scheduled__2025-09-21T18:45:00+00:00 [queued]>
[2025-09-21T20:03:00.364+0000] {taskinstance.py:1956} INFO - Dependencies all met for dep_context=requeueable deps ti=<TaskInstance: crypto_etl_main.check_new_files scheduled__2025-09-21T18:45:00+00:00 [queued]>
[2025-09-21T20:03:00.366+0000] {taskinstance.py:2170} INFO - Starting attempt 1 of 2
[2025-09-21T20:03:00.488+0000] {taskinstance.py:2191} INFO - Executing <Task(BranchPythonOperator): check_new_files> on 2025-09-21 18:45:00+00:00
[2025-09-21T20:03:00.509+0000] {standard_task_runner.py:60} INFO - Started process 3019 to run task
[2025-09-21T20:03:00.509+0000] {standard_task_runner.py:87} INFO - Running: ['***', 'tasks', 'run', 'crypto_etl_main', 'check_new_files', 'scheduled__2025-09-21T18:45:00+00:00', '--job-id', '70', '--raw', '--subdir', 'DAGS_FOLDER/crypto_etl_dag.py', '--cfg-path', '/tmp/tmpy_24shvk']
[2025-09-21T20:03:00.526+0000] {standard_task_runner.py:88} INFO - Job 70: Subtask check_new_files
[2025-09-21T20:03:00.737+0000] {task_command.py:423} INFO - Running <TaskInstance: crypto_etl_main.check_new_files scheduled__2025-09-21T18:45:00+00:00 [running]> on host e55d1e17d5c4
[2025-09-21T20:03:01.048+0000] {taskinstance.py:2480} INFO - Exporting env vars: AIRFLOW_CTX_DAG_OWNER='data-team' AIRFLOW_CTX_DAG_ID='crypto_etl_main' AIRFLOW_CTX_TASK_ID='check_new_files' AIRFLOW_CTX_EXECUTION_DATE='2025-09-21T18:45:00+00:00' AIRFLOW_CTX_TRY_NUMBER='1' AIRFLOW_CTX_DAG_RUN_ID='scheduled__2025-09-21T18:45:00+00:00'
[2025-09-21T20:03:01.569+0000] {log.py:232} WARNING - [2025-09-21 20:03:01,568] INFO - crypto_etl - Listing files from bucket crypto-data with prefix 'raw-data/'
[2025-09-21T20:03:01.568+0000] {extract.py:23} INFO - Listing files from bucket crypto-data with prefix 'raw-data/'
[2025-09-21T20:03:01.638+0000] {log.py:232} WARNING - [2025-09-21 20:03:01,635] INFO - crypto_etl - Found 75 CSV files
[2025-09-21T20:03:01.635+0000] {extract.py:27} INFO - Found 75 CSV files
[2025-09-21T20:03:01.657+0000] {log.py:232} WARNING - [2025-09-21 20:03:01,654] INFO - crypto_etl - Found 0 unprocessed files out of 75 total
[2025-09-21T20:03:01.654+0000] {file_processor.py:24} INFO - Found 0 unprocessed files out of 75 total
[2025-09-21T20:03:01.664+0000] {logging_mixin.py:188} INFO - No new files to process
[2025-09-21T20:03:01.666+0000] {python.py:201} INFO - Done. Returned value was: no_new_files
[2025-09-21T20:03:01.668+0000] {branch.py:35} INFO - Branch into no_new_files
[2025-09-21T20:03:01.669+0000] {skipmixin.py:178} INFO - Following branch no_new_files
[2025-09-21T20:03:01.773+0000] {skipmixin.py:244} INFO - Skipping tasks [('validate_files', -1)]
[2025-09-21T20:03:02.019+0000] {taskinstance.py:1138} INFO - Marking task as SUCCESS. dag_id=crypto_etl_main, task_id=check_new_files, execution_date=20250921T184500, start_date=20250921T200300, end_date=20250921T200302
[2025-09-21T20:03:02.235+0000] {local_task_job_runner.py:234} INFO - Task exited with return code 0
[2025-09-21T20:03:02.458+0000] {taskinstance.py:3280} INFO - 0 downstream tasks scheduled from follow-on schedule check
