[2025-09-20T22:35:17.853+0000] {taskinstance.py:1956} INFO - Dependencies all met for dep_context=non-requeueable deps ti=<TaskInstance: crypto_etl_main.transform_data manual__2025-09-20T22:35:03.027835+00:00 [queued]>
[2025-09-20T22:35:17.869+0000] {taskinstance.py:1956} INFO - Dependencies all met for dep_context=requeueable deps ti=<TaskInstance: crypto_etl_main.transform_data manual__2025-09-20T22:35:03.027835+00:00 [queued]>
[2025-09-20T22:35:17.870+0000] {taskinstance.py:2170} INFO - Starting attempt 1 of 2
[2025-09-20T22:35:17.905+0000] {taskinstance.py:2191} INFO - Executing <Task(PythonOperator): transform_data> on 2025-09-20 22:35:03.027835+00:00
[2025-09-20T22:35:17.919+0000] {standard_task_runner.py:60} INFO - Started process 870 to run task
[2025-09-20T22:35:17.922+0000] {standard_task_runner.py:87} INFO - Running: ['***', 'tasks', 'run', 'crypto_etl_main', 'transform_data', 'manual__2025-09-20T22:35:03.027835+00:00', '--job-id', '157', '--raw', '--subdir', 'DAGS_FOLDER/crypto_etl_dag.py', '--cfg-path', '/tmp/tmp8hyi4oqp']
[2025-09-20T22:35:17.935+0000] {standard_task_runner.py:88} INFO - Job 157: Subtask transform_data
[2025-09-20T22:35:18.078+0000] {task_command.py:423} INFO - Running <TaskInstance: crypto_etl_main.transform_data manual__2025-09-20T22:35:03.027835+00:00 [running]> on host 81634f637f1a
[2025-09-20T22:35:18.294+0000] {taskinstance.py:2480} INFO - Exporting env vars: AIRFLOW_CTX_DAG_OWNER='data-team' AIRFLOW_CTX_DAG_ID='crypto_etl_main' AIRFLOW_CTX_TASK_ID='transform_data' AIRFLOW_CTX_EXECUTION_DATE='2025-09-20T22:35:03.027835+00:00' AIRFLOW_CTX_TRY_NUMBER='1' AIRFLOW_CTX_DAG_RUN_ID='manual__2025-09-20T22:35:03.027835+00:00'
[2025-09-20T22:35:18.357+0000] {log.py:232} WARNING - [2025-09-20 22:35:18,356] INFO - crypto_etl - Starting data transformation...
[2025-09-20T22:35:18.356+0000] {transform.py:27} INFO - Starting data transformation...
[2025-09-20T22:35:18.364+0000] {log.py:232} WARNING - [2025-09-20 22:35:18,363] INFO - crypto_etl - Adding derived metrics...
[2025-09-20T22:35:18.363+0000] {transform.py:14} INFO - Adding derived metrics...
[2025-09-20T22:35:18.399+0000] {log.py:232} WARNING - [2025-09-20 22:35:18,398] INFO - crypto_etl - Data transformation complete
[2025-09-20T22:35:18.398+0000] {transform.py:32} INFO - Data transformation complete
[2025-09-20T22:35:18.415+0000] {log.py:232} WARNING - [2025-09-20 22:35:18,415] INFO - crypto_etl - Upserted 6 rows into processed_prices
[2025-09-20T22:35:18.415+0000] {load.py:44} INFO - Upserted 6 rows into processed_prices
[2025-09-20T22:35:18.427+0000] {log.py:232} WARNING - [2025-09-20 22:35:18,426] INFO - crypto_etl - Marked raw-data/2025/09/20/23/crypto_data_20250920_23.csv as completed with 6 records
[2025-09-20T22:35:18.426+0000] {file_processor.py:61} INFO - Marked raw-data/2025/09/20/23/crypto_data_20250920_23.csv as completed with 6 records
[2025-09-20T22:35:18.428+0000] {logging_mixin.py:188} INFO - ✓ Successfully processed: raw-data/2025/09/20/23/crypto_data_20250920_23.csv (6 records)
[2025-09-20T22:35:18.482+0000] {python.py:201} INFO - Done. Returned value was: Processed 1 files successfully, 6 total records
[2025-09-20T22:35:18.511+0000] {taskinstance.py:1138} INFO - Marking task as SUCCESS. dag_id=crypto_etl_main, task_id=transform_data, execution_date=20250920T223503, start_date=20250920T223517, end_date=20250920T223518
[2025-09-20T22:35:18.549+0000] {local_task_job_runner.py:234} INFO - Task exited with return code 0
[2025-09-20T22:35:18.594+0000] {taskinstance.py:3280} INFO - 1 downstream tasks scheduled from follow-on schedule check
