[2025-09-21T16:32:45.708+0000] {taskinstance.py:1956} INFO - Dependencies all met for dep_context=non-requeueable deps ti=<TaskInstance: crypto_etl_main.extract_data scheduled__2025-09-21T16:15:00+00:00 [queued]>
[2025-09-21T16:32:45.727+0000] {taskinstance.py:1956} INFO - Dependencies all met for dep_context=requeueable deps ti=<TaskInstance: crypto_etl_main.extract_data scheduled__2025-09-21T16:15:00+00:00 [queued]>
[2025-09-21T16:32:45.728+0000] {taskinstance.py:2170} INFO - Starting attempt 1 of 2
[2025-09-21T16:32:45.764+0000] {taskinstance.py:2191} INFO - Executing <Task(PythonOperator): extract_data> on 2025-09-21 16:15:00+00:00
[2025-09-21T16:32:45.774+0000] {standard_task_runner.py:60} INFO - Started process 890 to run task
[2025-09-21T16:32:45.782+0000] {standard_task_runner.py:87} INFO - Running: ['***', 'tasks', 'run', 'crypto_etl_main', 'extract_data', 'scheduled__2025-09-21T16:15:00+00:00', '--job-id', '45', '--raw', '--subdir', 'DAGS_FOLDER/crypto_etl_dag.py', '--cfg-path', '/tmp/tmpedvz1s2r']
[2025-09-21T16:32:45.788+0000] {standard_task_runner.py:88} INFO - Job 45: Subtask extract_data
[2025-09-21T16:32:45.892+0000] {task_command.py:423} INFO - Running <TaskInstance: crypto_etl_main.extract_data scheduled__2025-09-21T16:15:00+00:00 [running]> on host e55d1e17d5c4
[2025-09-21T16:32:46.103+0000] {taskinstance.py:2480} INFO - Exporting env vars: AIRFLOW_CTX_DAG_OWNER='data-team' AIRFLOW_CTX_DAG_ID='crypto_etl_main' AIRFLOW_CTX_TASK_ID='extract_data' AIRFLOW_CTX_EXECUTION_DATE='2025-09-21T16:15:00+00:00' AIRFLOW_CTX_TRY_NUMBER='1' AIRFLOW_CTX_DAG_RUN_ID='scheduled__2025-09-21T16:15:00+00:00'
[2025-09-21T16:32:46.302+0000] {log.py:232} WARNING - [2025-09-21 16:32:46,301] INFO - crypto_etl - Reading CSV raw-data/2025/09/18/16/crypto_data_20250918_16.csv from bucket crypto-data
[2025-09-21T16:32:46.301+0000] {extract.py:37} INFO - Reading CSV raw-data/2025/09/18/16/crypto_data_20250918_16.csv from bucket crypto-data
[2025-09-21T16:32:46.331+0000] {log.py:232} WARNING - [2025-09-21 16:32:46,331] INFO - crypto_etl - Read CSV raw-data/2025/09/18/16/crypto_data_20250918_16.csv with 6 rows
[2025-09-21T16:32:46.331+0000] {extract.py:44} INFO - Read CSV raw-data/2025/09/18/16/crypto_data_20250918_16.csv with 6 rows
[2025-09-21T16:32:46.349+0000] {logging_mixin.py:188} INFO - ✓ Quality check passed: raw-data/2025/09/18/16/crypto_data_20250918_16.csv - {'total_records': 6, 'unique_symbols': 6, 'date_range': {'start': '2025-09-18T16:00:00', 'end': '2025-09-18T16:00:00'}, 'null_percentage': 0.0}
[2025-09-21T16:32:46.350+0000] {log.py:232} WARNING - [2025-09-21 16:32:46,350] INFO - crypto_etl - Reading CSV raw-data/2025/09/18/17/crypto_data_20250918_17.csv from bucket crypto-data
[2025-09-21T16:32:46.350+0000] {extract.py:37} INFO - Reading CSV raw-data/2025/09/18/17/crypto_data_20250918_17.csv from bucket crypto-data
[2025-09-21T16:32:46.358+0000] {log.py:232} WARNING - [2025-09-21 16:32:46,358] INFO - crypto_etl - Read CSV raw-data/2025/09/18/17/crypto_data_20250918_17.csv with 6 rows
[2025-09-21T16:32:46.358+0000] {extract.py:44} INFO - Read CSV raw-data/2025/09/18/17/crypto_data_20250918_17.csv with 6 rows
[2025-09-21T16:32:46.368+0000] {logging_mixin.py:188} INFO - ✓ Quality check passed: raw-data/2025/09/18/17/crypto_data_20250918_17.csv - {'total_records': 6, 'unique_symbols': 6, 'date_range': {'start': '2025-09-18T17:00:00', 'end': '2025-09-18T17:00:00'}, 'null_percentage': 0.0}
[2025-09-21T16:32:46.370+0000] {log.py:232} WARNING - [2025-09-21 16:32:46,369] INFO - crypto_etl - Reading CSV raw-data/2025/09/18/18/crypto_data_20250918_18.csv from bucket crypto-data
[2025-09-21T16:32:46.369+0000] {extract.py:37} INFO - Reading CSV raw-data/2025/09/18/18/crypto_data_20250918_18.csv from bucket crypto-data
[2025-09-21T16:32:46.378+0000] {log.py:232} WARNING - [2025-09-21 16:32:46,377] INFO - crypto_etl - Read CSV raw-data/2025/09/18/18/crypto_data_20250918_18.csv with 6 rows
[2025-09-21T16:32:46.377+0000] {extract.py:44} INFO - Read CSV raw-data/2025/09/18/18/crypto_data_20250918_18.csv with 6 rows
[2025-09-21T16:32:46.388+0000] {logging_mixin.py:188} INFO - ✓ Quality check passed: raw-data/2025/09/18/18/crypto_data_20250918_18.csv - {'total_records': 6, 'unique_symbols': 6, 'date_range': {'start': '2025-09-18T18:00:00', 'end': '2025-09-18T18:00:00'}, 'null_percentage': 0.0}
[2025-09-21T16:32:46.390+0000] {log.py:232} WARNING - [2025-09-21 16:32:46,389] INFO - crypto_etl - Reading CSV raw-data/2025/09/18/19/crypto_data_20250918_19.csv from bucket crypto-data
[2025-09-21T16:32:46.389+0000] {extract.py:37} INFO - Reading CSV raw-data/2025/09/18/19/crypto_data_20250918_19.csv from bucket crypto-data
[2025-09-21T16:32:46.398+0000] {log.py:232} WARNING - [2025-09-21 16:32:46,397] INFO - crypto_etl - Read CSV raw-data/2025/09/18/19/crypto_data_20250918_19.csv with 6 rows
[2025-09-21T16:32:46.397+0000] {extract.py:44} INFO - Read CSV raw-data/2025/09/18/19/crypto_data_20250918_19.csv with 6 rows
[2025-09-21T16:32:46.408+0000] {logging_mixin.py:188} INFO - ✓ Quality check passed: raw-data/2025/09/18/19/crypto_data_20250918_19.csv - {'total_records': 6, 'unique_symbols': 6, 'date_range': {'start': '2025-09-18T19:00:00', 'end': '2025-09-18T19:00:00'}, 'null_percentage': 0.0}
[2025-09-21T16:32:46.410+0000] {log.py:232} WARNING - [2025-09-21 16:32:46,409] INFO - crypto_etl - Reading CSV raw-data/2025/09/18/20/crypto_data_20250918_20.csv from bucket crypto-data
[2025-09-21T16:32:46.409+0000] {extract.py:37} INFO - Reading CSV raw-data/2025/09/18/20/crypto_data_20250918_20.csv from bucket crypto-data
[2025-09-21T16:32:46.417+0000] {log.py:232} WARNING - [2025-09-21 16:32:46,417] INFO - crypto_etl - Read CSV raw-data/2025/09/18/20/crypto_data_20250918_20.csv with 6 rows
[2025-09-21T16:32:46.417+0000] {extract.py:44} INFO - Read CSV raw-data/2025/09/18/20/crypto_data_20250918_20.csv with 6 rows
[2025-09-21T16:32:46.428+0000] {logging_mixin.py:188} INFO - ✓ Quality check passed: raw-data/2025/09/18/20/crypto_data_20250918_20.csv - {'total_records': 6, 'unique_symbols': 6, 'date_range': {'start': '2025-09-18T20:00:00', 'end': '2025-09-18T20:00:00'}, 'null_percentage': 0.0}
[2025-09-21T16:32:46.430+0000] {log.py:232} WARNING - [2025-09-21 16:32:46,429] INFO - crypto_etl - Reading CSV raw-data/2025/09/18/21/crypto_data_20250918_21.csv from bucket crypto-data
[2025-09-21T16:32:46.429+0000] {extract.py:37} INFO - Reading CSV raw-data/2025/09/18/21/crypto_data_20250918_21.csv from bucket crypto-data
[2025-09-21T16:32:46.438+0000] {log.py:232} WARNING - [2025-09-21 16:32:46,437] INFO - crypto_etl - Read CSV raw-data/2025/09/18/21/crypto_data_20250918_21.csv with 6 rows
[2025-09-21T16:32:46.437+0000] {extract.py:44} INFO - Read CSV raw-data/2025/09/18/21/crypto_data_20250918_21.csv with 6 rows
[2025-09-21T16:32:46.449+0000] {logging_mixin.py:188} INFO - ✓ Quality check passed: raw-data/2025/09/18/21/crypto_data_20250918_21.csv - {'total_records': 6, 'unique_symbols': 6, 'date_range': {'start': '2025-09-18T21:00:00', 'end': '2025-09-18T21:00:00'}, 'null_percentage': 0.0}
[2025-09-21T16:32:46.450+0000] {log.py:232} WARNING - [2025-09-21 16:32:46,450] INFO - crypto_etl - Reading CSV raw-data/2025/09/18/22/crypto_data_20250918_22.csv from bucket crypto-data
[2025-09-21T16:32:46.450+0000] {extract.py:37} INFO - Reading CSV raw-data/2025/09/18/22/crypto_data_20250918_22.csv from bucket crypto-data
[2025-09-21T16:32:46.459+0000] {log.py:232} WARNING - [2025-09-21 16:32:46,458] INFO - crypto_etl - Read CSV raw-data/2025/09/18/22/crypto_data_20250918_22.csv with 6 rows
[2025-09-21T16:32:46.458+0000] {extract.py:44} INFO - Read CSV raw-data/2025/09/18/22/crypto_data_20250918_22.csv with 6 rows
[2025-09-21T16:32:46.469+0000] {logging_mixin.py:188} INFO - ✓ Quality check passed: raw-data/2025/09/18/22/crypto_data_20250918_22.csv - {'total_records': 6, 'unique_symbols': 6, 'date_range': {'start': '2025-09-18T22:00:00', 'end': '2025-09-18T22:00:00'}, 'null_percentage': 0.0}
[2025-09-21T16:32:46.471+0000] {log.py:232} WARNING - [2025-09-21 16:32:46,470] INFO - crypto_etl - Reading CSV raw-data/2025/09/18/23/crypto_data_20250918_23.csv from bucket crypto-data
[2025-09-21T16:32:46.470+0000] {extract.py:37} INFO - Reading CSV raw-data/2025/09/18/23/crypto_data_20250918_23.csv from bucket crypto-data
[2025-09-21T16:32:46.481+0000] {log.py:232} WARNING - [2025-09-21 16:32:46,480] INFO - crypto_etl - Read CSV raw-data/2025/09/18/23/crypto_data_20250918_23.csv with 6 rows
[2025-09-21T16:32:46.480+0000] {extract.py:44} INFO - Read CSV raw-data/2025/09/18/23/crypto_data_20250918_23.csv with 6 rows
[2025-09-21T16:32:46.491+0000] {logging_mixin.py:188} INFO - ✓ Quality check passed: raw-data/2025/09/18/23/crypto_data_20250918_23.csv - {'total_records': 6, 'unique_symbols': 6, 'date_range': {'start': '2025-09-18T23:00:00', 'end': '2025-09-18T23:00:00'}, 'null_percentage': 0.0}
[2025-09-21T16:32:46.493+0000] {log.py:232} WARNING - [2025-09-21 16:32:46,492] INFO - crypto_etl - Reading CSV raw-data/2025/09/19/00/crypto_data_20250919_00.csv from bucket crypto-data
[2025-09-21T16:32:46.492+0000] {extract.py:37} INFO - Reading CSV raw-data/2025/09/19/00/crypto_data_20250919_00.csv from bucket crypto-data
[2025-09-21T16:32:46.500+0000] {log.py:232} WARNING - [2025-09-21 16:32:46,499] INFO - crypto_etl - Read CSV raw-data/2025/09/19/00/crypto_data_20250919_00.csv with 6 rows
[2025-09-21T16:32:46.499+0000] {extract.py:44} INFO - Read CSV raw-data/2025/09/19/00/crypto_data_20250919_00.csv with 6 rows
[2025-09-21T16:32:46.510+0000] {logging_mixin.py:188} INFO - ✓ Quality check passed: raw-data/2025/09/19/00/crypto_data_20250919_00.csv - {'total_records': 6, 'unique_symbols': 6, 'date_range': {'start': '2025-09-19T00:00:00', 'end': '2025-09-19T00:00:00'}, 'null_percentage': 0.0}
[2025-09-21T16:32:46.512+0000] {log.py:232} WARNING - [2025-09-21 16:32:46,511] INFO - crypto_etl - Reading CSV raw-data/2025/09/19/01/crypto_data_20250919_01.csv from bucket crypto-data
[2025-09-21T16:32:46.511+0000] {extract.py:37} INFO - Reading CSV raw-data/2025/09/19/01/crypto_data_20250919_01.csv from bucket crypto-data
[2025-09-21T16:32:46.520+0000] {log.py:232} WARNING - [2025-09-21 16:32:46,519] INFO - crypto_etl - Read CSV raw-data/2025/09/19/01/crypto_data_20250919_01.csv with 6 rows
[2025-09-21T16:32:46.519+0000] {extract.py:44} INFO - Read CSV raw-data/2025/09/19/01/crypto_data_20250919_01.csv with 6 rows
[2025-09-21T16:32:46.530+0000] {logging_mixin.py:188} INFO - ✓ Quality check passed: raw-data/2025/09/19/01/crypto_data_20250919_01.csv - {'total_records': 6, 'unique_symbols': 6, 'date_range': {'start': '2025-09-19T01:00:00', 'end': '2025-09-19T01:00:00'}, 'null_percentage': 0.0}
[2025-09-21T16:32:46.532+0000] {log.py:232} WARNING - [2025-09-21 16:32:46,531] INFO - crypto_etl - Reading CSV raw-data/2025/09/19/02/crypto_data_20250919_02.csv from bucket crypto-data
[2025-09-21T16:32:46.531+0000] {extract.py:37} INFO - Reading CSV raw-data/2025/09/19/02/crypto_data_20250919_02.csv from bucket crypto-data
[2025-09-21T16:32:46.541+0000] {log.py:232} WARNING - [2025-09-21 16:32:46,540] INFO - crypto_etl - Read CSV raw-data/2025/09/19/02/crypto_data_20250919_02.csv with 6 rows
[2025-09-21T16:32:46.540+0000] {extract.py:44} INFO - Read CSV raw-data/2025/09/19/02/crypto_data_20250919_02.csv with 6 rows
[2025-09-21T16:32:46.551+0000] {logging_mixin.py:188} INFO - ✓ Quality check passed: raw-data/2025/09/19/02/crypto_data_20250919_02.csv - {'total_records': 6, 'unique_symbols': 6, 'date_range': {'start': '2025-09-19T02:00:00', 'end': '2025-09-19T02:00:00'}, 'null_percentage': 0.0}
[2025-09-21T16:32:46.553+0000] {log.py:232} WARNING - [2025-09-21 16:32:46,552] INFO - crypto_etl - Reading CSV raw-data/2025/09/19/03/crypto_data_20250919_03.csv from bucket crypto-data
[2025-09-21T16:32:46.552+0000] {extract.py:37} INFO - Reading CSV raw-data/2025/09/19/03/crypto_data_20250919_03.csv from bucket crypto-data
[2025-09-21T16:32:46.561+0000] {log.py:232} WARNING - [2025-09-21 16:32:46,560] INFO - crypto_etl - Read CSV raw-data/2025/09/19/03/crypto_data_20250919_03.csv with 6 rows
[2025-09-21T16:32:46.560+0000] {extract.py:44} INFO - Read CSV raw-data/2025/09/19/03/crypto_data_20250919_03.csv with 6 rows
[2025-09-21T16:32:46.571+0000] {logging_mixin.py:188} INFO - ✓ Quality check passed: raw-data/2025/09/19/03/crypto_data_20250919_03.csv - {'total_records': 6, 'unique_symbols': 6, 'date_range': {'start': '2025-09-19T03:00:00', 'end': '2025-09-19T03:00:00'}, 'null_percentage': 0.0}
[2025-09-21T16:32:46.573+0000] {log.py:232} WARNING - [2025-09-21 16:32:46,572] INFO - crypto_etl - Reading CSV raw-data/2025/09/19/04/crypto_data_20250919_04.csv from bucket crypto-data
[2025-09-21T16:32:46.572+0000] {extract.py:37} INFO - Reading CSV raw-data/2025/09/19/04/crypto_data_20250919_04.csv from bucket crypto-data
[2025-09-21T16:32:46.581+0000] {log.py:232} WARNING - [2025-09-21 16:32:46,580] INFO - crypto_etl - Read CSV raw-data/2025/09/19/04/crypto_data_20250919_04.csv with 6 rows
[2025-09-21T16:32:46.580+0000] {extract.py:44} INFO - Read CSV raw-data/2025/09/19/04/crypto_data_20250919_04.csv with 6 rows
[2025-09-21T16:32:46.592+0000] {logging_mixin.py:188} INFO - ✓ Quality check passed: raw-data/2025/09/19/04/crypto_data_20250919_04.csv - {'total_records': 6, 'unique_symbols': 6, 'date_range': {'start': '2025-09-19T04:00:00', 'end': '2025-09-19T04:00:00'}, 'null_percentage': 0.0}
[2025-09-21T16:32:46.594+0000] {log.py:232} WARNING - [2025-09-21 16:32:46,594] INFO - crypto_etl - Reading CSV raw-data/2025/09/19/05/crypto_data_20250919_05.csv from bucket crypto-data
[2025-09-21T16:32:46.594+0000] {extract.py:37} INFO - Reading CSV raw-data/2025/09/19/05/crypto_data_20250919_05.csv from bucket crypto-data
[2025-09-21T16:32:46.602+0000] {log.py:232} WARNING - [2025-09-21 16:32:46,601] INFO - crypto_etl - Read CSV raw-data/2025/09/19/05/crypto_data_20250919_05.csv with 6 rows
[2025-09-21T16:32:46.601+0000] {extract.py:44} INFO - Read CSV raw-data/2025/09/19/05/crypto_data_20250919_05.csv with 6 rows
[2025-09-21T16:32:46.613+0000] {logging_mixin.py:188} INFO - ✓ Quality check passed: raw-data/2025/09/19/05/crypto_data_20250919_05.csv - {'total_records': 6, 'unique_symbols': 6, 'date_range': {'start': '2025-09-19T05:00:00', 'end': '2025-09-19T05:00:00'}, 'null_percentage': 0.0}
[2025-09-21T16:32:46.614+0000] {log.py:232} WARNING - [2025-09-21 16:32:46,614] INFO - crypto_etl - Reading CSV raw-data/2025/09/19/06/crypto_data_20250919_06.csv from bucket crypto-data
[2025-09-21T16:32:46.614+0000] {extract.py:37} INFO - Reading CSV raw-data/2025/09/19/06/crypto_data_20250919_06.csv from bucket crypto-data
[2025-09-21T16:32:46.622+0000] {log.py:232} WARNING - [2025-09-21 16:32:46,621] INFO - crypto_etl - Read CSV raw-data/2025/09/19/06/crypto_data_20250919_06.csv with 6 rows
[2025-09-21T16:32:46.621+0000] {extract.py:44} INFO - Read CSV raw-data/2025/09/19/06/crypto_data_20250919_06.csv with 6 rows
[2025-09-21T16:32:46.632+0000] {logging_mixin.py:188} INFO - ✓ Quality check passed: raw-data/2025/09/19/06/crypto_data_20250919_06.csv - {'total_records': 6, 'unique_symbols': 6, 'date_range': {'start': '2025-09-19T06:00:00', 'end': '2025-09-19T06:00:00'}, 'null_percentage': 0.0}
[2025-09-21T16:32:46.634+0000] {log.py:232} WARNING - [2025-09-21 16:32:46,633] INFO - crypto_etl - Reading CSV raw-data/2025/09/19/07/crypto_data_20250919_07.csv from bucket crypto-data
[2025-09-21T16:32:46.633+0000] {extract.py:37} INFO - Reading CSV raw-data/2025/09/19/07/crypto_data_20250919_07.csv from bucket crypto-data
[2025-09-21T16:32:46.642+0000] {log.py:232} WARNING - [2025-09-21 16:32:46,642] INFO - crypto_etl - Read CSV raw-data/2025/09/19/07/crypto_data_20250919_07.csv with 6 rows
[2025-09-21T16:32:46.642+0000] {extract.py:44} INFO - Read CSV raw-data/2025/09/19/07/crypto_data_20250919_07.csv with 6 rows
[2025-09-21T16:32:46.652+0000] {logging_mixin.py:188} INFO - ✓ Quality check passed: raw-data/2025/09/19/07/crypto_data_20250919_07.csv - {'total_records': 6, 'unique_symbols': 6, 'date_range': {'start': '2025-09-19T07:00:00', 'end': '2025-09-19T07:00:00'}, 'null_percentage': 0.0}
[2025-09-21T16:32:46.654+0000] {log.py:232} WARNING - [2025-09-21 16:32:46,653] INFO - crypto_etl - Reading CSV raw-data/2025/09/19/08/crypto_data_20250919_08.csv from bucket crypto-data
[2025-09-21T16:32:46.653+0000] {extract.py:37} INFO - Reading CSV raw-data/2025/09/19/08/crypto_data_20250919_08.csv from bucket crypto-data
[2025-09-21T16:32:46.662+0000] {log.py:232} WARNING - [2025-09-21 16:32:46,661] INFO - crypto_etl - Read CSV raw-data/2025/09/19/08/crypto_data_20250919_08.csv with 6 rows
[2025-09-21T16:32:46.661+0000] {extract.py:44} INFO - Read CSV raw-data/2025/09/19/08/crypto_data_20250919_08.csv with 6 rows
[2025-09-21T16:32:46.684+0000] {logging_mixin.py:188} INFO - ✓ Quality check passed: raw-data/2025/09/19/08/crypto_data_20250919_08.csv - {'total_records': 6, 'unique_symbols': 6, 'date_range': {'start': '2025-09-19T08:00:00', 'end': '2025-09-19T08:00:00'}, 'null_percentage': 0.0}
[2025-09-21T16:32:46.691+0000] {log.py:232} WARNING - [2025-09-21 16:32:46,690] INFO - crypto_etl - Reading CSV raw-data/2025/09/19/09/crypto_data_20250919_09.csv from bucket crypto-data
[2025-09-21T16:32:46.690+0000] {extract.py:37} INFO - Reading CSV raw-data/2025/09/19/09/crypto_data_20250919_09.csv from bucket crypto-data
[2025-09-21T16:32:46.700+0000] {log.py:232} WARNING - [2025-09-21 16:32:46,699] INFO - crypto_etl - Read CSV raw-data/2025/09/19/09/crypto_data_20250919_09.csv with 6 rows
[2025-09-21T16:32:46.699+0000] {extract.py:44} INFO - Read CSV raw-data/2025/09/19/09/crypto_data_20250919_09.csv with 6 rows
[2025-09-21T16:32:46.712+0000] {logging_mixin.py:188} INFO - ✓ Quality check passed: raw-data/2025/09/19/09/crypto_data_20250919_09.csv - {'total_records': 6, 'unique_symbols': 6, 'date_range': {'start': '2025-09-19T09:00:00', 'end': '2025-09-19T09:00:00'}, 'null_percentage': 0.0}
[2025-09-21T16:32:46.714+0000] {log.py:232} WARNING - [2025-09-21 16:32:46,713] INFO - crypto_etl - Reading CSV raw-data/2025/09/19/10/crypto_data_20250919_10.csv from bucket crypto-data
[2025-09-21T16:32:46.713+0000] {extract.py:37} INFO - Reading CSV raw-data/2025/09/19/10/crypto_data_20250919_10.csv from bucket crypto-data
[2025-09-21T16:32:46.721+0000] {log.py:232} WARNING - [2025-09-21 16:32:46,721] INFO - crypto_etl - Read CSV raw-data/2025/09/19/10/crypto_data_20250919_10.csv with 6 rows
[2025-09-21T16:32:46.721+0000] {extract.py:44} INFO - Read CSV raw-data/2025/09/19/10/crypto_data_20250919_10.csv with 6 rows
[2025-09-21T16:32:46.731+0000] {logging_mixin.py:188} INFO - ✓ Quality check passed: raw-data/2025/09/19/10/crypto_data_20250919_10.csv - {'total_records': 6, 'unique_symbols': 6, 'date_range': {'start': '2025-09-19T10:00:00', 'end': '2025-09-19T10:00:00'}, 'null_percentage': 0.0}
[2025-09-21T16:32:46.732+0000] {log.py:232} WARNING - [2025-09-21 16:32:46,732] INFO - crypto_etl - Reading CSV raw-data/2025/09/19/11/crypto_data_20250919_11.csv from bucket crypto-data
[2025-09-21T16:32:46.732+0000] {extract.py:37} INFO - Reading CSV raw-data/2025/09/19/11/crypto_data_20250919_11.csv from bucket crypto-data
[2025-09-21T16:32:46.740+0000] {log.py:232} WARNING - [2025-09-21 16:32:46,739] INFO - crypto_etl - Read CSV raw-data/2025/09/19/11/crypto_data_20250919_11.csv with 6 rows
[2025-09-21T16:32:46.739+0000] {extract.py:44} INFO - Read CSV raw-data/2025/09/19/11/crypto_data_20250919_11.csv with 6 rows
[2025-09-21T16:32:46.750+0000] {logging_mixin.py:188} INFO - ✓ Quality check passed: raw-data/2025/09/19/11/crypto_data_20250919_11.csv - {'total_records': 6, 'unique_symbols': 6, 'date_range': {'start': '2025-09-19T11:00:00', 'end': '2025-09-19T11:00:00'}, 'null_percentage': 0.0}
[2025-09-21T16:32:46.751+0000] {log.py:232} WARNING - [2025-09-21 16:32:46,751] INFO - crypto_etl - Reading CSV raw-data/2025/09/19/12/crypto_data_20250919_12.csv from bucket crypto-data
[2025-09-21T16:32:46.751+0000] {extract.py:37} INFO - Reading CSV raw-data/2025/09/19/12/crypto_data_20250919_12.csv from bucket crypto-data
[2025-09-21T16:32:46.759+0000] {log.py:232} WARNING - [2025-09-21 16:32:46,758] INFO - crypto_etl - Read CSV raw-data/2025/09/19/12/crypto_data_20250919_12.csv with 6 rows
[2025-09-21T16:32:46.758+0000] {extract.py:44} INFO - Read CSV raw-data/2025/09/19/12/crypto_data_20250919_12.csv with 6 rows
[2025-09-21T16:32:46.769+0000] {logging_mixin.py:188} INFO - ✓ Quality check passed: raw-data/2025/09/19/12/crypto_data_20250919_12.csv - {'total_records': 6, 'unique_symbols': 6, 'date_range': {'start': '2025-09-19T12:00:00', 'end': '2025-09-19T12:00:00'}, 'null_percentage': 0.0}
[2025-09-21T16:32:46.770+0000] {log.py:232} WARNING - [2025-09-21 16:32:46,770] INFO - crypto_etl - Reading CSV raw-data/2025/09/19/13/crypto_data_20250919_13.csv from bucket crypto-data
[2025-09-21T16:32:46.770+0000] {extract.py:37} INFO - Reading CSV raw-data/2025/09/19/13/crypto_data_20250919_13.csv from bucket crypto-data
[2025-09-21T16:32:46.778+0000] {log.py:232} WARNING - [2025-09-21 16:32:46,777] INFO - crypto_etl - Read CSV raw-data/2025/09/19/13/crypto_data_20250919_13.csv with 6 rows
[2025-09-21T16:32:46.777+0000] {extract.py:44} INFO - Read CSV raw-data/2025/09/19/13/crypto_data_20250919_13.csv with 6 rows
[2025-09-21T16:32:46.788+0000] {logging_mixin.py:188} INFO - ✓ Quality check passed: raw-data/2025/09/19/13/crypto_data_20250919_13.csv - {'total_records': 6, 'unique_symbols': 6, 'date_range': {'start': '2025-09-19T13:00:00', 'end': '2025-09-19T13:00:00'}, 'null_percentage': 0.0}
[2025-09-21T16:32:46.790+0000] {log.py:232} WARNING - [2025-09-21 16:32:46,789] INFO - crypto_etl - Reading CSV raw-data/2025/09/19/14/crypto_data_20250919_14.csv from bucket crypto-data
[2025-09-21T16:32:46.789+0000] {extract.py:37} INFO - Reading CSV raw-data/2025/09/19/14/crypto_data_20250919_14.csv from bucket crypto-data
[2025-09-21T16:32:46.797+0000] {log.py:232} WARNING - [2025-09-21 16:32:46,797] INFO - crypto_etl - Read CSV raw-data/2025/09/19/14/crypto_data_20250919_14.csv with 6 rows
[2025-09-21T16:32:46.797+0000] {extract.py:44} INFO - Read CSV raw-data/2025/09/19/14/crypto_data_20250919_14.csv with 6 rows
[2025-09-21T16:32:46.807+0000] {logging_mixin.py:188} INFO - ✓ Quality check passed: raw-data/2025/09/19/14/crypto_data_20250919_14.csv - {'total_records': 6, 'unique_symbols': 6, 'date_range': {'start': '2025-09-19T14:00:00', 'end': '2025-09-19T14:00:00'}, 'null_percentage': 0.0}
[2025-09-21T16:32:46.809+0000] {log.py:232} WARNING - [2025-09-21 16:32:46,808] INFO - crypto_etl - Reading CSV raw-data/2025/09/19/15/crypto_data_20250919_15.csv from bucket crypto-data
[2025-09-21T16:32:46.808+0000] {extract.py:37} INFO - Reading CSV raw-data/2025/09/19/15/crypto_data_20250919_15.csv from bucket crypto-data
[2025-09-21T16:32:46.817+0000] {log.py:232} WARNING - [2025-09-21 16:32:46,816] INFO - crypto_etl - Read CSV raw-data/2025/09/19/15/crypto_data_20250919_15.csv with 6 rows
[2025-09-21T16:32:46.816+0000] {extract.py:44} INFO - Read CSV raw-data/2025/09/19/15/crypto_data_20250919_15.csv with 6 rows
[2025-09-21T16:32:46.827+0000] {logging_mixin.py:188} INFO - ✓ Quality check passed: raw-data/2025/09/19/15/crypto_data_20250919_15.csv - {'total_records': 6, 'unique_symbols': 6, 'date_range': {'start': '2025-09-19T15:00:00', 'end': '2025-09-19T15:00:00'}, 'null_percentage': 0.0}
[2025-09-21T16:32:46.828+0000] {log.py:232} WARNING - [2025-09-21 16:32:46,828] INFO - crypto_etl - Reading CSV raw-data/2025/09/19/16/crypto_data_20250919_16.csv from bucket crypto-data
[2025-09-21T16:32:46.828+0000] {extract.py:37} INFO - Reading CSV raw-data/2025/09/19/16/crypto_data_20250919_16.csv from bucket crypto-data
[2025-09-21T16:32:46.839+0000] {log.py:232} WARNING - [2025-09-21 16:32:46,838] INFO - crypto_etl - Read CSV raw-data/2025/09/19/16/crypto_data_20250919_16.csv with 6 rows
[2025-09-21T16:32:46.838+0000] {extract.py:44} INFO - Read CSV raw-data/2025/09/19/16/crypto_data_20250919_16.csv with 6 rows
[2025-09-21T16:32:46.851+0000] {logging_mixin.py:188} INFO - ✓ Quality check passed: raw-data/2025/09/19/16/crypto_data_20250919_16.csv - {'total_records': 6, 'unique_symbols': 6, 'date_range': {'start': '2025-09-19T16:00:00', 'end': '2025-09-19T16:00:00'}, 'null_percentage': 0.0}
[2025-09-21T16:32:46.853+0000] {log.py:232} WARNING - [2025-09-21 16:32:46,852] INFO - crypto_etl - Reading CSV raw-data/2025/09/19/17/crypto_data_20250919_17.csv from bucket crypto-data
[2025-09-21T16:32:46.852+0000] {extract.py:37} INFO - Reading CSV raw-data/2025/09/19/17/crypto_data_20250919_17.csv from bucket crypto-data
[2025-09-21T16:32:46.862+0000] {log.py:232} WARNING - [2025-09-21 16:32:46,861] INFO - crypto_etl - Read CSV raw-data/2025/09/19/17/crypto_data_20250919_17.csv with 6 rows
[2025-09-21T16:32:46.861+0000] {extract.py:44} INFO - Read CSV raw-data/2025/09/19/17/crypto_data_20250919_17.csv with 6 rows
[2025-09-21T16:32:46.873+0000] {logging_mixin.py:188} INFO - ✓ Quality check passed: raw-data/2025/09/19/17/crypto_data_20250919_17.csv - {'total_records': 6, 'unique_symbols': 6, 'date_range': {'start': '2025-09-19T17:00:00', 'end': '2025-09-19T17:00:00'}, 'null_percentage': 0.0}
[2025-09-21T16:32:46.875+0000] {log.py:232} WARNING - [2025-09-21 16:32:46,874] INFO - crypto_etl - Reading CSV raw-data/2025/09/19/18/crypto_data_20250919_18.csv from bucket crypto-data
[2025-09-21T16:32:46.874+0000] {extract.py:37} INFO - Reading CSV raw-data/2025/09/19/18/crypto_data_20250919_18.csv from bucket crypto-data
[2025-09-21T16:32:46.884+0000] {log.py:232} WARNING - [2025-09-21 16:32:46,884] INFO - crypto_etl - Read CSV raw-data/2025/09/19/18/crypto_data_20250919_18.csv with 6 rows
[2025-09-21T16:32:46.884+0000] {extract.py:44} INFO - Read CSV raw-data/2025/09/19/18/crypto_data_20250919_18.csv with 6 rows
[2025-09-21T16:32:46.899+0000] {logging_mixin.py:188} INFO - ✓ Quality check passed: raw-data/2025/09/19/18/crypto_data_20250919_18.csv - {'total_records': 6, 'unique_symbols': 6, 'date_range': {'start': '2025-09-19T18:00:00', 'end': '2025-09-19T18:00:00'}, 'null_percentage': 0.0}
[2025-09-21T16:32:46.901+0000] {log.py:232} WARNING - [2025-09-21 16:32:46,900] INFO - crypto_etl - Reading CSV raw-data/2025/09/19/19/crypto_data_20250919_19.csv from bucket crypto-data
[2025-09-21T16:32:46.900+0000] {extract.py:37} INFO - Reading CSV raw-data/2025/09/19/19/crypto_data_20250919_19.csv from bucket crypto-data
[2025-09-21T16:32:46.911+0000] {log.py:232} WARNING - [2025-09-21 16:32:46,910] INFO - crypto_etl - Read CSV raw-data/2025/09/19/19/crypto_data_20250919_19.csv with 6 rows
[2025-09-21T16:32:46.910+0000] {extract.py:44} INFO - Read CSV raw-data/2025/09/19/19/crypto_data_20250919_19.csv with 6 rows
[2025-09-21T16:32:46.928+0000] {logging_mixin.py:188} INFO - ✓ Quality check passed: raw-data/2025/09/19/19/crypto_data_20250919_19.csv - {'total_records': 6, 'unique_symbols': 6, 'date_range': {'start': '2025-09-19T19:00:00', 'end': '2025-09-19T19:00:00'}, 'null_percentage': 0.0}
[2025-09-21T16:32:46.930+0000] {log.py:232} WARNING - [2025-09-21 16:32:46,929] INFO - crypto_etl - Reading CSV raw-data/2025/09/19/20/crypto_data_20250919_20.csv from bucket crypto-data
[2025-09-21T16:32:46.929+0000] {extract.py:37} INFO - Reading CSV raw-data/2025/09/19/20/crypto_data_20250919_20.csv from bucket crypto-data
[2025-09-21T16:32:46.940+0000] {log.py:232} WARNING - [2025-09-21 16:32:46,939] INFO - crypto_etl - Read CSV raw-data/2025/09/19/20/crypto_data_20250919_20.csv with 6 rows
[2025-09-21T16:32:46.939+0000] {extract.py:44} INFO - Read CSV raw-data/2025/09/19/20/crypto_data_20250919_20.csv with 6 rows
[2025-09-21T16:32:46.954+0000] {logging_mixin.py:188} INFO - ✓ Quality check passed: raw-data/2025/09/19/20/crypto_data_20250919_20.csv - {'total_records': 6, 'unique_symbols': 6, 'date_range': {'start': '2025-09-19T20:00:00', 'end': '2025-09-19T20:00:00'}, 'null_percentage': 0.0}
[2025-09-21T16:32:46.956+0000] {log.py:232} WARNING - [2025-09-21 16:32:46,956] INFO - crypto_etl - Reading CSV raw-data/2025/09/19/21/crypto_data_20250919_21.csv from bucket crypto-data
[2025-09-21T16:32:46.956+0000] {extract.py:37} INFO - Reading CSV raw-data/2025/09/19/21/crypto_data_20250919_21.csv from bucket crypto-data
[2025-09-21T16:32:46.964+0000] {log.py:232} WARNING - [2025-09-21 16:32:46,963] INFO - crypto_etl - Read CSV raw-data/2025/09/19/21/crypto_data_20250919_21.csv with 6 rows
[2025-09-21T16:32:46.963+0000] {extract.py:44} INFO - Read CSV raw-data/2025/09/19/21/crypto_data_20250919_21.csv with 6 rows
[2025-09-21T16:32:46.975+0000] {logging_mixin.py:188} INFO - ✓ Quality check passed: raw-data/2025/09/19/21/crypto_data_20250919_21.csv - {'total_records': 6, 'unique_symbols': 6, 'date_range': {'start': '2025-09-19T21:00:00', 'end': '2025-09-19T21:00:00'}, 'null_percentage': 0.0}
[2025-09-21T16:32:46.977+0000] {log.py:232} WARNING - [2025-09-21 16:32:46,976] INFO - crypto_etl - Reading CSV raw-data/2025/09/19/22/crypto_data_20250919_22.csv from bucket crypto-data
[2025-09-21T16:32:46.976+0000] {extract.py:37} INFO - Reading CSV raw-data/2025/09/19/22/crypto_data_20250919_22.csv from bucket crypto-data
[2025-09-21T16:32:46.985+0000] {log.py:232} WARNING - [2025-09-21 16:32:46,984] INFO - crypto_etl - Read CSV raw-data/2025/09/19/22/crypto_data_20250919_22.csv with 6 rows
[2025-09-21T16:32:46.984+0000] {extract.py:44} INFO - Read CSV raw-data/2025/09/19/22/crypto_data_20250919_22.csv with 6 rows
[2025-09-21T16:32:47.000+0000] {logging_mixin.py:188} INFO - ✓ Quality check passed: raw-data/2025/09/19/22/crypto_data_20250919_22.csv - {'total_records': 6, 'unique_symbols': 6, 'date_range': {'start': '2025-09-19T22:00:00', 'end': '2025-09-19T22:00:00'}, 'null_percentage': 0.0}
[2025-09-21T16:32:47.002+0000] {log.py:232} WARNING - [2025-09-21 16:32:47,001] INFO - crypto_etl - Reading CSV raw-data/2025/09/19/23/crypto_data_20250919_23.csv from bucket crypto-data
[2025-09-21T16:32:47.001+0000] {extract.py:37} INFO - Reading CSV raw-data/2025/09/19/23/crypto_data_20250919_23.csv from bucket crypto-data
[2025-09-21T16:32:47.010+0000] {log.py:232} WARNING - [2025-09-21 16:32:47,009] INFO - crypto_etl - Read CSV raw-data/2025/09/19/23/crypto_data_20250919_23.csv with 6 rows
[2025-09-21T16:32:47.009+0000] {extract.py:44} INFO - Read CSV raw-data/2025/09/19/23/crypto_data_20250919_23.csv with 6 rows
[2025-09-21T16:32:47.023+0000] {logging_mixin.py:188} INFO - ✓ Quality check passed: raw-data/2025/09/19/23/crypto_data_20250919_23.csv - {'total_records': 6, 'unique_symbols': 6, 'date_range': {'start': '2025-09-19T23:00:00', 'end': '2025-09-19T23:00:00'}, 'null_percentage': 0.0}
[2025-09-21T16:32:47.025+0000] {log.py:232} WARNING - [2025-09-21 16:32:47,024] INFO - crypto_etl - Reading CSV raw-data/2025/09/20/00/crypto_data_20250920_00.csv from bucket crypto-data
[2025-09-21T16:32:47.024+0000] {extract.py:37} INFO - Reading CSV raw-data/2025/09/20/00/crypto_data_20250920_00.csv from bucket crypto-data
[2025-09-21T16:32:47.034+0000] {log.py:232} WARNING - [2025-09-21 16:32:47,033] INFO - crypto_etl - Read CSV raw-data/2025/09/20/00/crypto_data_20250920_00.csv with 6 rows
[2025-09-21T16:32:47.033+0000] {extract.py:44} INFO - Read CSV raw-data/2025/09/20/00/crypto_data_20250920_00.csv with 6 rows
[2025-09-21T16:32:47.046+0000] {logging_mixin.py:188} INFO - ✓ Quality check passed: raw-data/2025/09/20/00/crypto_data_20250920_00.csv - {'total_records': 6, 'unique_symbols': 6, 'date_range': {'start': '2025-09-20T00:00:00', 'end': '2025-09-20T00:00:00'}, 'null_percentage': 0.0}
[2025-09-21T16:32:47.048+0000] {log.py:232} WARNING - [2025-09-21 16:32:47,047] INFO - crypto_etl - Reading CSV raw-data/2025/09/20/01/crypto_data_20250920_01.csv from bucket crypto-data
[2025-09-21T16:32:47.047+0000] {extract.py:37} INFO - Reading CSV raw-data/2025/09/20/01/crypto_data_20250920_01.csv from bucket crypto-data
[2025-09-21T16:32:47.056+0000] {log.py:232} WARNING - [2025-09-21 16:32:47,055] INFO - crypto_etl - Read CSV raw-data/2025/09/20/01/crypto_data_20250920_01.csv with 6 rows
[2025-09-21T16:32:47.055+0000] {extract.py:44} INFO - Read CSV raw-data/2025/09/20/01/crypto_data_20250920_01.csv with 6 rows
[2025-09-21T16:32:47.070+0000] {logging_mixin.py:188} INFO - ✓ Quality check passed: raw-data/2025/09/20/01/crypto_data_20250920_01.csv - {'total_records': 6, 'unique_symbols': 6, 'date_range': {'start': '2025-09-20T01:00:00', 'end': '2025-09-20T01:00:00'}, 'null_percentage': 0.0}
[2025-09-21T16:32:47.072+0000] {log.py:232} WARNING - [2025-09-21 16:32:47,071] INFO - crypto_etl - Reading CSV raw-data/2025/09/20/02/crypto_data_20250920_02.csv from bucket crypto-data
[2025-09-21T16:32:47.071+0000] {extract.py:37} INFO - Reading CSV raw-data/2025/09/20/02/crypto_data_20250920_02.csv from bucket crypto-data
[2025-09-21T16:32:47.082+0000] {log.py:232} WARNING - [2025-09-21 16:32:47,081] INFO - crypto_etl - Read CSV raw-data/2025/09/20/02/crypto_data_20250920_02.csv with 6 rows
[2025-09-21T16:32:47.081+0000] {extract.py:44} INFO - Read CSV raw-data/2025/09/20/02/crypto_data_20250920_02.csv with 6 rows
[2025-09-21T16:32:47.094+0000] {logging_mixin.py:188} INFO - ✓ Quality check passed: raw-data/2025/09/20/02/crypto_data_20250920_02.csv - {'total_records': 6, 'unique_symbols': 6, 'date_range': {'start': '2025-09-20T02:00:00', 'end': '2025-09-20T02:00:00'}, 'null_percentage': 0.0}
[2025-09-21T16:32:47.095+0000] {log.py:232} WARNING - [2025-09-21 16:32:47,095] INFO - crypto_etl - Reading CSV raw-data/2025/09/20/03/crypto_data_20250920_03.csv from bucket crypto-data
[2025-09-21T16:32:47.095+0000] {extract.py:37} INFO - Reading CSV raw-data/2025/09/20/03/crypto_data_20250920_03.csv from bucket crypto-data
[2025-09-21T16:32:47.104+0000] {log.py:232} WARNING - [2025-09-21 16:32:47,103] INFO - crypto_etl - Read CSV raw-data/2025/09/20/03/crypto_data_20250920_03.csv with 6 rows
[2025-09-21T16:32:47.103+0000] {extract.py:44} INFO - Read CSV raw-data/2025/09/20/03/crypto_data_20250920_03.csv with 6 rows
[2025-09-21T16:32:47.116+0000] {logging_mixin.py:188} INFO - ✓ Quality check passed: raw-data/2025/09/20/03/crypto_data_20250920_03.csv - {'total_records': 6, 'unique_symbols': 6, 'date_range': {'start': '2025-09-20T03:00:00', 'end': '2025-09-20T03:00:00'}, 'null_percentage': 0.0}
[2025-09-21T16:32:47.117+0000] {log.py:232} WARNING - [2025-09-21 16:32:47,117] INFO - crypto_etl - Reading CSV raw-data/2025/09/20/04/crypto_data_20250920_04.csv from bucket crypto-data
[2025-09-21T16:32:47.117+0000] {extract.py:37} INFO - Reading CSV raw-data/2025/09/20/04/crypto_data_20250920_04.csv from bucket crypto-data
[2025-09-21T16:32:47.127+0000] {log.py:232} WARNING - [2025-09-21 16:32:47,126] INFO - crypto_etl - Read CSV raw-data/2025/09/20/04/crypto_data_20250920_04.csv with 6 rows
[2025-09-21T16:32:47.126+0000] {extract.py:44} INFO - Read CSV raw-data/2025/09/20/04/crypto_data_20250920_04.csv with 6 rows
[2025-09-21T16:32:47.138+0000] {logging_mixin.py:188} INFO - ✓ Quality check passed: raw-data/2025/09/20/04/crypto_data_20250920_04.csv - {'total_records': 6, 'unique_symbols': 6, 'date_range': {'start': '2025-09-20T04:00:00', 'end': '2025-09-20T04:00:00'}, 'null_percentage': 0.0}
[2025-09-21T16:32:47.139+0000] {log.py:232} WARNING - [2025-09-21 16:32:47,139] INFO - crypto_etl - Reading CSV raw-data/2025/09/20/05/crypto_data_20250920_05.csv from bucket crypto-data
[2025-09-21T16:32:47.139+0000] {extract.py:37} INFO - Reading CSV raw-data/2025/09/20/05/crypto_data_20250920_05.csv from bucket crypto-data
[2025-09-21T16:32:47.149+0000] {log.py:232} WARNING - [2025-09-21 16:32:47,148] INFO - crypto_etl - Read CSV raw-data/2025/09/20/05/crypto_data_20250920_05.csv with 6 rows
[2025-09-21T16:32:47.148+0000] {extract.py:44} INFO - Read CSV raw-data/2025/09/20/05/crypto_data_20250920_05.csv with 6 rows
[2025-09-21T16:32:47.160+0000] {logging_mixin.py:188} INFO - ✓ Quality check passed: raw-data/2025/09/20/05/crypto_data_20250920_05.csv - {'total_records': 6, 'unique_symbols': 6, 'date_range': {'start': '2025-09-20T05:00:00', 'end': '2025-09-20T05:00:00'}, 'null_percentage': 0.0}
[2025-09-21T16:32:47.162+0000] {log.py:232} WARNING - [2025-09-21 16:32:47,161] INFO - crypto_etl - Reading CSV raw-data/2025/09/20/06/crypto_data_20250920_06.csv from bucket crypto-data
[2025-09-21T16:32:47.161+0000] {extract.py:37} INFO - Reading CSV raw-data/2025/09/20/06/crypto_data_20250920_06.csv from bucket crypto-data
[2025-09-21T16:32:47.170+0000] {log.py:232} WARNING - [2025-09-21 16:32:47,169] INFO - crypto_etl - Read CSV raw-data/2025/09/20/06/crypto_data_20250920_06.csv with 6 rows
[2025-09-21T16:32:47.169+0000] {extract.py:44} INFO - Read CSV raw-data/2025/09/20/06/crypto_data_20250920_06.csv with 6 rows
[2025-09-21T16:32:47.181+0000] {logging_mixin.py:188} INFO - ✓ Quality check passed: raw-data/2025/09/20/06/crypto_data_20250920_06.csv - {'total_records': 6, 'unique_symbols': 6, 'date_range': {'start': '2025-09-20T06:00:00', 'end': '2025-09-20T06:00:00'}, 'null_percentage': 0.0}
[2025-09-21T16:32:47.183+0000] {log.py:232} WARNING - [2025-09-21 16:32:47,182] INFO - crypto_etl - Reading CSV raw-data/2025/09/20/07/crypto_data_20250920_07.csv from bucket crypto-data
[2025-09-21T16:32:47.182+0000] {extract.py:37} INFO - Reading CSV raw-data/2025/09/20/07/crypto_data_20250920_07.csv from bucket crypto-data
[2025-09-21T16:32:47.191+0000] {log.py:232} WARNING - [2025-09-21 16:32:47,190] INFO - crypto_etl - Read CSV raw-data/2025/09/20/07/crypto_data_20250920_07.csv with 6 rows
[2025-09-21T16:32:47.190+0000] {extract.py:44} INFO - Read CSV raw-data/2025/09/20/07/crypto_data_20250920_07.csv with 6 rows
[2025-09-21T16:32:47.202+0000] {logging_mixin.py:188} INFO - ✓ Quality check passed: raw-data/2025/09/20/07/crypto_data_20250920_07.csv - {'total_records': 6, 'unique_symbols': 6, 'date_range': {'start': '2025-09-20T07:00:00', 'end': '2025-09-20T07:00:00'}, 'null_percentage': 0.0}
[2025-09-21T16:32:47.204+0000] {log.py:232} WARNING - [2025-09-21 16:32:47,203] INFO - crypto_etl - Reading CSV raw-data/2025/09/20/08/crypto_data_20250920_08.csv from bucket crypto-data
[2025-09-21T16:32:47.203+0000] {extract.py:37} INFO - Reading CSV raw-data/2025/09/20/08/crypto_data_20250920_08.csv from bucket crypto-data
[2025-09-21T16:32:47.213+0000] {log.py:232} WARNING - [2025-09-21 16:32:47,212] INFO - crypto_etl - Read CSV raw-data/2025/09/20/08/crypto_data_20250920_08.csv with 6 rows
[2025-09-21T16:32:47.212+0000] {extract.py:44} INFO - Read CSV raw-data/2025/09/20/08/crypto_data_20250920_08.csv with 6 rows
[2025-09-21T16:32:47.225+0000] {logging_mixin.py:188} INFO - ✓ Quality check passed: raw-data/2025/09/20/08/crypto_data_20250920_08.csv - {'total_records': 6, 'unique_symbols': 6, 'date_range': {'start': '2025-09-20T08:00:00', 'end': '2025-09-20T08:00:00'}, 'null_percentage': 0.0}
[2025-09-21T16:32:47.226+0000] {log.py:232} WARNING - [2025-09-21 16:32:47,226] INFO - crypto_etl - Reading CSV raw-data/2025/09/20/09/crypto_data_20250920_09.csv from bucket crypto-data
[2025-09-21T16:32:47.226+0000] {extract.py:37} INFO - Reading CSV raw-data/2025/09/20/09/crypto_data_20250920_09.csv from bucket crypto-data
[2025-09-21T16:32:47.235+0000] {log.py:232} WARNING - [2025-09-21 16:32:47,234] INFO - crypto_etl - Read CSV raw-data/2025/09/20/09/crypto_data_20250920_09.csv with 6 rows
[2025-09-21T16:32:47.234+0000] {extract.py:44} INFO - Read CSV raw-data/2025/09/20/09/crypto_data_20250920_09.csv with 6 rows
[2025-09-21T16:32:47.246+0000] {logging_mixin.py:188} INFO - ✓ Quality check passed: raw-data/2025/09/20/09/crypto_data_20250920_09.csv - {'total_records': 6, 'unique_symbols': 6, 'date_range': {'start': '2025-09-20T09:00:00', 'end': '2025-09-20T09:00:00'}, 'null_percentage': 0.0}
[2025-09-21T16:32:47.248+0000] {log.py:232} WARNING - [2025-09-21 16:32:47,247] INFO - crypto_etl - Reading CSV raw-data/2025/09/20/10/crypto_data_20250920_10.csv from bucket crypto-data
[2025-09-21T16:32:47.247+0000] {extract.py:37} INFO - Reading CSV raw-data/2025/09/20/10/crypto_data_20250920_10.csv from bucket crypto-data
[2025-09-21T16:32:47.257+0000] {log.py:232} WARNING - [2025-09-21 16:32:47,256] INFO - crypto_etl - Read CSV raw-data/2025/09/20/10/crypto_data_20250920_10.csv with 6 rows
[2025-09-21T16:32:47.256+0000] {extract.py:44} INFO - Read CSV raw-data/2025/09/20/10/crypto_data_20250920_10.csv with 6 rows
[2025-09-21T16:32:47.267+0000] {logging_mixin.py:188} INFO - ✓ Quality check passed: raw-data/2025/09/20/10/crypto_data_20250920_10.csv - {'total_records': 6, 'unique_symbols': 6, 'date_range': {'start': '2025-09-20T10:00:00', 'end': '2025-09-20T10:00:00'}, 'null_percentage': 0.0}
[2025-09-21T16:32:47.269+0000] {log.py:232} WARNING - [2025-09-21 16:32:47,268] INFO - crypto_etl - Reading CSV raw-data/2025/09/20/11/crypto_data_20250920_11.csv from bucket crypto-data
[2025-09-21T16:32:47.268+0000] {extract.py:37} INFO - Reading CSV raw-data/2025/09/20/11/crypto_data_20250920_11.csv from bucket crypto-data
[2025-09-21T16:32:47.277+0000] {log.py:232} WARNING - [2025-09-21 16:32:47,276] INFO - crypto_etl - Read CSV raw-data/2025/09/20/11/crypto_data_20250920_11.csv with 6 rows
[2025-09-21T16:32:47.276+0000] {extract.py:44} INFO - Read CSV raw-data/2025/09/20/11/crypto_data_20250920_11.csv with 6 rows
[2025-09-21T16:32:47.292+0000] {logging_mixin.py:188} INFO - ✓ Quality check passed: raw-data/2025/09/20/11/crypto_data_20250920_11.csv - {'total_records': 6, 'unique_symbols': 6, 'date_range': {'start': '2025-09-20T11:00:00', 'end': '2025-09-20T11:00:00'}, 'null_percentage': 0.0}
[2025-09-21T16:32:47.294+0000] {log.py:232} WARNING - [2025-09-21 16:32:47,293] INFO - crypto_etl - Reading CSV raw-data/2025/09/20/12/crypto_data_20250920_12.csv from bucket crypto-data
[2025-09-21T16:32:47.293+0000] {extract.py:37} INFO - Reading CSV raw-data/2025/09/20/12/crypto_data_20250920_12.csv from bucket crypto-data
[2025-09-21T16:32:47.303+0000] {log.py:232} WARNING - [2025-09-21 16:32:47,302] INFO - crypto_etl - Read CSV raw-data/2025/09/20/12/crypto_data_20250920_12.csv with 6 rows
[2025-09-21T16:32:47.302+0000] {extract.py:44} INFO - Read CSV raw-data/2025/09/20/12/crypto_data_20250920_12.csv with 6 rows
[2025-09-21T16:32:47.315+0000] {logging_mixin.py:188} INFO - ✓ Quality check passed: raw-data/2025/09/20/12/crypto_data_20250920_12.csv - {'total_records': 6, 'unique_symbols': 6, 'date_range': {'start': '2025-09-20T12:00:00', 'end': '2025-09-20T12:00:00'}, 'null_percentage': 0.0}
[2025-09-21T16:32:47.317+0000] {log.py:232} WARNING - [2025-09-21 16:32:47,316] INFO - crypto_etl - Reading CSV raw-data/2025/09/20/13/crypto_data_20250920_13.csv from bucket crypto-data
[2025-09-21T16:32:47.316+0000] {extract.py:37} INFO - Reading CSV raw-data/2025/09/20/13/crypto_data_20250920_13.csv from bucket crypto-data
[2025-09-21T16:32:47.327+0000] {log.py:232} WARNING - [2025-09-21 16:32:47,326] INFO - crypto_etl - Read CSV raw-data/2025/09/20/13/crypto_data_20250920_13.csv with 6 rows
[2025-09-21T16:32:47.326+0000] {extract.py:44} INFO - Read CSV raw-data/2025/09/20/13/crypto_data_20250920_13.csv with 6 rows
[2025-09-21T16:32:47.339+0000] {logging_mixin.py:188} INFO - ✓ Quality check passed: raw-data/2025/09/20/13/crypto_data_20250920_13.csv - {'total_records': 6, 'unique_symbols': 6, 'date_range': {'start': '2025-09-20T13:00:00', 'end': '2025-09-20T13:00:00'}, 'null_percentage': 0.0}
[2025-09-21T16:32:47.341+0000] {log.py:232} WARNING - [2025-09-21 16:32:47,340] INFO - crypto_etl - Reading CSV raw-data/2025/09/20/14/crypto_data_20250920_14.csv from bucket crypto-data
[2025-09-21T16:32:47.340+0000] {extract.py:37} INFO - Reading CSV raw-data/2025/09/20/14/crypto_data_20250920_14.csv from bucket crypto-data
[2025-09-21T16:32:47.349+0000] {log.py:232} WARNING - [2025-09-21 16:32:47,348] INFO - crypto_etl - Read CSV raw-data/2025/09/20/14/crypto_data_20250920_14.csv with 6 rows
[2025-09-21T16:32:47.348+0000] {extract.py:44} INFO - Read CSV raw-data/2025/09/20/14/crypto_data_20250920_14.csv with 6 rows
[2025-09-21T16:32:47.360+0000] {logging_mixin.py:188} INFO - ✓ Quality check passed: raw-data/2025/09/20/14/crypto_data_20250920_14.csv - {'total_records': 6, 'unique_symbols': 6, 'date_range': {'start': '2025-09-20T14:00:00', 'end': '2025-09-20T14:00:00'}, 'null_percentage': 0.0}
[2025-09-21T16:32:47.362+0000] {log.py:232} WARNING - [2025-09-21 16:32:47,361] INFO - crypto_etl - Reading CSV raw-data/2025/09/20/15/crypto_data_20250920_15.csv from bucket crypto-data
[2025-09-21T16:32:47.361+0000] {extract.py:37} INFO - Reading CSV raw-data/2025/09/20/15/crypto_data_20250920_15.csv from bucket crypto-data
[2025-09-21T16:32:47.370+0000] {log.py:232} WARNING - [2025-09-21 16:32:47,369] INFO - crypto_etl - Read CSV raw-data/2025/09/20/15/crypto_data_20250920_15.csv with 6 rows
[2025-09-21T16:32:47.369+0000] {extract.py:44} INFO - Read CSV raw-data/2025/09/20/15/crypto_data_20250920_15.csv with 6 rows
[2025-09-21T16:32:47.381+0000] {logging_mixin.py:188} INFO - ✓ Quality check passed: raw-data/2025/09/20/15/crypto_data_20250920_15.csv - {'total_records': 6, 'unique_symbols': 6, 'date_range': {'start': '2025-09-20T15:00:00', 'end': '2025-09-20T15:00:00'}, 'null_percentage': 0.0}
[2025-09-21T16:32:47.383+0000] {log.py:232} WARNING - [2025-09-21 16:32:47,382] INFO - crypto_etl - Reading CSV raw-data/2025/09/20/16/crypto_data_20250920_16.csv from bucket crypto-data
[2025-09-21T16:32:47.382+0000] {extract.py:37} INFO - Reading CSV raw-data/2025/09/20/16/crypto_data_20250920_16.csv from bucket crypto-data
[2025-09-21T16:32:47.392+0000] {log.py:232} WARNING - [2025-09-21 16:32:47,391] INFO - crypto_etl - Read CSV raw-data/2025/09/20/16/crypto_data_20250920_16.csv with 6 rows
[2025-09-21T16:32:47.391+0000] {extract.py:44} INFO - Read CSV raw-data/2025/09/20/16/crypto_data_20250920_16.csv with 6 rows
[2025-09-21T16:32:47.403+0000] {logging_mixin.py:188} INFO - ✓ Quality check passed: raw-data/2025/09/20/16/crypto_data_20250920_16.csv - {'total_records': 6, 'unique_symbols': 6, 'date_range': {'start': '2025-09-20T16:00:00', 'end': '2025-09-20T16:00:00'}, 'null_percentage': 0.0}
[2025-09-21T16:32:47.404+0000] {log.py:232} WARNING - [2025-09-21 16:32:47,403] INFO - crypto_etl - Reading CSV raw-data/2025/09/20/17/crypto_data_20250920_17.csv from bucket crypto-data
[2025-09-21T16:32:47.403+0000] {extract.py:37} INFO - Reading CSV raw-data/2025/09/20/17/crypto_data_20250920_17.csv from bucket crypto-data
[2025-09-21T16:32:47.413+0000] {log.py:232} WARNING - [2025-09-21 16:32:47,412] INFO - crypto_etl - Read CSV raw-data/2025/09/20/17/crypto_data_20250920_17.csv with 6 rows
[2025-09-21T16:32:47.412+0000] {extract.py:44} INFO - Read CSV raw-data/2025/09/20/17/crypto_data_20250920_17.csv with 6 rows
[2025-09-21T16:32:47.424+0000] {logging_mixin.py:188} INFO - ✓ Quality check passed: raw-data/2025/09/20/17/crypto_data_20250920_17.csv - {'total_records': 6, 'unique_symbols': 6, 'date_range': {'start': '2025-09-20T17:00:00', 'end': '2025-09-20T17:00:00'}, 'null_percentage': 0.0}
[2025-09-21T16:32:47.426+0000] {log.py:232} WARNING - [2025-09-21 16:32:47,425] INFO - crypto_etl - Reading CSV raw-data/2025/09/20/18/crypto_data_20250920_18.csv from bucket crypto-data
[2025-09-21T16:32:47.425+0000] {extract.py:37} INFO - Reading CSV raw-data/2025/09/20/18/crypto_data_20250920_18.csv from bucket crypto-data
[2025-09-21T16:32:47.435+0000] {log.py:232} WARNING - [2025-09-21 16:32:47,434] INFO - crypto_etl - Read CSV raw-data/2025/09/20/18/crypto_data_20250920_18.csv with 6 rows
[2025-09-21T16:32:47.434+0000] {extract.py:44} INFO - Read CSV raw-data/2025/09/20/18/crypto_data_20250920_18.csv with 6 rows
[2025-09-21T16:32:47.447+0000] {logging_mixin.py:188} INFO - ✓ Quality check passed: raw-data/2025/09/20/18/crypto_data_20250920_18.csv - {'total_records': 6, 'unique_symbols': 6, 'date_range': {'start': '2025-09-20T18:00:00', 'end': '2025-09-20T18:00:00'}, 'null_percentage': 0.0}
[2025-09-21T16:32:47.449+0000] {log.py:232} WARNING - [2025-09-21 16:32:47,448] INFO - crypto_etl - Reading CSV raw-data/2025/09/20/19/crypto_data_20250920_19.csv from bucket crypto-data
[2025-09-21T16:32:47.448+0000] {extract.py:37} INFO - Reading CSV raw-data/2025/09/20/19/crypto_data_20250920_19.csv from bucket crypto-data
[2025-09-21T16:32:47.458+0000] {log.py:232} WARNING - [2025-09-21 16:32:47,457] INFO - crypto_etl - Read CSV raw-data/2025/09/20/19/crypto_data_20250920_19.csv with 6 rows
[2025-09-21T16:32:47.457+0000] {extract.py:44} INFO - Read CSV raw-data/2025/09/20/19/crypto_data_20250920_19.csv with 6 rows
[2025-09-21T16:32:47.471+0000] {logging_mixin.py:188} INFO - ✓ Quality check passed: raw-data/2025/09/20/19/crypto_data_20250920_19.csv - {'total_records': 6, 'unique_symbols': 6, 'date_range': {'start': '2025-09-20T19:00:00', 'end': '2025-09-20T19:00:00'}, 'null_percentage': 0.0}
[2025-09-21T16:32:47.473+0000] {log.py:232} WARNING - [2025-09-21 16:32:47,472] INFO - crypto_etl - Reading CSV raw-data/2025/09/20/20/crypto_data_20250920_20.csv from bucket crypto-data
[2025-09-21T16:32:47.472+0000] {extract.py:37} INFO - Reading CSV raw-data/2025/09/20/20/crypto_data_20250920_20.csv from bucket crypto-data
[2025-09-21T16:32:47.482+0000] {log.py:232} WARNING - [2025-09-21 16:32:47,481] INFO - crypto_etl - Read CSV raw-data/2025/09/20/20/crypto_data_20250920_20.csv with 6 rows
[2025-09-21T16:32:47.481+0000] {extract.py:44} INFO - Read CSV raw-data/2025/09/20/20/crypto_data_20250920_20.csv with 6 rows
[2025-09-21T16:32:47.493+0000] {logging_mixin.py:188} INFO - ✓ Quality check passed: raw-data/2025/09/20/20/crypto_data_20250920_20.csv - {'total_records': 6, 'unique_symbols': 6, 'date_range': {'start': '2025-09-20T20:00:00', 'end': '2025-09-20T20:00:00'}, 'null_percentage': 0.0}
[2025-09-21T16:32:47.494+0000] {log.py:232} WARNING - [2025-09-21 16:32:47,494] INFO - crypto_etl - Reading CSV raw-data/2025/09/20/21/crypto_data_20250920_21.csv from bucket crypto-data
[2025-09-21T16:32:47.494+0000] {extract.py:37} INFO - Reading CSV raw-data/2025/09/20/21/crypto_data_20250920_21.csv from bucket crypto-data
[2025-09-21T16:32:47.503+0000] {log.py:232} WARNING - [2025-09-21 16:32:47,502] INFO - crypto_etl - Read CSV raw-data/2025/09/20/21/crypto_data_20250920_21.csv with 6 rows
[2025-09-21T16:32:47.502+0000] {extract.py:44} INFO - Read CSV raw-data/2025/09/20/21/crypto_data_20250920_21.csv with 6 rows
[2025-09-21T16:32:47.514+0000] {logging_mixin.py:188} INFO - ✓ Quality check passed: raw-data/2025/09/20/21/crypto_data_20250920_21.csv - {'total_records': 6, 'unique_symbols': 6, 'date_range': {'start': '2025-09-20T21:00:00', 'end': '2025-09-20T21:00:00'}, 'null_percentage': 0.0}
[2025-09-21T16:32:47.516+0000] {log.py:232} WARNING - [2025-09-21 16:32:47,515] INFO - crypto_etl - Reading CSV raw-data/2025/09/20/22/crypto_data_20250920_22.csv from bucket crypto-data
[2025-09-21T16:32:47.515+0000] {extract.py:37} INFO - Reading CSV raw-data/2025/09/20/22/crypto_data_20250920_22.csv from bucket crypto-data
[2025-09-21T16:32:47.525+0000] {log.py:232} WARNING - [2025-09-21 16:32:47,525] INFO - crypto_etl - Read CSV raw-data/2025/09/20/22/crypto_data_20250920_22.csv with 6 rows
[2025-09-21T16:32:47.525+0000] {extract.py:44} INFO - Read CSV raw-data/2025/09/20/22/crypto_data_20250920_22.csv with 6 rows
[2025-09-21T16:32:47.536+0000] {logging_mixin.py:188} INFO - ✓ Quality check passed: raw-data/2025/09/20/22/crypto_data_20250920_22.csv - {'total_records': 6, 'unique_symbols': 6, 'date_range': {'start': '2025-09-20T22:00:00', 'end': '2025-09-20T22:00:00'}, 'null_percentage': 0.0}
[2025-09-21T16:32:47.537+0000] {log.py:232} WARNING - [2025-09-21 16:32:47,537] INFO - crypto_etl - Reading CSV raw-data/2025/09/20/23/crypto_data_20250920_23.csv from bucket crypto-data
[2025-09-21T16:32:47.537+0000] {extract.py:37} INFO - Reading CSV raw-data/2025/09/20/23/crypto_data_20250920_23.csv from bucket crypto-data
[2025-09-21T16:32:47.547+0000] {log.py:232} WARNING - [2025-09-21 16:32:47,546] INFO - crypto_etl - Read CSV raw-data/2025/09/20/23/crypto_data_20250920_23.csv with 6 rows
[2025-09-21T16:32:47.546+0000] {extract.py:44} INFO - Read CSV raw-data/2025/09/20/23/crypto_data_20250920_23.csv with 6 rows
[2025-09-21T16:32:47.557+0000] {logging_mixin.py:188} INFO - ✓ Quality check passed: raw-data/2025/09/20/23/crypto_data_20250920_23.csv - {'total_records': 6, 'unique_symbols': 6, 'date_range': {'start': '2025-09-20T23:00:00', 'end': '2025-09-20T23:00:00'}, 'null_percentage': 0.0}
[2025-09-21T16:32:47.559+0000] {log.py:232} WARNING - [2025-09-21 16:32:47,558] INFO - crypto_etl - Reading CSV raw-data/2025/09/21/00/crypto_data_20250921_00.csv from bucket crypto-data
[2025-09-21T16:32:47.558+0000] {extract.py:37} INFO - Reading CSV raw-data/2025/09/21/00/crypto_data_20250921_00.csv from bucket crypto-data
[2025-09-21T16:32:47.575+0000] {log.py:232} WARNING - [2025-09-21 16:32:47,574] INFO - crypto_etl - Read CSV raw-data/2025/09/21/00/crypto_data_20250921_00.csv with 6 rows
[2025-09-21T16:32:47.574+0000] {extract.py:44} INFO - Read CSV raw-data/2025/09/21/00/crypto_data_20250921_00.csv with 6 rows
[2025-09-21T16:32:47.586+0000] {logging_mixin.py:188} INFO - ✓ Quality check passed: raw-data/2025/09/21/00/crypto_data_20250921_00.csv - {'total_records': 6, 'unique_symbols': 6, 'date_range': {'start': '2025-09-21T00:00:00', 'end': '2025-09-21T00:00:00'}, 'null_percentage': 0.0}
[2025-09-21T16:32:47.588+0000] {log.py:232} WARNING - [2025-09-21 16:32:47,587] INFO - crypto_etl - Reading CSV raw-data/2025/09/21/01/crypto_data_20250921_01.csv from bucket crypto-data
[2025-09-21T16:32:47.587+0000] {extract.py:37} INFO - Reading CSV raw-data/2025/09/21/01/crypto_data_20250921_01.csv from bucket crypto-data
[2025-09-21T16:32:47.598+0000] {log.py:232} WARNING - [2025-09-21 16:32:47,597] INFO - crypto_etl - Read CSV raw-data/2025/09/21/01/crypto_data_20250921_01.csv with 6 rows
[2025-09-21T16:32:47.597+0000] {extract.py:44} INFO - Read CSV raw-data/2025/09/21/01/crypto_data_20250921_01.csv with 6 rows
[2025-09-21T16:32:47.611+0000] {logging_mixin.py:188} INFO - ✓ Quality check passed: raw-data/2025/09/21/01/crypto_data_20250921_01.csv - {'total_records': 6, 'unique_symbols': 6, 'date_range': {'start': '2025-09-21T01:00:00', 'end': '2025-09-21T01:00:00'}, 'null_percentage': 0.0}
[2025-09-21T16:32:47.613+0000] {log.py:232} WARNING - [2025-09-21 16:32:47,612] INFO - crypto_etl - Reading CSV raw-data/2025/09/21/02/crypto_data_20250921_02.csv from bucket crypto-data
[2025-09-21T16:32:47.612+0000] {extract.py:37} INFO - Reading CSV raw-data/2025/09/21/02/crypto_data_20250921_02.csv from bucket crypto-data
[2025-09-21T16:32:47.621+0000] {log.py:232} WARNING - [2025-09-21 16:32:47,620] INFO - crypto_etl - Read CSV raw-data/2025/09/21/02/crypto_data_20250921_02.csv with 6 rows
[2025-09-21T16:32:47.620+0000] {extract.py:44} INFO - Read CSV raw-data/2025/09/21/02/crypto_data_20250921_02.csv with 6 rows
[2025-09-21T16:32:47.632+0000] {logging_mixin.py:188} INFO - ✓ Quality check passed: raw-data/2025/09/21/02/crypto_data_20250921_02.csv - {'total_records': 6, 'unique_symbols': 6, 'date_range': {'start': '2025-09-21T02:00:00', 'end': '2025-09-21T02:00:00'}, 'null_percentage': 0.0}
[2025-09-21T16:32:47.633+0000] {log.py:232} WARNING - [2025-09-21 16:32:47,633] INFO - crypto_etl - Reading CSV raw-data/2025/09/21/03/crypto_data_20250921_03.csv from bucket crypto-data
[2025-09-21T16:32:47.633+0000] {extract.py:37} INFO - Reading CSV raw-data/2025/09/21/03/crypto_data_20250921_03.csv from bucket crypto-data
[2025-09-21T16:32:47.643+0000] {log.py:232} WARNING - [2025-09-21 16:32:47,642] INFO - crypto_etl - Read CSV raw-data/2025/09/21/03/crypto_data_20250921_03.csv with 6 rows
[2025-09-21T16:32:47.642+0000] {extract.py:44} INFO - Read CSV raw-data/2025/09/21/03/crypto_data_20250921_03.csv with 6 rows
[2025-09-21T16:32:47.653+0000] {logging_mixin.py:188} INFO - ✓ Quality check passed: raw-data/2025/09/21/03/crypto_data_20250921_03.csv - {'total_records': 6, 'unique_symbols': 6, 'date_range': {'start': '2025-09-21T03:00:00', 'end': '2025-09-21T03:00:00'}, 'null_percentage': 0.0}
[2025-09-21T16:32:47.655+0000] {log.py:232} WARNING - [2025-09-21 16:32:47,654] INFO - crypto_etl - Reading CSV raw-data/2025/09/21/04/crypto_data_20250921_04.csv from bucket crypto-data
[2025-09-21T16:32:47.654+0000] {extract.py:37} INFO - Reading CSV raw-data/2025/09/21/04/crypto_data_20250921_04.csv from bucket crypto-data
[2025-09-21T16:32:47.665+0000] {log.py:232} WARNING - [2025-09-21 16:32:47,664] INFO - crypto_etl - Read CSV raw-data/2025/09/21/04/crypto_data_20250921_04.csv with 6 rows
[2025-09-21T16:32:47.664+0000] {extract.py:44} INFO - Read CSV raw-data/2025/09/21/04/crypto_data_20250921_04.csv with 6 rows
[2025-09-21T16:32:47.676+0000] {logging_mixin.py:188} INFO - ✓ Quality check passed: raw-data/2025/09/21/04/crypto_data_20250921_04.csv - {'total_records': 6, 'unique_symbols': 6, 'date_range': {'start': '2025-09-21T04:00:00', 'end': '2025-09-21T04:00:00'}, 'null_percentage': 0.0}
[2025-09-21T16:32:47.678+0000] {log.py:232} WARNING - [2025-09-21 16:32:47,677] INFO - crypto_etl - Reading CSV raw-data/2025/09/21/05/crypto_data_20250921_05.csv from bucket crypto-data
[2025-09-21T16:32:47.677+0000] {extract.py:37} INFO - Reading CSV raw-data/2025/09/21/05/crypto_data_20250921_05.csv from bucket crypto-data
[2025-09-21T16:32:47.687+0000] {log.py:232} WARNING - [2025-09-21 16:32:47,686] INFO - crypto_etl - Read CSV raw-data/2025/09/21/05/crypto_data_20250921_05.csv with 6 rows
[2025-09-21T16:32:47.686+0000] {extract.py:44} INFO - Read CSV raw-data/2025/09/21/05/crypto_data_20250921_05.csv with 6 rows
[2025-09-21T16:32:47.699+0000] {logging_mixin.py:188} INFO - ✓ Quality check passed: raw-data/2025/09/21/05/crypto_data_20250921_05.csv - {'total_records': 6, 'unique_symbols': 6, 'date_range': {'start': '2025-09-21T05:00:00', 'end': '2025-09-21T05:00:00'}, 'null_percentage': 0.0}
[2025-09-21T16:32:47.700+0000] {log.py:232} WARNING - [2025-09-21 16:32:47,700] INFO - crypto_etl - Reading CSV raw-data/2025/09/21/06/crypto_data_20250921_06.csv from bucket crypto-data
[2025-09-21T16:32:47.700+0000] {extract.py:37} INFO - Reading CSV raw-data/2025/09/21/06/crypto_data_20250921_06.csv from bucket crypto-data
[2025-09-21T16:32:47.711+0000] {log.py:232} WARNING - [2025-09-21 16:32:47,710] INFO - crypto_etl - Read CSV raw-data/2025/09/21/06/crypto_data_20250921_06.csv with 6 rows
[2025-09-21T16:32:47.710+0000] {extract.py:44} INFO - Read CSV raw-data/2025/09/21/06/crypto_data_20250921_06.csv with 6 rows
[2025-09-21T16:32:47.721+0000] {logging_mixin.py:188} INFO - ✓ Quality check passed: raw-data/2025/09/21/06/crypto_data_20250921_06.csv - {'total_records': 6, 'unique_symbols': 6, 'date_range': {'start': '2025-09-21T06:00:00', 'end': '2025-09-21T06:00:00'}, 'null_percentage': 0.0}
[2025-09-21T16:32:47.723+0000] {log.py:232} WARNING - [2025-09-21 16:32:47,723] INFO - crypto_etl - Reading CSV raw-data/2025/09/21/07/crypto_data_20250921_07.csv from bucket crypto-data
[2025-09-21T16:32:47.723+0000] {extract.py:37} INFO - Reading CSV raw-data/2025/09/21/07/crypto_data_20250921_07.csv from bucket crypto-data
[2025-09-21T16:32:47.733+0000] {log.py:232} WARNING - [2025-09-21 16:32:47,732] INFO - crypto_etl - Read CSV raw-data/2025/09/21/07/crypto_data_20250921_07.csv with 6 rows
[2025-09-21T16:32:47.732+0000] {extract.py:44} INFO - Read CSV raw-data/2025/09/21/07/crypto_data_20250921_07.csv with 6 rows
[2025-09-21T16:32:47.745+0000] {logging_mixin.py:188} INFO - ✓ Quality check passed: raw-data/2025/09/21/07/crypto_data_20250921_07.csv - {'total_records': 6, 'unique_symbols': 6, 'date_range': {'start': '2025-09-21T07:00:00', 'end': '2025-09-21T07:00:00'}, 'null_percentage': 0.0}
[2025-09-21T16:32:47.746+0000] {log.py:232} WARNING - [2025-09-21 16:32:47,746] INFO - crypto_etl - Reading CSV raw-data/2025/09/21/08/crypto_data_20250921_08.csv from bucket crypto-data
[2025-09-21T16:32:47.746+0000] {extract.py:37} INFO - Reading CSV raw-data/2025/09/21/08/crypto_data_20250921_08.csv from bucket crypto-data
[2025-09-21T16:32:47.755+0000] {log.py:232} WARNING - [2025-09-21 16:32:47,754] INFO - crypto_etl - Read CSV raw-data/2025/09/21/08/crypto_data_20250921_08.csv with 6 rows
[2025-09-21T16:32:47.754+0000] {extract.py:44} INFO - Read CSV raw-data/2025/09/21/08/crypto_data_20250921_08.csv with 6 rows
[2025-09-21T16:32:47.766+0000] {logging_mixin.py:188} INFO - ✓ Quality check passed: raw-data/2025/09/21/08/crypto_data_20250921_08.csv - {'total_records': 6, 'unique_symbols': 6, 'date_range': {'start': '2025-09-21T08:00:00', 'end': '2025-09-21T08:00:00'}, 'null_percentage': 0.0}
[2025-09-21T16:32:47.768+0000] {log.py:232} WARNING - [2025-09-21 16:32:47,767] INFO - crypto_etl - Reading CSV raw-data/2025/09/21/09/crypto_data_20250921_09.csv from bucket crypto-data
[2025-09-21T16:32:47.767+0000] {extract.py:37} INFO - Reading CSV raw-data/2025/09/21/09/crypto_data_20250921_09.csv from bucket crypto-data
[2025-09-21T16:32:47.777+0000] {log.py:232} WARNING - [2025-09-21 16:32:47,776] INFO - crypto_etl - Read CSV raw-data/2025/09/21/09/crypto_data_20250921_09.csv with 6 rows
[2025-09-21T16:32:47.776+0000] {extract.py:44} INFO - Read CSV raw-data/2025/09/21/09/crypto_data_20250921_09.csv with 6 rows
[2025-09-21T16:32:47.787+0000] {logging_mixin.py:188} INFO - ✓ Quality check passed: raw-data/2025/09/21/09/crypto_data_20250921_09.csv - {'total_records': 6, 'unique_symbols': 6, 'date_range': {'start': '2025-09-21T09:00:00', 'end': '2025-09-21T09:00:00'}, 'null_percentage': 0.0}
[2025-09-21T16:32:47.789+0000] {log.py:232} WARNING - [2025-09-21 16:32:47,788] INFO - crypto_etl - Reading CSV raw-data/2025/09/21/10/crypto_data_20250921_10.csv from bucket crypto-data
[2025-09-21T16:32:47.788+0000] {extract.py:37} INFO - Reading CSV raw-data/2025/09/21/10/crypto_data_20250921_10.csv from bucket crypto-data
[2025-09-21T16:32:47.798+0000] {log.py:232} WARNING - [2025-09-21 16:32:47,797] INFO - crypto_etl - Read CSV raw-data/2025/09/21/10/crypto_data_20250921_10.csv with 6 rows
[2025-09-21T16:32:47.797+0000] {extract.py:44} INFO - Read CSV raw-data/2025/09/21/10/crypto_data_20250921_10.csv with 6 rows
[2025-09-21T16:32:47.809+0000] {logging_mixin.py:188} INFO - ✓ Quality check passed: raw-data/2025/09/21/10/crypto_data_20250921_10.csv - {'total_records': 6, 'unique_symbols': 6, 'date_range': {'start': '2025-09-21T10:00:00', 'end': '2025-09-21T10:00:00'}, 'null_percentage': 0.0}
[2025-09-21T16:32:47.811+0000] {log.py:232} WARNING - [2025-09-21 16:32:47,810] INFO - crypto_etl - Reading CSV raw-data/2025/09/21/12/crypto_data_20250921_12.csv from bucket crypto-data
[2025-09-21T16:32:47.810+0000] {extract.py:37} INFO - Reading CSV raw-data/2025/09/21/12/crypto_data_20250921_12.csv from bucket crypto-data
[2025-09-21T16:32:47.819+0000] {log.py:232} WARNING - [2025-09-21 16:32:47,818] INFO - crypto_etl - Read CSV raw-data/2025/09/21/12/crypto_data_20250921_12.csv with 6 rows
[2025-09-21T16:32:47.818+0000] {extract.py:44} INFO - Read CSV raw-data/2025/09/21/12/crypto_data_20250921_12.csv with 6 rows
[2025-09-21T16:32:47.831+0000] {logging_mixin.py:188} INFO - ✓ Quality check passed: raw-data/2025/09/21/12/crypto_data_20250921_12.csv - {'total_records': 6, 'unique_symbols': 6, 'date_range': {'start': '2025-09-21T12:00:00', 'end': '2025-09-21T12:00:00'}, 'null_percentage': 0.0}
[2025-09-21T16:32:47.833+0000] {log.py:232} WARNING - [2025-09-21 16:32:47,832] INFO - crypto_etl - Reading CSV raw-data/2025/09/21/13/crypto_data_20250921_13.csv from bucket crypto-data
[2025-09-21T16:32:47.832+0000] {extract.py:37} INFO - Reading CSV raw-data/2025/09/21/13/crypto_data_20250921_13.csv from bucket crypto-data
[2025-09-21T16:32:47.843+0000] {log.py:232} WARNING - [2025-09-21 16:32:47,842] INFO - crypto_etl - Read CSV raw-data/2025/09/21/13/crypto_data_20250921_13.csv with 6 rows
[2025-09-21T16:32:47.842+0000] {extract.py:44} INFO - Read CSV raw-data/2025/09/21/13/crypto_data_20250921_13.csv with 6 rows
[2025-09-21T16:32:47.854+0000] {logging_mixin.py:188} INFO - ✓ Quality check passed: raw-data/2025/09/21/13/crypto_data_20250921_13.csv - {'total_records': 6, 'unique_symbols': 6, 'date_range': {'start': '2025-09-21T13:00:00', 'end': '2025-09-21T13:00:00'}, 'null_percentage': 0.0}
[2025-09-21T16:32:47.913+0000] {python.py:201} INFO - Done. Returned value was: Quality checked 69 files successfully
[2025-09-21T16:32:47.943+0000] {taskinstance.py:1138} INFO - Marking task as SUCCESS. dag_id=crypto_etl_main, task_id=extract_data, execution_date=20250921T161500, start_date=20250921T163245, end_date=20250921T163247
[2025-09-21T16:32:48.003+0000] {local_task_job_runner.py:234} INFO - Task exited with return code 0
[2025-09-21T16:32:48.049+0000] {taskinstance.py:3280} INFO - 1 downstream tasks scheduled from follow-on schedule check
