[2025-09-21T11:51:14.391+0000] {taskinstance.py:1956} INFO - Dependencies all met for dep_context=non-requeueable deps ti=<TaskInstance: crypto_etl_main.send_failure_notification scheduled__2025-09-21T11:30:00+00:00 [queued]>
[2025-09-21T11:51:14.412+0000] {taskinstance.py:1956} INFO - Dependencies all met for dep_context=requeueable deps ti=<TaskInstance: crypto_etl_main.send_failure_notification scheduled__2025-09-21T11:30:00+00:00 [queued]>
[2025-09-21T11:51:14.413+0000] {taskinstance.py:2170} INFO - Starting attempt 1 of 2
[2025-09-21T11:51:14.464+0000] {taskinstance.py:2191} INFO - Executing <Task(PythonOperator): send_failure_notification> on 2025-09-21 11:30:00+00:00
[2025-09-21T11:51:14.474+0000] {standard_task_runner.py:60} INFO - Started process 161 to run task
[2025-09-21T11:51:14.482+0000] {standard_task_runner.py:87} INFO - Running: ['***', 'tasks', 'run', 'crypto_etl_main', 'send_failure_notification', 'scheduled__2025-09-21T11:30:00+00:00', '--job-id', '175', '--raw', '--subdir', 'DAGS_FOLDER/crypto_etl_dag.py', '--cfg-path', '/tmp/tmpb03zlpce']
[2025-09-21T11:51:14.488+0000] {standard_task_runner.py:88} INFO - Job 175: Subtask send_failure_notification
[2025-09-21T11:51:14.597+0000] {task_command.py:423} INFO - Running <TaskInstance: crypto_etl_main.send_failure_notification scheduled__2025-09-21T11:30:00+00:00 [running]> on host 81634f637f1a
[2025-09-21T11:51:14.802+0000] {taskinstance.py:2480} INFO - Exporting env vars: AIRFLOW_CTX_DAG_OWNER='data-team' AIRFLOW_CTX_DAG_ID='crypto_etl_main' AIRFLOW_CTX_TASK_ID='send_failure_notification' AIRFLOW_CTX_EXECUTION_DATE='2025-09-21T11:30:00+00:00' AIRFLOW_CTX_TRY_NUMBER='1' AIRFLOW_CTX_DAG_RUN_ID='scheduled__2025-09-21T11:30:00+00:00'
[2025-09-21T11:51:14.808+0000] {warnings.py:109} WARNING - /home/***/.local/lib/python3.8/site-packages/***/utils/context.py:315: AirflowContextDeprecationWarning: Accessing 'execution_date' from the template is deprecated and will be removed in a future version. Please use 'data_interval_start' or 'logical_date' instead.
  warnings.warn(_create_deprecation_warning(k, replacements))

[2025-09-21T11:51:14.809+0000] {logging_mixin.py:188} INFO - 
    ❌ ETL Pipeline Failed:
    
    Execution Date: 2025-09-21 11:30:00+00:00
    DAG: crypto_etl_main
    
    Please check logs for detailed error information.
    
[2025-09-21T11:51:14.810+0000] {python.py:201} INFO - Done. Returned value was: 
    ❌ ETL Pipeline Failed:
    
    Execution Date: 2025-09-21 11:30:00+00:00
    DAG: crypto_etl_main
    
    Please check logs for detailed error information.
    
[2025-09-21T11:51:14.860+0000] {taskinstance.py:1138} INFO - Marking task as SUCCESS. dag_id=crypto_etl_main, task_id=send_failure_notification, execution_date=20250921T113000, start_date=20250921T115114, end_date=20250921T115114
[2025-09-21T11:51:14.903+0000] {local_task_job_runner.py:234} INFO - Task exited with return code 0
[2025-09-21T11:51:14.951+0000] {taskinstance.py:3280} INFO - 0 downstream tasks scheduled from follow-on schedule check
