[2025-09-21T12:45:04.609+0000] {taskinstance.py:1956} INFO - Dependencies all met for dep_context=non-requeueable deps ti=<TaskInstance: crypto_etl_main.check_new_files scheduled__2025-09-21T12:30:00+00:00 [queued]>
[2025-09-21T12:45:04.642+0000] {taskinstance.py:1956} INFO - Dependencies all met for dep_context=requeueable deps ti=<TaskInstance: crypto_etl_main.check_new_files scheduled__2025-09-21T12:30:00+00:00 [queued]>
[2025-09-21T12:45:04.645+0000] {taskinstance.py:2170} INFO - Starting attempt 1 of 2
[2025-09-21T12:45:04.701+0000] {taskinstance.py:2191} INFO - Executing <Task(BranchPythonOperator): check_new_files> on 2025-09-21 12:30:00+00:00
[2025-09-21T12:45:04.718+0000] {standard_task_runner.py:60} INFO - Started process 429 to run task
[2025-09-21T12:45:04.733+0000] {standard_task_runner.py:87} INFO - Running: ['***', 'tasks', 'run', 'crypto_etl_main', 'check_new_files', 'scheduled__2025-09-21T12:30:00+00:00', '--job-id', '13', '--raw', '--subdir', 'DAGS_FOLDER/crypto_etl_dag.py', '--cfg-path', '/tmp/tmplyj9lp5n']
[2025-09-21T12:45:04.744+0000] {standard_task_runner.py:88} INFO - Job 13: Subtask check_new_files
[2025-09-21T12:45:05.029+0000] {task_command.py:423} INFO - Running <TaskInstance: crypto_etl_main.check_new_files scheduled__2025-09-21T12:30:00+00:00 [running]> on host 7132667814f8
[2025-09-21T12:45:05.272+0000] {taskinstance.py:2480} INFO - Exporting env vars: AIRFLOW_CTX_DAG_OWNER='data-team' AIRFLOW_CTX_DAG_ID='crypto_etl_main' AIRFLOW_CTX_TASK_ID='check_new_files' AIRFLOW_CTX_EXECUTION_DATE='2025-09-21T12:30:00+00:00' AIRFLOW_CTX_TRY_NUMBER='1' AIRFLOW_CTX_DAG_RUN_ID='scheduled__2025-09-21T12:30:00+00:00'
[2025-09-21T12:45:05.456+0000] {log.py:232} WARNING - [2025-09-21 12:45:05,454] INFO - crypto_etl - Listing files from bucket crypto-data with prefix 'raw-data/'
[2025-09-21T12:45:05.454+0000] {extract.py:26} INFO - Listing files from bucket crypto-data with prefix 'raw-data/'
[2025-09-21T12:45:05.476+0000] {log.py:232} WARNING - [2025-09-21 12:45:05,475] INFO - crypto_etl - Found 1 CSV files
[2025-09-21T12:45:05.475+0000] {extract.py:30} INFO - Found 1 CSV files
[2025-09-21T12:45:05.489+0000] {log.py:232} WARNING - [2025-09-21 12:45:05,488] INFO - crypto_etl - Found 0 unprocessed files out of 1 total
[2025-09-21T12:45:05.488+0000] {file_processor.py:25} INFO - Found 0 unprocessed files out of 1 total
[2025-09-21T12:45:05.491+0000] {logging_mixin.py:188} INFO - No new files to process
[2025-09-21T12:45:05.493+0000] {python.py:201} INFO - Done. Returned value was: no_new_files
[2025-09-21T12:45:05.494+0000] {branch.py:35} INFO - Branch into no_new_files
[2025-09-21T12:45:05.495+0000] {skipmixin.py:178} INFO - Following branch no_new_files
[2025-09-21T12:45:05.533+0000] {skipmixin.py:244} INFO - Skipping tasks [('validate_files', -1)]
[2025-09-21T12:45:05.623+0000] {taskinstance.py:1138} INFO - Marking task as SUCCESS. dag_id=crypto_etl_main, task_id=check_new_files, execution_date=20250921T123000, start_date=20250921T124504, end_date=20250921T124505
[2025-09-21T12:45:05.674+0000] {local_task_job_runner.py:234} INFO - Task exited with return code 0
[2025-09-21T12:45:05.742+0000] {taskinstance.py:3280} INFO - 0 downstream tasks scheduled from follow-on schedule check
