[2025-09-20T21:55:28.720+0000] {taskinstance.py:1956} INFO - Dependencies all met for dep_context=non-requeueable deps ti=<TaskInstance: crypto_etl_main.transform__and_load_data scheduled__2025-09-20T21:30:00+00:00 [queued]>
[2025-09-20T21:55:28.739+0000] {taskinstance.py:1956} INFO - Dependencies all met for dep_context=requeueable deps ti=<TaskInstance: crypto_etl_main.transform__and_load_data scheduled__2025-09-20T21:30:00+00:00 [queued]>
[2025-09-20T21:55:28.740+0000] {taskinstance.py:2170} INFO - Starting attempt 1 of 2
[2025-09-20T21:55:28.773+0000] {taskinstance.py:2191} INFO - Executing <Task(PythonOperator): transform__and_load_data> on 2025-09-20 21:30:00+00:00
[2025-09-20T21:55:28.782+0000] {standard_task_runner.py:60} INFO - Started process 251 to run task
[2025-09-20T21:55:28.788+0000] {standard_task_runner.py:87} INFO - Running: ['***', 'tasks', 'run', 'crypto_etl_main', 'transform__and_load_data', 'scheduled__2025-09-20T21:30:00+00:00', '--job-id', '137', '--raw', '--subdir', 'DAGS_FOLDER/crypto_etl_dag.py', '--cfg-path', '/tmp/tmpivqkfazm']
[2025-09-20T21:55:28.797+0000] {standard_task_runner.py:88} INFO - Job 137: Subtask transform__and_load_data
[2025-09-20T21:55:28.897+0000] {task_command.py:423} INFO - Running <TaskInstance: crypto_etl_main.transform__and_load_data scheduled__2025-09-20T21:30:00+00:00 [running]> on host 81634f637f1a
[2025-09-20T21:55:29.205+0000] {taskinstance.py:2480} INFO - Exporting env vars: AIRFLOW_CTX_DAG_OWNER='data-team' AIRFLOW_CTX_DAG_ID='crypto_etl_main' AIRFLOW_CTX_TASK_ID='transform__and_load_data' AIRFLOW_CTX_EXECUTION_DATE='2025-09-20T21:30:00+00:00' AIRFLOW_CTX_TRY_NUMBER='1' AIRFLOW_CTX_DAG_RUN_ID='scheduled__2025-09-20T21:30:00+00:00'
[2025-09-20T21:55:29.368+0000] {log.py:232} WARNING - [2025-09-20 21:55:29,366] INFO - crypto_etl - Starting data transformation...
[2025-09-20T21:55:29.366+0000] {transform.py:27} INFO - Starting data transformation...
[2025-09-20T21:55:29.383+0000] {log.py:232} WARNING - [2025-09-20 21:55:29,383] INFO - crypto_etl - Adding derived metrics...
[2025-09-20T21:55:29.383+0000] {transform.py:14} INFO - Adding derived metrics...
[2025-09-20T21:55:29.485+0000] {log.py:232} WARNING - [2025-09-20 21:55:29,485] INFO - crypto_etl - Data transformation complete
[2025-09-20T21:55:29.485+0000] {transform.py:32} INFO - Data transformation complete
[2025-09-20T21:55:29.508+0000] {log.py:232} WARNING - [2025-09-20 21:55:29,507] INFO - crypto_etl - Upserted 6 rows into processed_prices
[2025-09-20T21:55:29.507+0000] {load.py:44} INFO - Upserted 6 rows into processed_prices
[2025-09-20T21:55:29.518+0000] {log.py:232} WARNING - [2025-09-20 21:55:29,517] INFO - crypto_etl - Marked raw-data/2025/09/20/20/crypto_data_20250920_20.csv as completed with 6 records
[2025-09-20T21:55:29.517+0000] {file_processor.py:61} INFO - Marked raw-data/2025/09/20/20/crypto_data_20250920_20.csv as completed with 6 records
[2025-09-20T21:55:29.520+0000] {logging_mixin.py:188} INFO - ✓ Successfully processed: raw-data/2025/09/20/20/crypto_data_20250920_20.csv (6 records)
[2025-09-20T21:55:29.589+0000] {python.py:201} INFO - Done. Returned value was: Processed 1 files successfully, 6 total records
[2025-09-20T21:55:29.624+0000] {taskinstance.py:1138} INFO - Marking task as SUCCESS. dag_id=crypto_etl_main, task_id=transform__and_load_data, execution_date=20250920T213000, start_date=20250920T215528, end_date=20250920T215529
[2025-09-20T21:55:29.688+0000] {local_task_job_runner.py:234} INFO - Task exited with return code 0
[2025-09-20T21:55:29.732+0000] {taskinstance.py:3280} INFO - 1 downstream tasks scheduled from follow-on schedule check
