[2025-09-20T21:55:28.738+0000] {taskinstance.py:1956} INFO - Dependencies all met for dep_context=non-requeueable deps ti=<TaskInstance: crypto_etl_main.handle_quality_failure scheduled__2025-09-20T21:30:00+00:00 [queued]>
[2025-09-20T21:55:28.760+0000] {taskinstance.py:1956} INFO - Dependencies all met for dep_context=requeueable deps ti=<TaskInstance: crypto_etl_main.handle_quality_failure scheduled__2025-09-20T21:30:00+00:00 [queued]>
[2025-09-20T21:55:28.761+0000] {taskinstance.py:2170} INFO - Starting attempt 1 of 2
[2025-09-20T21:55:28.796+0000] {taskinstance.py:2191} INFO - Executing <Task(PythonOperator): handle_quality_failure> on 2025-09-20 21:30:00+00:00
[2025-09-20T21:55:28.807+0000] {standard_task_runner.py:60} INFO - Started process 252 to run task
[2025-09-20T21:55:28.814+0000] {standard_task_runner.py:87} INFO - Running: ['***', 'tasks', 'run', 'crypto_etl_main', 'handle_quality_failure', 'scheduled__2025-09-20T21:30:00+00:00', '--job-id', '138', '--raw', '--subdir', 'DAGS_FOLDER/crypto_etl_dag.py', '--cfg-path', '/tmp/tmpqtqtoidl']
[2025-09-20T21:55:28.821+0000] {standard_task_runner.py:88} INFO - Job 138: Subtask handle_quality_failure
[2025-09-20T21:55:28.923+0000] {task_command.py:423} INFO - Running <TaskInstance: crypto_etl_main.handle_quality_failure scheduled__2025-09-20T21:30:00+00:00 [running]> on host 81634f637f1a
[2025-09-20T21:55:29.231+0000] {taskinstance.py:2480} INFO - Exporting env vars: AIRFLOW_CTX_DAG_OWNER='data-team' AIRFLOW_CTX_DAG_ID='crypto_etl_main' AIRFLOW_CTX_TASK_ID='handle_quality_failure' AIRFLOW_CTX_EXECUTION_DATE='2025-09-20T21:30:00+00:00' AIRFLOW_CTX_TRY_NUMBER='1' AIRFLOW_CTX_DAG_RUN_ID='scheduled__2025-09-20T21:30:00+00:00'
[2025-09-20T21:55:29.306+0000] {warnings.py:109} WARNING - /home/***/.local/lib/python3.8/site-packages/***/utils/context.py:315: AirflowContextDeprecationWarning: Accessing 'execution_date' from the template is deprecated and will be removed in a future version. Please use 'data_interval_start' or 'logical_date' instead.
  warnings.warn(_create_deprecation_warning(k, replacements))

[2025-09-20T21:55:29.308+0000] {logging_mixin.py:188} INFO - 
    ❌ ETL Pipeline Failed:
    
    Structure validation failures: 0
    Quality check failures: 0
    Transform/Load failures: 0
    
    Execution Date: 2025-09-20 21:30:00+00:00
    DAG: crypto_etl_main
    
    Please check logs for detailed error information.
    
[2025-09-20T21:55:29.310+0000] {python.py:201} INFO - Done. Returned value was: 
    ❌ ETL Pipeline Failed:
    
    Structure validation failures: 0
    Quality check failures: 0
    Transform/Load failures: 0
    
    Execution Date: 2025-09-20 21:30:00+00:00
    DAG: crypto_etl_main
    
    Please check logs for detailed error information.
    
[2025-09-20T21:55:29.426+0000] {taskinstance.py:1138} INFO - Marking task as SUCCESS. dag_id=crypto_etl_main, task_id=handle_quality_failure, execution_date=20250920T213000, start_date=20250920T215528, end_date=20250920T215529
[2025-09-20T21:55:29.494+0000] {local_task_job_runner.py:234} INFO - Task exited with return code 0
[2025-09-20T21:55:29.544+0000] {taskinstance.py:3280} INFO - 0 downstream tasks scheduled from follow-on schedule check
