[2025-09-21T16:32:50.931+0000] {taskinstance.py:1956} INFO - Dependencies all met for dep_context=non-requeueable deps ti=<TaskInstance: crypto_etl_main.transform_data scheduled__2025-09-21T16:15:00+00:00 [queued]>
[2025-09-21T16:32:50.947+0000] {taskinstance.py:1956} INFO - Dependencies all met for dep_context=requeueable deps ti=<TaskInstance: crypto_etl_main.transform_data scheduled__2025-09-21T16:15:00+00:00 [queued]>
[2025-09-21T16:32:50.948+0000] {taskinstance.py:2170} INFO - Starting attempt 1 of 2
[2025-09-21T16:32:50.975+0000] {taskinstance.py:2191} INFO - Executing <Task(PythonOperator): transform_data> on 2025-09-21 16:15:00+00:00
[2025-09-21T16:32:50.984+0000] {standard_task_runner.py:60} INFO - Started process 893 to run task
[2025-09-21T16:32:50.993+0000] {standard_task_runner.py:87} INFO - Running: ['***', 'tasks', 'run', 'crypto_etl_main', 'transform_data', 'scheduled__2025-09-21T16:15:00+00:00', '--job-id', '46', '--raw', '--subdir', 'DAGS_FOLDER/crypto_etl_dag.py', '--cfg-path', '/tmp/tmp6m102rlr']
[2025-09-21T16:32:50.999+0000] {standard_task_runner.py:88} INFO - Job 46: Subtask transform_data
[2025-09-21T16:32:51.095+0000] {task_command.py:423} INFO - Running <TaskInstance: crypto_etl_main.transform_data scheduled__2025-09-21T16:15:00+00:00 [running]> on host e55d1e17d5c4
[2025-09-21T16:32:51.251+0000] {taskinstance.py:2480} INFO - Exporting env vars: AIRFLOW_CTX_DAG_OWNER='data-team' AIRFLOW_CTX_DAG_ID='crypto_etl_main' AIRFLOW_CTX_TASK_ID='transform_data' AIRFLOW_CTX_EXECUTION_DATE='2025-09-21T16:15:00+00:00' AIRFLOW_CTX_TRY_NUMBER='1' AIRFLOW_CTX_DAG_RUN_ID='scheduled__2025-09-21T16:15:00+00:00'
[2025-09-21T16:32:51.380+0000] {log.py:232} WARNING - [2025-09-21 16:32:51,378] INFO - crypto_etl - Starting data transformation...
[2025-09-21T16:32:51.378+0000] {transform.py:27} INFO - Starting data transformation...
[2025-09-21T16:32:51.388+0000] {log.py:232} WARNING - [2025-09-21 16:32:51,387] INFO - crypto_etl - Adding derived metrics...
[2025-09-21T16:32:51.387+0000] {transform.py:14} INFO - Adding derived metrics...
[2025-09-21T16:32:51.421+0000] {log.py:232} WARNING - [2025-09-21 16:32:51,421] INFO - crypto_etl - Data transformation complete
[2025-09-21T16:32:51.421+0000] {transform.py:32} INFO - Data transformation complete
[2025-09-21T16:32:51.435+0000] {log.py:232} WARNING - [2025-09-21 16:32:51,435] INFO - crypto_etl - Upserted 6 rows into processed_prices
[2025-09-21T16:32:51.435+0000] {load.py:45} INFO - Upserted 6 rows into processed_prices
[2025-09-21T16:32:51.447+0000] {log.py:232} WARNING - [2025-09-21 16:32:51,446] INFO - crypto_etl - Marked raw-data/2025/09/18/16/crypto_data_20250918_16.csv as completed with 6 records
[2025-09-21T16:32:51.446+0000] {file_processor.py:61} INFO - Marked raw-data/2025/09/18/16/crypto_data_20250918_16.csv as completed with 6 records
[2025-09-21T16:32:51.448+0000] {logging_mixin.py:188} INFO - ✓ Successfully processed: raw-data/2025/09/18/16/crypto_data_20250918_16.csv (6 records)
[2025-09-21T16:32:51.451+0000] {log.py:232} WARNING - [2025-09-21 16:32:51,451] INFO - crypto_etl - Starting data transformation...
[2025-09-21T16:32:51.451+0000] {transform.py:27} INFO - Starting data transformation...
[2025-09-21T16:32:51.455+0000] {log.py:232} WARNING - [2025-09-21 16:32:51,454] INFO - crypto_etl - Adding derived metrics...
[2025-09-21T16:32:51.454+0000] {transform.py:14} INFO - Adding derived metrics...
[2025-09-21T16:32:51.475+0000] {log.py:232} WARNING - [2025-09-21 16:32:51,474] INFO - crypto_etl - Data transformation complete
[2025-09-21T16:32:51.474+0000] {transform.py:32} INFO - Data transformation complete
[2025-09-21T16:32:51.489+0000] {log.py:232} WARNING - [2025-09-21 16:32:51,488] INFO - crypto_etl - Upserted 6 rows into processed_prices
[2025-09-21T16:32:51.488+0000] {load.py:45} INFO - Upserted 6 rows into processed_prices
[2025-09-21T16:32:51.500+0000] {log.py:232} WARNING - [2025-09-21 16:32:51,499] INFO - crypto_etl - Marked raw-data/2025/09/18/17/crypto_data_20250918_17.csv as completed with 6 records
[2025-09-21T16:32:51.499+0000] {file_processor.py:61} INFO - Marked raw-data/2025/09/18/17/crypto_data_20250918_17.csv as completed with 6 records
[2025-09-21T16:32:51.502+0000] {logging_mixin.py:188} INFO - ✓ Successfully processed: raw-data/2025/09/18/17/crypto_data_20250918_17.csv (6 records)
[2025-09-21T16:32:51.506+0000] {log.py:232} WARNING - [2025-09-21 16:32:51,503] INFO - crypto_etl - Starting data transformation...
[2025-09-21T16:32:51.503+0000] {transform.py:27} INFO - Starting data transformation...
[2025-09-21T16:32:51.510+0000] {log.py:232} WARNING - [2025-09-21 16:32:51,509] INFO - crypto_etl - Adding derived metrics...
[2025-09-21T16:32:51.509+0000] {transform.py:14} INFO - Adding derived metrics...
[2025-09-21T16:32:51.528+0000] {log.py:232} WARNING - [2025-09-21 16:32:51,527] INFO - crypto_etl - Data transformation complete
[2025-09-21T16:32:51.527+0000] {transform.py:32} INFO - Data transformation complete
[2025-09-21T16:32:51.538+0000] {log.py:232} WARNING - [2025-09-21 16:32:51,537] INFO - crypto_etl - Upserted 6 rows into processed_prices
[2025-09-21T16:32:51.537+0000] {load.py:45} INFO - Upserted 6 rows into processed_prices
[2025-09-21T16:32:51.549+0000] {log.py:232} WARNING - [2025-09-21 16:32:51,548] INFO - crypto_etl - Marked raw-data/2025/09/18/18/crypto_data_20250918_18.csv as completed with 6 records
[2025-09-21T16:32:51.548+0000] {file_processor.py:61} INFO - Marked raw-data/2025/09/18/18/crypto_data_20250918_18.csv as completed with 6 records
[2025-09-21T16:32:51.551+0000] {logging_mixin.py:188} INFO - ✓ Successfully processed: raw-data/2025/09/18/18/crypto_data_20250918_18.csv (6 records)
[2025-09-21T16:32:51.557+0000] {log.py:232} WARNING - [2025-09-21 16:32:51,555] INFO - crypto_etl - Starting data transformation...
[2025-09-21T16:32:51.555+0000] {transform.py:27} INFO - Starting data transformation...
[2025-09-21T16:32:51.562+0000] {log.py:232} WARNING - [2025-09-21 16:32:51,561] INFO - crypto_etl - Adding derived metrics...
[2025-09-21T16:32:51.561+0000] {transform.py:14} INFO - Adding derived metrics...
[2025-09-21T16:32:51.584+0000] {log.py:232} WARNING - [2025-09-21 16:32:51,583] INFO - crypto_etl - Data transformation complete
[2025-09-21T16:32:51.583+0000] {transform.py:32} INFO - Data transformation complete
[2025-09-21T16:32:51.598+0000] {log.py:232} WARNING - [2025-09-21 16:32:51,597] INFO - crypto_etl - Upserted 6 rows into processed_prices
[2025-09-21T16:32:51.597+0000] {load.py:45} INFO - Upserted 6 rows into processed_prices
[2025-09-21T16:32:51.613+0000] {log.py:232} WARNING - [2025-09-21 16:32:51,612] INFO - crypto_etl - Marked raw-data/2025/09/18/19/crypto_data_20250918_19.csv as completed with 6 records
[2025-09-21T16:32:51.612+0000] {file_processor.py:61} INFO - Marked raw-data/2025/09/18/19/crypto_data_20250918_19.csv as completed with 6 records
[2025-09-21T16:32:51.614+0000] {logging_mixin.py:188} INFO - ✓ Successfully processed: raw-data/2025/09/18/19/crypto_data_20250918_19.csv (6 records)
[2025-09-21T16:32:51.617+0000] {log.py:232} WARNING - [2025-09-21 16:32:51,617] INFO - crypto_etl - Starting data transformation...
[2025-09-21T16:32:51.617+0000] {transform.py:27} INFO - Starting data transformation...
[2025-09-21T16:32:51.622+0000] {log.py:232} WARNING - [2025-09-21 16:32:51,621] INFO - crypto_etl - Adding derived metrics...
[2025-09-21T16:32:51.621+0000] {transform.py:14} INFO - Adding derived metrics...
[2025-09-21T16:32:51.645+0000] {log.py:232} WARNING - [2025-09-21 16:32:51,645] INFO - crypto_etl - Data transformation complete
[2025-09-21T16:32:51.645+0000] {transform.py:32} INFO - Data transformation complete
[2025-09-21T16:32:51.656+0000] {log.py:232} WARNING - [2025-09-21 16:32:51,655] INFO - crypto_etl - Upserted 6 rows into processed_prices
[2025-09-21T16:32:51.655+0000] {load.py:45} INFO - Upserted 6 rows into processed_prices
[2025-09-21T16:32:51.667+0000] {log.py:232} WARNING - [2025-09-21 16:32:51,666] INFO - crypto_etl - Marked raw-data/2025/09/18/20/crypto_data_20250918_20.csv as completed with 6 records
[2025-09-21T16:32:51.666+0000] {file_processor.py:61} INFO - Marked raw-data/2025/09/18/20/crypto_data_20250918_20.csv as completed with 6 records
[2025-09-21T16:32:51.668+0000] {logging_mixin.py:188} INFO - ✓ Successfully processed: raw-data/2025/09/18/20/crypto_data_20250918_20.csv (6 records)
[2025-09-21T16:32:51.671+0000] {log.py:232} WARNING - [2025-09-21 16:32:51,670] INFO - crypto_etl - Starting data transformation...
[2025-09-21T16:32:51.670+0000] {transform.py:27} INFO - Starting data transformation...
[2025-09-21T16:32:51.675+0000] {log.py:232} WARNING - [2025-09-21 16:32:51,674] INFO - crypto_etl - Adding derived metrics...
[2025-09-21T16:32:51.674+0000] {transform.py:14} INFO - Adding derived metrics...
[2025-09-21T16:32:51.691+0000] {log.py:232} WARNING - [2025-09-21 16:32:51,690] INFO - crypto_etl - Data transformation complete
[2025-09-21T16:32:51.690+0000] {transform.py:32} INFO - Data transformation complete
[2025-09-21T16:32:51.701+0000] {log.py:232} WARNING - [2025-09-21 16:32:51,700] INFO - crypto_etl - Upserted 6 rows into processed_prices
[2025-09-21T16:32:51.700+0000] {load.py:45} INFO - Upserted 6 rows into processed_prices
[2025-09-21T16:32:51.711+0000] {log.py:232} WARNING - [2025-09-21 16:32:51,711] INFO - crypto_etl - Marked raw-data/2025/09/18/21/crypto_data_20250918_21.csv as completed with 6 records
[2025-09-21T16:32:51.711+0000] {file_processor.py:61} INFO - Marked raw-data/2025/09/18/21/crypto_data_20250918_21.csv as completed with 6 records
[2025-09-21T16:32:51.713+0000] {logging_mixin.py:188} INFO - ✓ Successfully processed: raw-data/2025/09/18/21/crypto_data_20250918_21.csv (6 records)
[2025-09-21T16:32:51.715+0000] {log.py:232} WARNING - [2025-09-21 16:32:51,714] INFO - crypto_etl - Starting data transformation...
[2025-09-21T16:32:51.714+0000] {transform.py:27} INFO - Starting data transformation...
[2025-09-21T16:32:51.717+0000] {log.py:232} WARNING - [2025-09-21 16:32:51,717] INFO - crypto_etl - Adding derived metrics...
[2025-09-21T16:32:51.717+0000] {transform.py:14} INFO - Adding derived metrics...
[2025-09-21T16:32:51.734+0000] {log.py:232} WARNING - [2025-09-21 16:32:51,734] INFO - crypto_etl - Data transformation complete
[2025-09-21T16:32:51.734+0000] {transform.py:32} INFO - Data transformation complete
[2025-09-21T16:32:51.745+0000] {log.py:232} WARNING - [2025-09-21 16:32:51,745] INFO - crypto_etl - Upserted 6 rows into processed_prices
[2025-09-21T16:32:51.745+0000] {load.py:45} INFO - Upserted 6 rows into processed_prices
[2025-09-21T16:32:51.756+0000] {log.py:232} WARNING - [2025-09-21 16:32:51,754] INFO - crypto_etl - Marked raw-data/2025/09/18/22/crypto_data_20250918_22.csv as completed with 6 records
[2025-09-21T16:32:51.754+0000] {file_processor.py:61} INFO - Marked raw-data/2025/09/18/22/crypto_data_20250918_22.csv as completed with 6 records
[2025-09-21T16:32:51.757+0000] {logging_mixin.py:188} INFO - ✓ Successfully processed: raw-data/2025/09/18/22/crypto_data_20250918_22.csv (6 records)
[2025-09-21T16:32:51.760+0000] {log.py:232} WARNING - [2025-09-21 16:32:51,759] INFO - crypto_etl - Starting data transformation...
[2025-09-21T16:32:51.759+0000] {transform.py:27} INFO - Starting data transformation...
[2025-09-21T16:32:51.763+0000] {log.py:232} WARNING - [2025-09-21 16:32:51,762] INFO - crypto_etl - Adding derived metrics...
[2025-09-21T16:32:51.762+0000] {transform.py:14} INFO - Adding derived metrics...
[2025-09-21T16:32:51.781+0000] {log.py:232} WARNING - [2025-09-21 16:32:51,781] INFO - crypto_etl - Data transformation complete
[2025-09-21T16:32:51.781+0000] {transform.py:32} INFO - Data transformation complete
[2025-09-21T16:32:51.793+0000] {log.py:232} WARNING - [2025-09-21 16:32:51,792] INFO - crypto_etl - Upserted 6 rows into processed_prices
[2025-09-21T16:32:51.792+0000] {load.py:45} INFO - Upserted 6 rows into processed_prices
[2025-09-21T16:32:51.806+0000] {log.py:232} WARNING - [2025-09-21 16:32:51,804] INFO - crypto_etl - Marked raw-data/2025/09/18/23/crypto_data_20250918_23.csv as completed with 6 records
[2025-09-21T16:32:51.804+0000] {file_processor.py:61} INFO - Marked raw-data/2025/09/18/23/crypto_data_20250918_23.csv as completed with 6 records
[2025-09-21T16:32:51.808+0000] {logging_mixin.py:188} INFO - ✓ Successfully processed: raw-data/2025/09/18/23/crypto_data_20250918_23.csv (6 records)
[2025-09-21T16:32:51.811+0000] {log.py:232} WARNING - [2025-09-21 16:32:51,810] INFO - crypto_etl - Starting data transformation...
[2025-09-21T16:32:51.810+0000] {transform.py:27} INFO - Starting data transformation...
[2025-09-21T16:32:51.815+0000] {log.py:232} WARNING - [2025-09-21 16:32:51,814] INFO - crypto_etl - Adding derived metrics...
[2025-09-21T16:32:51.814+0000] {transform.py:14} INFO - Adding derived metrics...
[2025-09-21T16:32:51.839+0000] {log.py:232} WARNING - [2025-09-21 16:32:51,837] INFO - crypto_etl - Data transformation complete
[2025-09-21T16:32:51.837+0000] {transform.py:32} INFO - Data transformation complete
[2025-09-21T16:32:51.868+0000] {log.py:232} WARNING - [2025-09-21 16:32:51,868] INFO - crypto_etl - Upserted 6 rows into processed_prices
[2025-09-21T16:32:51.868+0000] {load.py:45} INFO - Upserted 6 rows into processed_prices
[2025-09-21T16:32:51.882+0000] {log.py:232} WARNING - [2025-09-21 16:32:51,881] INFO - crypto_etl - Marked raw-data/2025/09/19/00/crypto_data_20250919_00.csv as completed with 6 records
[2025-09-21T16:32:51.881+0000] {file_processor.py:61} INFO - Marked raw-data/2025/09/19/00/crypto_data_20250919_00.csv as completed with 6 records
[2025-09-21T16:32:51.883+0000] {logging_mixin.py:188} INFO - ✓ Successfully processed: raw-data/2025/09/19/00/crypto_data_20250919_00.csv (6 records)
[2025-09-21T16:32:51.886+0000] {log.py:232} WARNING - [2025-09-21 16:32:51,885] INFO - crypto_etl - Starting data transformation...
[2025-09-21T16:32:51.885+0000] {transform.py:27} INFO - Starting data transformation...
[2025-09-21T16:32:51.890+0000] {log.py:232} WARNING - [2025-09-21 16:32:51,888] INFO - crypto_etl - Adding derived metrics...
[2025-09-21T16:32:51.888+0000] {transform.py:14} INFO - Adding derived metrics...
[2025-09-21T16:32:51.906+0000] {log.py:232} WARNING - [2025-09-21 16:32:51,905] INFO - crypto_etl - Data transformation complete
[2025-09-21T16:32:51.905+0000] {transform.py:32} INFO - Data transformation complete
[2025-09-21T16:32:51.917+0000] {log.py:232} WARNING - [2025-09-21 16:32:51,916] INFO - crypto_etl - Upserted 6 rows into processed_prices
[2025-09-21T16:32:51.916+0000] {load.py:45} INFO - Upserted 6 rows into processed_prices
[2025-09-21T16:32:51.930+0000] {log.py:232} WARNING - [2025-09-21 16:32:51,929] INFO - crypto_etl - Marked raw-data/2025/09/19/01/crypto_data_20250919_01.csv as completed with 6 records
[2025-09-21T16:32:51.929+0000] {file_processor.py:61} INFO - Marked raw-data/2025/09/19/01/crypto_data_20250919_01.csv as completed with 6 records
[2025-09-21T16:32:51.931+0000] {logging_mixin.py:188} INFO - ✓ Successfully processed: raw-data/2025/09/19/01/crypto_data_20250919_01.csv (6 records)
[2025-09-21T16:32:51.934+0000] {log.py:232} WARNING - [2025-09-21 16:32:51,933] INFO - crypto_etl - Starting data transformation...
[2025-09-21T16:32:51.933+0000] {transform.py:27} INFO - Starting data transformation...
[2025-09-21T16:32:51.936+0000] {log.py:232} WARNING - [2025-09-21 16:32:51,936] INFO - crypto_etl - Adding derived metrics...
[2025-09-21T16:32:51.936+0000] {transform.py:14} INFO - Adding derived metrics...
[2025-09-21T16:32:51.953+0000] {log.py:232} WARNING - [2025-09-21 16:32:51,953] INFO - crypto_etl - Data transformation complete
[2025-09-21T16:32:51.953+0000] {transform.py:32} INFO - Data transformation complete
[2025-09-21T16:32:51.966+0000] {log.py:232} WARNING - [2025-09-21 16:32:51,965] INFO - crypto_etl - Upserted 6 rows into processed_prices
[2025-09-21T16:32:51.965+0000] {load.py:45} INFO - Upserted 6 rows into processed_prices
[2025-09-21T16:32:51.982+0000] {log.py:232} WARNING - [2025-09-21 16:32:51,981] INFO - crypto_etl - Marked raw-data/2025/09/19/02/crypto_data_20250919_02.csv as completed with 6 records
[2025-09-21T16:32:51.981+0000] {file_processor.py:61} INFO - Marked raw-data/2025/09/19/02/crypto_data_20250919_02.csv as completed with 6 records
[2025-09-21T16:32:51.983+0000] {logging_mixin.py:188} INFO - ✓ Successfully processed: raw-data/2025/09/19/02/crypto_data_20250919_02.csv (6 records)
[2025-09-21T16:32:51.985+0000] {log.py:232} WARNING - [2025-09-21 16:32:51,985] INFO - crypto_etl - Starting data transformation...
[2025-09-21T16:32:51.985+0000] {transform.py:27} INFO - Starting data transformation...
[2025-09-21T16:32:51.996+0000] {log.py:232} WARNING - [2025-09-21 16:32:51,989] INFO - crypto_etl - Adding derived metrics...
[2025-09-21T16:32:51.989+0000] {transform.py:14} INFO - Adding derived metrics...
[2025-09-21T16:32:52.017+0000] {log.py:232} WARNING - [2025-09-21 16:32:52,016] INFO - crypto_etl - Data transformation complete
[2025-09-21T16:32:52.016+0000] {transform.py:32} INFO - Data transformation complete
[2025-09-21T16:32:52.038+0000] {log.py:232} WARNING - [2025-09-21 16:32:52,037] INFO - crypto_etl - Upserted 6 rows into processed_prices
[2025-09-21T16:32:52.037+0000] {load.py:45} INFO - Upserted 6 rows into processed_prices
[2025-09-21T16:32:52.052+0000] {log.py:232} WARNING - [2025-09-21 16:32:52,051] INFO - crypto_etl - Marked raw-data/2025/09/19/03/crypto_data_20250919_03.csv as completed with 6 records
[2025-09-21T16:32:52.051+0000] {file_processor.py:61} INFO - Marked raw-data/2025/09/19/03/crypto_data_20250919_03.csv as completed with 6 records
[2025-09-21T16:32:52.054+0000] {logging_mixin.py:188} INFO - ✓ Successfully processed: raw-data/2025/09/19/03/crypto_data_20250919_03.csv (6 records)
[2025-09-21T16:32:52.059+0000] {log.py:232} WARNING - [2025-09-21 16:32:52,057] INFO - crypto_etl - Starting data transformation...
[2025-09-21T16:32:52.057+0000] {transform.py:27} INFO - Starting data transformation...
[2025-09-21T16:32:52.062+0000] {log.py:232} WARNING - [2025-09-21 16:32:52,062] INFO - crypto_etl - Adding derived metrics...
[2025-09-21T16:32:52.062+0000] {transform.py:14} INFO - Adding derived metrics...
[2025-09-21T16:32:52.086+0000] {log.py:232} WARNING - [2025-09-21 16:32:52,085] INFO - crypto_etl - Data transformation complete
[2025-09-21T16:32:52.085+0000] {transform.py:32} INFO - Data transformation complete
[2025-09-21T16:32:52.110+0000] {log.py:232} WARNING - [2025-09-21 16:32:52,109] INFO - crypto_etl - Upserted 6 rows into processed_prices
[2025-09-21T16:32:52.109+0000] {load.py:45} INFO - Upserted 6 rows into processed_prices
[2025-09-21T16:32:52.127+0000] {log.py:232} WARNING - [2025-09-21 16:32:52,126] INFO - crypto_etl - Marked raw-data/2025/09/19/04/crypto_data_20250919_04.csv as completed with 6 records
[2025-09-21T16:32:52.126+0000] {file_processor.py:61} INFO - Marked raw-data/2025/09/19/04/crypto_data_20250919_04.csv as completed with 6 records
[2025-09-21T16:32:52.129+0000] {logging_mixin.py:188} INFO - ✓ Successfully processed: raw-data/2025/09/19/04/crypto_data_20250919_04.csv (6 records)
[2025-09-21T16:32:52.132+0000] {log.py:232} WARNING - [2025-09-21 16:32:52,131] INFO - crypto_etl - Starting data transformation...
[2025-09-21T16:32:52.131+0000] {transform.py:27} INFO - Starting data transformation...
[2025-09-21T16:32:52.135+0000] {log.py:232} WARNING - [2025-09-21 16:32:52,134] INFO - crypto_etl - Adding derived metrics...
[2025-09-21T16:32:52.134+0000] {transform.py:14} INFO - Adding derived metrics...
[2025-09-21T16:32:52.168+0000] {log.py:232} WARNING - [2025-09-21 16:32:52,167] INFO - crypto_etl - Data transformation complete
[2025-09-21T16:32:52.167+0000] {transform.py:32} INFO - Data transformation complete
[2025-09-21T16:32:52.187+0000] {log.py:232} WARNING - [2025-09-21 16:32:52,186] INFO - crypto_etl - Upserted 6 rows into processed_prices
[2025-09-21T16:32:52.186+0000] {load.py:45} INFO - Upserted 6 rows into processed_prices
[2025-09-21T16:32:52.198+0000] {log.py:232} WARNING - [2025-09-21 16:32:52,197] INFO - crypto_etl - Marked raw-data/2025/09/19/05/crypto_data_20250919_05.csv as completed with 6 records
[2025-09-21T16:32:52.197+0000] {file_processor.py:61} INFO - Marked raw-data/2025/09/19/05/crypto_data_20250919_05.csv as completed with 6 records
[2025-09-21T16:32:52.199+0000] {logging_mixin.py:188} INFO - ✓ Successfully processed: raw-data/2025/09/19/05/crypto_data_20250919_05.csv (6 records)
[2025-09-21T16:32:52.202+0000] {log.py:232} WARNING - [2025-09-21 16:32:52,201] INFO - crypto_etl - Starting data transformation...
[2025-09-21T16:32:52.201+0000] {transform.py:27} INFO - Starting data transformation...
[2025-09-21T16:32:52.206+0000] {log.py:232} WARNING - [2025-09-21 16:32:52,205] INFO - crypto_etl - Adding derived metrics...
[2025-09-21T16:32:52.205+0000] {transform.py:14} INFO - Adding derived metrics...
[2025-09-21T16:32:52.225+0000] {log.py:232} WARNING - [2025-09-21 16:32:52,225] INFO - crypto_etl - Data transformation complete
[2025-09-21T16:32:52.225+0000] {transform.py:32} INFO - Data transformation complete
[2025-09-21T16:32:52.237+0000] {log.py:232} WARNING - [2025-09-21 16:32:52,236] INFO - crypto_etl - Upserted 6 rows into processed_prices
[2025-09-21T16:32:52.236+0000] {load.py:45} INFO - Upserted 6 rows into processed_prices
[2025-09-21T16:32:52.248+0000] {log.py:232} WARNING - [2025-09-21 16:32:52,247] INFO - crypto_etl - Marked raw-data/2025/09/19/06/crypto_data_20250919_06.csv as completed with 6 records
[2025-09-21T16:32:52.247+0000] {file_processor.py:61} INFO - Marked raw-data/2025/09/19/06/crypto_data_20250919_06.csv as completed with 6 records
[2025-09-21T16:32:52.249+0000] {logging_mixin.py:188} INFO - ✓ Successfully processed: raw-data/2025/09/19/06/crypto_data_20250919_06.csv (6 records)
[2025-09-21T16:32:52.252+0000] {log.py:232} WARNING - [2025-09-21 16:32:52,251] INFO - crypto_etl - Starting data transformation...
[2025-09-21T16:32:52.251+0000] {transform.py:27} INFO - Starting data transformation...
[2025-09-21T16:32:52.255+0000] {log.py:232} WARNING - [2025-09-21 16:32:52,254] INFO - crypto_etl - Adding derived metrics...
[2025-09-21T16:32:52.254+0000] {transform.py:14} INFO - Adding derived metrics...
[2025-09-21T16:32:52.269+0000] {log.py:232} WARNING - [2025-09-21 16:32:52,269] INFO - crypto_etl - Data transformation complete
[2025-09-21T16:32:52.269+0000] {transform.py:32} INFO - Data transformation complete
[2025-09-21T16:32:52.281+0000] {log.py:232} WARNING - [2025-09-21 16:32:52,280] INFO - crypto_etl - Upserted 6 rows into processed_prices
[2025-09-21T16:32:52.280+0000] {load.py:45} INFO - Upserted 6 rows into processed_prices
[2025-09-21T16:32:52.292+0000] {log.py:232} WARNING - [2025-09-21 16:32:52,292] INFO - crypto_etl - Marked raw-data/2025/09/19/07/crypto_data_20250919_07.csv as completed with 6 records
[2025-09-21T16:32:52.292+0000] {file_processor.py:61} INFO - Marked raw-data/2025/09/19/07/crypto_data_20250919_07.csv as completed with 6 records
[2025-09-21T16:32:52.294+0000] {logging_mixin.py:188} INFO - ✓ Successfully processed: raw-data/2025/09/19/07/crypto_data_20250919_07.csv (6 records)
[2025-09-21T16:32:52.296+0000] {log.py:232} WARNING - [2025-09-21 16:32:52,296] INFO - crypto_etl - Starting data transformation...
[2025-09-21T16:32:52.296+0000] {transform.py:27} INFO - Starting data transformation...
[2025-09-21T16:32:52.299+0000] {log.py:232} WARNING - [2025-09-21 16:32:52,298] INFO - crypto_etl - Adding derived metrics...
[2025-09-21T16:32:52.298+0000] {transform.py:14} INFO - Adding derived metrics...
[2025-09-21T16:32:52.317+0000] {log.py:232} WARNING - [2025-09-21 16:32:52,316] INFO - crypto_etl - Data transformation complete
[2025-09-21T16:32:52.316+0000] {transform.py:32} INFO - Data transformation complete
[2025-09-21T16:32:52.328+0000] {log.py:232} WARNING - [2025-09-21 16:32:52,328] INFO - crypto_etl - Upserted 6 rows into processed_prices
[2025-09-21T16:32:52.328+0000] {load.py:45} INFO - Upserted 6 rows into processed_prices
[2025-09-21T16:32:52.341+0000] {log.py:232} WARNING - [2025-09-21 16:32:52,340] INFO - crypto_etl - Marked raw-data/2025/09/19/08/crypto_data_20250919_08.csv as completed with 6 records
[2025-09-21T16:32:52.340+0000] {file_processor.py:61} INFO - Marked raw-data/2025/09/19/08/crypto_data_20250919_08.csv as completed with 6 records
[2025-09-21T16:32:52.343+0000] {logging_mixin.py:188} INFO - ✓ Successfully processed: raw-data/2025/09/19/08/crypto_data_20250919_08.csv (6 records)
[2025-09-21T16:32:52.345+0000] {log.py:232} WARNING - [2025-09-21 16:32:52,345] INFO - crypto_etl - Starting data transformation...
[2025-09-21T16:32:52.345+0000] {transform.py:27} INFO - Starting data transformation...
[2025-09-21T16:32:52.348+0000] {log.py:232} WARNING - [2025-09-21 16:32:52,348] INFO - crypto_etl - Adding derived metrics...
[2025-09-21T16:32:52.348+0000] {transform.py:14} INFO - Adding derived metrics...
[2025-09-21T16:32:52.369+0000] {log.py:232} WARNING - [2025-09-21 16:32:52,368] INFO - crypto_etl - Data transformation complete
[2025-09-21T16:32:52.368+0000] {transform.py:32} INFO - Data transformation complete
[2025-09-21T16:32:52.381+0000] {log.py:232} WARNING - [2025-09-21 16:32:52,380] INFO - crypto_etl - Upserted 6 rows into processed_prices
[2025-09-21T16:32:52.380+0000] {load.py:45} INFO - Upserted 6 rows into processed_prices
[2025-09-21T16:32:52.397+0000] {log.py:232} WARNING - [2025-09-21 16:32:52,396] INFO - crypto_etl - Marked raw-data/2025/09/19/09/crypto_data_20250919_09.csv as completed with 6 records
[2025-09-21T16:32:52.396+0000] {file_processor.py:61} INFO - Marked raw-data/2025/09/19/09/crypto_data_20250919_09.csv as completed with 6 records
[2025-09-21T16:32:52.398+0000] {logging_mixin.py:188} INFO - ✓ Successfully processed: raw-data/2025/09/19/09/crypto_data_20250919_09.csv (6 records)
[2025-09-21T16:32:52.401+0000] {log.py:232} WARNING - [2025-09-21 16:32:52,400] INFO - crypto_etl - Starting data transformation...
[2025-09-21T16:32:52.400+0000] {transform.py:27} INFO - Starting data transformation...
[2025-09-21T16:32:52.405+0000] {log.py:232} WARNING - [2025-09-21 16:32:52,404] INFO - crypto_etl - Adding derived metrics...
[2025-09-21T16:32:52.404+0000] {transform.py:14} INFO - Adding derived metrics...
[2025-09-21T16:32:52.432+0000] {log.py:232} WARNING - [2025-09-21 16:32:52,431] INFO - crypto_etl - Data transformation complete
[2025-09-21T16:32:52.431+0000] {transform.py:32} INFO - Data transformation complete
[2025-09-21T16:32:52.449+0000] {log.py:232} WARNING - [2025-09-21 16:32:52,449] INFO - crypto_etl - Upserted 6 rows into processed_prices
[2025-09-21T16:32:52.449+0000] {load.py:45} INFO - Upserted 6 rows into processed_prices
[2025-09-21T16:32:52.465+0000] {log.py:232} WARNING - [2025-09-21 16:32:52,464] INFO - crypto_etl - Marked raw-data/2025/09/19/10/crypto_data_20250919_10.csv as completed with 6 records
[2025-09-21T16:32:52.464+0000] {file_processor.py:61} INFO - Marked raw-data/2025/09/19/10/crypto_data_20250919_10.csv as completed with 6 records
[2025-09-21T16:32:52.466+0000] {logging_mixin.py:188} INFO - ✓ Successfully processed: raw-data/2025/09/19/10/crypto_data_20250919_10.csv (6 records)
[2025-09-21T16:32:52.470+0000] {log.py:232} WARNING - [2025-09-21 16:32:52,469] INFO - crypto_etl - Starting data transformation...
[2025-09-21T16:32:52.469+0000] {transform.py:27} INFO - Starting data transformation...
[2025-09-21T16:32:52.477+0000] {log.py:232} WARNING - [2025-09-21 16:32:52,474] INFO - crypto_etl - Adding derived metrics...
[2025-09-21T16:32:52.474+0000] {transform.py:14} INFO - Adding derived metrics...
[2025-09-21T16:32:52.496+0000] {log.py:232} WARNING - [2025-09-21 16:32:52,495] INFO - crypto_etl - Data transformation complete
[2025-09-21T16:32:52.495+0000] {transform.py:32} INFO - Data transformation complete
[2025-09-21T16:32:52.509+0000] {log.py:232} WARNING - [2025-09-21 16:32:52,508] INFO - crypto_etl - Upserted 6 rows into processed_prices
[2025-09-21T16:32:52.508+0000] {load.py:45} INFO - Upserted 6 rows into processed_prices
[2025-09-21T16:32:52.521+0000] {log.py:232} WARNING - [2025-09-21 16:32:52,520] INFO - crypto_etl - Marked raw-data/2025/09/19/11/crypto_data_20250919_11.csv as completed with 6 records
[2025-09-21T16:32:52.520+0000] {file_processor.py:61} INFO - Marked raw-data/2025/09/19/11/crypto_data_20250919_11.csv as completed with 6 records
[2025-09-21T16:32:52.524+0000] {logging_mixin.py:188} INFO - ✓ Successfully processed: raw-data/2025/09/19/11/crypto_data_20250919_11.csv (6 records)
[2025-09-21T16:32:52.528+0000] {log.py:232} WARNING - [2025-09-21 16:32:52,527] INFO - crypto_etl - Starting data transformation...
[2025-09-21T16:32:52.527+0000] {transform.py:27} INFO - Starting data transformation...
[2025-09-21T16:32:52.532+0000] {log.py:232} WARNING - [2025-09-21 16:32:52,531] INFO - crypto_etl - Adding derived metrics...
[2025-09-21T16:32:52.531+0000] {transform.py:14} INFO - Adding derived metrics...
[2025-09-21T16:32:52.550+0000] {log.py:232} WARNING - [2025-09-21 16:32:52,549] INFO - crypto_etl - Data transformation complete
[2025-09-21T16:32:52.549+0000] {transform.py:32} INFO - Data transformation complete
[2025-09-21T16:32:52.562+0000] {log.py:232} WARNING - [2025-09-21 16:32:52,562] INFO - crypto_etl - Upserted 6 rows into processed_prices
[2025-09-21T16:32:52.562+0000] {load.py:45} INFO - Upserted 6 rows into processed_prices
[2025-09-21T16:32:52.576+0000] {log.py:232} WARNING - [2025-09-21 16:32:52,575] INFO - crypto_etl - Marked raw-data/2025/09/19/12/crypto_data_20250919_12.csv as completed with 6 records
[2025-09-21T16:32:52.575+0000] {file_processor.py:61} INFO - Marked raw-data/2025/09/19/12/crypto_data_20250919_12.csv as completed with 6 records
[2025-09-21T16:32:52.578+0000] {logging_mixin.py:188} INFO - ✓ Successfully processed: raw-data/2025/09/19/12/crypto_data_20250919_12.csv (6 records)
[2025-09-21T16:32:52.580+0000] {log.py:232} WARNING - [2025-09-21 16:32:52,579] INFO - crypto_etl - Starting data transformation...
[2025-09-21T16:32:52.579+0000] {transform.py:27} INFO - Starting data transformation...
[2025-09-21T16:32:52.583+0000] {log.py:232} WARNING - [2025-09-21 16:32:52,582] INFO - crypto_etl - Adding derived metrics...
[2025-09-21T16:32:52.582+0000] {transform.py:14} INFO - Adding derived metrics...
[2025-09-21T16:32:52.600+0000] {log.py:232} WARNING - [2025-09-21 16:32:52,599] INFO - crypto_etl - Data transformation complete
[2025-09-21T16:32:52.599+0000] {transform.py:32} INFO - Data transformation complete
[2025-09-21T16:32:52.611+0000] {log.py:232} WARNING - [2025-09-21 16:32:52,611] INFO - crypto_etl - Upserted 6 rows into processed_prices
[2025-09-21T16:32:52.611+0000] {load.py:45} INFO - Upserted 6 rows into processed_prices
[2025-09-21T16:32:52.621+0000] {log.py:232} WARNING - [2025-09-21 16:32:52,620] INFO - crypto_etl - Marked raw-data/2025/09/19/13/crypto_data_20250919_13.csv as completed with 6 records
[2025-09-21T16:32:52.620+0000] {file_processor.py:61} INFO - Marked raw-data/2025/09/19/13/crypto_data_20250919_13.csv as completed with 6 records
[2025-09-21T16:32:52.623+0000] {logging_mixin.py:188} INFO - ✓ Successfully processed: raw-data/2025/09/19/13/crypto_data_20250919_13.csv (6 records)
[2025-09-21T16:32:52.626+0000] {log.py:232} WARNING - [2025-09-21 16:32:52,625] INFO - crypto_etl - Starting data transformation...
[2025-09-21T16:32:52.625+0000] {transform.py:27} INFO - Starting data transformation...
[2025-09-21T16:32:52.629+0000] {log.py:232} WARNING - [2025-09-21 16:32:52,628] INFO - crypto_etl - Adding derived metrics...
[2025-09-21T16:32:52.628+0000] {transform.py:14} INFO - Adding derived metrics...
[2025-09-21T16:32:52.645+0000] {log.py:232} WARNING - [2025-09-21 16:32:52,645] INFO - crypto_etl - Data transformation complete
[2025-09-21T16:32:52.645+0000] {transform.py:32} INFO - Data transformation complete
[2025-09-21T16:32:52.656+0000] {log.py:232} WARNING - [2025-09-21 16:32:52,655] INFO - crypto_etl - Upserted 6 rows into processed_prices
[2025-09-21T16:32:52.655+0000] {load.py:45} INFO - Upserted 6 rows into processed_prices
[2025-09-21T16:32:52.667+0000] {log.py:232} WARNING - [2025-09-21 16:32:52,667] INFO - crypto_etl - Marked raw-data/2025/09/19/14/crypto_data_20250919_14.csv as completed with 6 records
[2025-09-21T16:32:52.667+0000] {file_processor.py:61} INFO - Marked raw-data/2025/09/19/14/crypto_data_20250919_14.csv as completed with 6 records
[2025-09-21T16:32:52.669+0000] {logging_mixin.py:188} INFO - ✓ Successfully processed: raw-data/2025/09/19/14/crypto_data_20250919_14.csv (6 records)
[2025-09-21T16:32:52.671+0000] {log.py:232} WARNING - [2025-09-21 16:32:52,670] INFO - crypto_etl - Starting data transformation...
[2025-09-21T16:32:52.670+0000] {transform.py:27} INFO - Starting data transformation...
[2025-09-21T16:32:52.675+0000] {log.py:232} WARNING - [2025-09-21 16:32:52,674] INFO - crypto_etl - Adding derived metrics...
[2025-09-21T16:32:52.674+0000] {transform.py:14} INFO - Adding derived metrics...
[2025-09-21T16:32:52.690+0000] {log.py:232} WARNING - [2025-09-21 16:32:52,690] INFO - crypto_etl - Data transformation complete
[2025-09-21T16:32:52.690+0000] {transform.py:32} INFO - Data transformation complete
[2025-09-21T16:32:52.701+0000] {log.py:232} WARNING - [2025-09-21 16:32:52,700] INFO - crypto_etl - Upserted 6 rows into processed_prices
[2025-09-21T16:32:52.700+0000] {load.py:45} INFO - Upserted 6 rows into processed_prices
[2025-09-21T16:32:52.712+0000] {log.py:232} WARNING - [2025-09-21 16:32:52,712] INFO - crypto_etl - Marked raw-data/2025/09/19/15/crypto_data_20250919_15.csv as completed with 6 records
[2025-09-21T16:32:52.712+0000] {file_processor.py:61} INFO - Marked raw-data/2025/09/19/15/crypto_data_20250919_15.csv as completed with 6 records
[2025-09-21T16:32:52.714+0000] {logging_mixin.py:188} INFO - ✓ Successfully processed: raw-data/2025/09/19/15/crypto_data_20250919_15.csv (6 records)
[2025-09-21T16:32:52.716+0000] {log.py:232} WARNING - [2025-09-21 16:32:52,715] INFO - crypto_etl - Starting data transformation...
[2025-09-21T16:32:52.715+0000] {transform.py:27} INFO - Starting data transformation...
[2025-09-21T16:32:52.719+0000] {log.py:232} WARNING - [2025-09-21 16:32:52,718] INFO - crypto_etl - Adding derived metrics...
[2025-09-21T16:32:52.718+0000] {transform.py:14} INFO - Adding derived metrics...
[2025-09-21T16:32:52.740+0000] {log.py:232} WARNING - [2025-09-21 16:32:52,739] INFO - crypto_etl - Data transformation complete
[2025-09-21T16:32:52.739+0000] {transform.py:32} INFO - Data transformation complete
[2025-09-21T16:32:52.751+0000] {log.py:232} WARNING - [2025-09-21 16:32:52,750] INFO - crypto_etl - Upserted 6 rows into processed_prices
[2025-09-21T16:32:52.750+0000] {load.py:45} INFO - Upserted 6 rows into processed_prices
[2025-09-21T16:32:52.762+0000] {log.py:232} WARNING - [2025-09-21 16:32:52,761] INFO - crypto_etl - Marked raw-data/2025/09/19/16/crypto_data_20250919_16.csv as completed with 6 records
[2025-09-21T16:32:52.761+0000] {file_processor.py:61} INFO - Marked raw-data/2025/09/19/16/crypto_data_20250919_16.csv as completed with 6 records
[2025-09-21T16:32:52.763+0000] {logging_mixin.py:188} INFO - ✓ Successfully processed: raw-data/2025/09/19/16/crypto_data_20250919_16.csv (6 records)
[2025-09-21T16:32:52.765+0000] {log.py:232} WARNING - [2025-09-21 16:32:52,765] INFO - crypto_etl - Starting data transformation...
[2025-09-21T16:32:52.765+0000] {transform.py:27} INFO - Starting data transformation...
[2025-09-21T16:32:52.768+0000] {log.py:232} WARNING - [2025-09-21 16:32:52,768] INFO - crypto_etl - Adding derived metrics...
[2025-09-21T16:32:52.768+0000] {transform.py:14} INFO - Adding derived metrics...
[2025-09-21T16:32:52.784+0000] {log.py:232} WARNING - [2025-09-21 16:32:52,783] INFO - crypto_etl - Data transformation complete
[2025-09-21T16:32:52.783+0000] {transform.py:32} INFO - Data transformation complete
[2025-09-21T16:32:52.795+0000] {log.py:232} WARNING - [2025-09-21 16:32:52,794] INFO - crypto_etl - Upserted 6 rows into processed_prices
[2025-09-21T16:32:52.794+0000] {load.py:45} INFO - Upserted 6 rows into processed_prices
[2025-09-21T16:32:52.806+0000] {log.py:232} WARNING - [2025-09-21 16:32:52,805] INFO - crypto_etl - Marked raw-data/2025/09/19/17/crypto_data_20250919_17.csv as completed with 6 records
[2025-09-21T16:32:52.805+0000] {file_processor.py:61} INFO - Marked raw-data/2025/09/19/17/crypto_data_20250919_17.csv as completed with 6 records
[2025-09-21T16:32:52.807+0000] {logging_mixin.py:188} INFO - ✓ Successfully processed: raw-data/2025/09/19/17/crypto_data_20250919_17.csv (6 records)
[2025-09-21T16:32:52.810+0000] {log.py:232} WARNING - [2025-09-21 16:32:52,809] INFO - crypto_etl - Starting data transformation...
[2025-09-21T16:32:52.809+0000] {transform.py:27} INFO - Starting data transformation...
[2025-09-21T16:32:52.813+0000] {log.py:232} WARNING - [2025-09-21 16:32:52,812] INFO - crypto_etl - Adding derived metrics...
[2025-09-21T16:32:52.812+0000] {transform.py:14} INFO - Adding derived metrics...
[2025-09-21T16:32:52.832+0000] {log.py:232} WARNING - [2025-09-21 16:32:52,832] INFO - crypto_etl - Data transformation complete
[2025-09-21T16:32:52.832+0000] {transform.py:32} INFO - Data transformation complete
[2025-09-21T16:32:52.845+0000] {log.py:232} WARNING - [2025-09-21 16:32:52,845] INFO - crypto_etl - Upserted 6 rows into processed_prices
[2025-09-21T16:32:52.845+0000] {load.py:45} INFO - Upserted 6 rows into processed_prices
[2025-09-21T16:32:52.859+0000] {log.py:232} WARNING - [2025-09-21 16:32:52,859] INFO - crypto_etl - Marked raw-data/2025/09/19/18/crypto_data_20250919_18.csv as completed with 6 records
[2025-09-21T16:32:52.859+0000] {file_processor.py:61} INFO - Marked raw-data/2025/09/19/18/crypto_data_20250919_18.csv as completed with 6 records
[2025-09-21T16:32:52.861+0000] {logging_mixin.py:188} INFO - ✓ Successfully processed: raw-data/2025/09/19/18/crypto_data_20250919_18.csv (6 records)
[2025-09-21T16:32:52.864+0000] {log.py:232} WARNING - [2025-09-21 16:32:52,863] INFO - crypto_etl - Starting data transformation...
[2025-09-21T16:32:52.863+0000] {transform.py:27} INFO - Starting data transformation...
[2025-09-21T16:32:52.867+0000] {log.py:232} WARNING - [2025-09-21 16:32:52,867] INFO - crypto_etl - Adding derived metrics...
[2025-09-21T16:32:52.867+0000] {transform.py:14} INFO - Adding derived metrics...
[2025-09-21T16:32:52.884+0000] {log.py:232} WARNING - [2025-09-21 16:32:52,883] INFO - crypto_etl - Data transformation complete
[2025-09-21T16:32:52.883+0000] {transform.py:32} INFO - Data transformation complete
[2025-09-21T16:32:52.896+0000] {log.py:232} WARNING - [2025-09-21 16:32:52,895] INFO - crypto_etl - Upserted 6 rows into processed_prices
[2025-09-21T16:32:52.895+0000] {load.py:45} INFO - Upserted 6 rows into processed_prices
[2025-09-21T16:32:52.906+0000] {log.py:232} WARNING - [2025-09-21 16:32:52,905] INFO - crypto_etl - Marked raw-data/2025/09/19/19/crypto_data_20250919_19.csv as completed with 6 records
[2025-09-21T16:32:52.905+0000] {file_processor.py:61} INFO - Marked raw-data/2025/09/19/19/crypto_data_20250919_19.csv as completed with 6 records
[2025-09-21T16:32:52.908+0000] {logging_mixin.py:188} INFO - ✓ Successfully processed: raw-data/2025/09/19/19/crypto_data_20250919_19.csv (6 records)
[2025-09-21T16:32:52.910+0000] {log.py:232} WARNING - [2025-09-21 16:32:52,909] INFO - crypto_etl - Starting data transformation...
[2025-09-21T16:32:52.909+0000] {transform.py:27} INFO - Starting data transformation...
[2025-09-21T16:32:52.913+0000] {log.py:232} WARNING - [2025-09-21 16:32:52,912] INFO - crypto_etl - Adding derived metrics...
[2025-09-21T16:32:52.912+0000] {transform.py:14} INFO - Adding derived metrics...
[2025-09-21T16:32:52.929+0000] {log.py:232} WARNING - [2025-09-21 16:32:52,928] INFO - crypto_etl - Data transformation complete
[2025-09-21T16:32:52.928+0000] {transform.py:32} INFO - Data transformation complete
[2025-09-21T16:32:52.940+0000] {log.py:232} WARNING - [2025-09-21 16:32:52,939] INFO - crypto_etl - Upserted 6 rows into processed_prices
[2025-09-21T16:32:52.939+0000] {load.py:45} INFO - Upserted 6 rows into processed_prices
[2025-09-21T16:32:52.951+0000] {log.py:232} WARNING - [2025-09-21 16:32:52,949] INFO - crypto_etl - Marked raw-data/2025/09/19/20/crypto_data_20250919_20.csv as completed with 6 records
[2025-09-21T16:32:52.949+0000] {file_processor.py:61} INFO - Marked raw-data/2025/09/19/20/crypto_data_20250919_20.csv as completed with 6 records
[2025-09-21T16:32:52.955+0000] {logging_mixin.py:188} INFO - ✓ Successfully processed: raw-data/2025/09/19/20/crypto_data_20250919_20.csv (6 records)
[2025-09-21T16:32:52.959+0000] {log.py:232} WARNING - [2025-09-21 16:32:52,958] INFO - crypto_etl - Starting data transformation...
[2025-09-21T16:32:52.958+0000] {transform.py:27} INFO - Starting data transformation...
[2025-09-21T16:32:52.963+0000] {log.py:232} WARNING - [2025-09-21 16:32:52,963] INFO - crypto_etl - Adding derived metrics...
[2025-09-21T16:32:52.963+0000] {transform.py:14} INFO - Adding derived metrics...
[2025-09-21T16:32:52.983+0000] {log.py:232} WARNING - [2025-09-21 16:32:52,982] INFO - crypto_etl - Data transformation complete
[2025-09-21T16:32:52.982+0000] {transform.py:32} INFO - Data transformation complete
[2025-09-21T16:32:52.995+0000] {log.py:232} WARNING - [2025-09-21 16:32:52,995] INFO - crypto_etl - Upserted 6 rows into processed_prices
[2025-09-21T16:32:52.995+0000] {load.py:45} INFO - Upserted 6 rows into processed_prices
[2025-09-21T16:32:53.006+0000] {log.py:232} WARNING - [2025-09-21 16:32:53,005] INFO - crypto_etl - Marked raw-data/2025/09/19/21/crypto_data_20250919_21.csv as completed with 6 records
[2025-09-21T16:32:53.005+0000] {file_processor.py:61} INFO - Marked raw-data/2025/09/19/21/crypto_data_20250919_21.csv as completed with 6 records
[2025-09-21T16:32:53.008+0000] {logging_mixin.py:188} INFO - ✓ Successfully processed: raw-data/2025/09/19/21/crypto_data_20250919_21.csv (6 records)
[2025-09-21T16:32:53.011+0000] {log.py:232} WARNING - [2025-09-21 16:32:53,010] INFO - crypto_etl - Starting data transformation...
[2025-09-21T16:32:53.010+0000] {transform.py:27} INFO - Starting data transformation...
[2025-09-21T16:32:53.014+0000] {log.py:232} WARNING - [2025-09-21 16:32:53,013] INFO - crypto_etl - Adding derived metrics...
[2025-09-21T16:32:53.013+0000] {transform.py:14} INFO - Adding derived metrics...
[2025-09-21T16:32:53.034+0000] {log.py:232} WARNING - [2025-09-21 16:32:53,033] INFO - crypto_etl - Data transformation complete
[2025-09-21T16:32:53.033+0000] {transform.py:32} INFO - Data transformation complete
[2025-09-21T16:32:53.046+0000] {log.py:232} WARNING - [2025-09-21 16:32:53,045] INFO - crypto_etl - Upserted 6 rows into processed_prices
[2025-09-21T16:32:53.045+0000] {load.py:45} INFO - Upserted 6 rows into processed_prices
[2025-09-21T16:32:53.056+0000] {log.py:232} WARNING - [2025-09-21 16:32:53,056] INFO - crypto_etl - Marked raw-data/2025/09/19/22/crypto_data_20250919_22.csv as completed with 6 records
[2025-09-21T16:32:53.056+0000] {file_processor.py:61} INFO - Marked raw-data/2025/09/19/22/crypto_data_20250919_22.csv as completed with 6 records
[2025-09-21T16:32:53.059+0000] {logging_mixin.py:188} INFO - ✓ Successfully processed: raw-data/2025/09/19/22/crypto_data_20250919_22.csv (6 records)
[2025-09-21T16:32:53.062+0000] {log.py:232} WARNING - [2025-09-21 16:32:53,061] INFO - crypto_etl - Starting data transformation...
[2025-09-21T16:32:53.061+0000] {transform.py:27} INFO - Starting data transformation...
[2025-09-21T16:32:53.066+0000] {log.py:232} WARNING - [2025-09-21 16:32:53,065] INFO - crypto_etl - Adding derived metrics...
[2025-09-21T16:32:53.065+0000] {transform.py:14} INFO - Adding derived metrics...
[2025-09-21T16:32:53.087+0000] {log.py:232} WARNING - [2025-09-21 16:32:53,086] INFO - crypto_etl - Data transformation complete
[2025-09-21T16:32:53.086+0000] {transform.py:32} INFO - Data transformation complete
[2025-09-21T16:32:53.100+0000] {log.py:232} WARNING - [2025-09-21 16:32:53,100] INFO - crypto_etl - Upserted 6 rows into processed_prices
[2025-09-21T16:32:53.100+0000] {load.py:45} INFO - Upserted 6 rows into processed_prices
[2025-09-21T16:32:53.113+0000] {log.py:232} WARNING - [2025-09-21 16:32:53,112] INFO - crypto_etl - Marked raw-data/2025/09/19/23/crypto_data_20250919_23.csv as completed with 6 records
[2025-09-21T16:32:53.112+0000] {file_processor.py:61} INFO - Marked raw-data/2025/09/19/23/crypto_data_20250919_23.csv as completed with 6 records
[2025-09-21T16:32:53.115+0000] {logging_mixin.py:188} INFO - ✓ Successfully processed: raw-data/2025/09/19/23/crypto_data_20250919_23.csv (6 records)
[2025-09-21T16:32:53.118+0000] {log.py:232} WARNING - [2025-09-21 16:32:53,117] INFO - crypto_etl - Starting data transformation...
[2025-09-21T16:32:53.117+0000] {transform.py:27} INFO - Starting data transformation...
[2025-09-21T16:32:53.122+0000] {log.py:232} WARNING - [2025-09-21 16:32:53,121] INFO - crypto_etl - Adding derived metrics...
[2025-09-21T16:32:53.121+0000] {transform.py:14} INFO - Adding derived metrics...
[2025-09-21T16:32:53.172+0000] {log.py:232} WARNING - [2025-09-21 16:32:53,152] INFO - crypto_etl - Data transformation complete
[2025-09-21T16:32:53.152+0000] {transform.py:32} INFO - Data transformation complete
[2025-09-21T16:32:53.192+0000] {log.py:232} WARNING - [2025-09-21 16:32:53,191] INFO - crypto_etl - Upserted 6 rows into processed_prices
[2025-09-21T16:32:53.191+0000] {load.py:45} INFO - Upserted 6 rows into processed_prices
[2025-09-21T16:32:53.205+0000] {log.py:232} WARNING - [2025-09-21 16:32:53,204] INFO - crypto_etl - Marked raw-data/2025/09/20/00/crypto_data_20250920_00.csv as completed with 6 records
[2025-09-21T16:32:53.204+0000] {file_processor.py:61} INFO - Marked raw-data/2025/09/20/00/crypto_data_20250920_00.csv as completed with 6 records
[2025-09-21T16:32:53.208+0000] {logging_mixin.py:188} INFO - ✓ Successfully processed: raw-data/2025/09/20/00/crypto_data_20250920_00.csv (6 records)
[2025-09-21T16:32:53.212+0000] {log.py:232} WARNING - [2025-09-21 16:32:53,211] INFO - crypto_etl - Starting data transformation...
[2025-09-21T16:32:53.211+0000] {transform.py:27} INFO - Starting data transformation...
[2025-09-21T16:32:53.216+0000] {log.py:232} WARNING - [2025-09-21 16:32:53,215] INFO - crypto_etl - Adding derived metrics...
[2025-09-21T16:32:53.215+0000] {transform.py:14} INFO - Adding derived metrics...
[2025-09-21T16:32:53.243+0000] {log.py:232} WARNING - [2025-09-21 16:32:53,243] INFO - crypto_etl - Data transformation complete
[2025-09-21T16:32:53.243+0000] {transform.py:32} INFO - Data transformation complete
[2025-09-21T16:32:53.256+0000] {log.py:232} WARNING - [2025-09-21 16:32:53,254] INFO - crypto_etl - Upserted 6 rows into processed_prices
[2025-09-21T16:32:53.254+0000] {load.py:45} INFO - Upserted 6 rows into processed_prices
[2025-09-21T16:32:53.270+0000] {log.py:232} WARNING - [2025-09-21 16:32:53,269] INFO - crypto_etl - Marked raw-data/2025/09/20/01/crypto_data_20250920_01.csv as completed with 6 records
[2025-09-21T16:32:53.269+0000] {file_processor.py:61} INFO - Marked raw-data/2025/09/20/01/crypto_data_20250920_01.csv as completed with 6 records
[2025-09-21T16:32:53.272+0000] {logging_mixin.py:188} INFO - ✓ Successfully processed: raw-data/2025/09/20/01/crypto_data_20250920_01.csv (6 records)
[2025-09-21T16:32:53.275+0000] {log.py:232} WARNING - [2025-09-21 16:32:53,274] INFO - crypto_etl - Starting data transformation...
[2025-09-21T16:32:53.274+0000] {transform.py:27} INFO - Starting data transformation...
[2025-09-21T16:32:53.279+0000] {log.py:232} WARNING - [2025-09-21 16:32:53,278] INFO - crypto_etl - Adding derived metrics...
[2025-09-21T16:32:53.278+0000] {transform.py:14} INFO - Adding derived metrics...
[2025-09-21T16:32:53.298+0000] {log.py:232} WARNING - [2025-09-21 16:32:53,297] INFO - crypto_etl - Data transformation complete
[2025-09-21T16:32:53.297+0000] {transform.py:32} INFO - Data transformation complete
[2025-09-21T16:32:53.312+0000] {log.py:232} WARNING - [2025-09-21 16:32:53,311] INFO - crypto_etl - Upserted 6 rows into processed_prices
[2025-09-21T16:32:53.311+0000] {load.py:45} INFO - Upserted 6 rows into processed_prices
[2025-09-21T16:32:53.324+0000] {log.py:232} WARNING - [2025-09-21 16:32:53,324] INFO - crypto_etl - Marked raw-data/2025/09/20/02/crypto_data_20250920_02.csv as completed with 6 records
[2025-09-21T16:32:53.324+0000] {file_processor.py:61} INFO - Marked raw-data/2025/09/20/02/crypto_data_20250920_02.csv as completed with 6 records
[2025-09-21T16:32:53.326+0000] {logging_mixin.py:188} INFO - ✓ Successfully processed: raw-data/2025/09/20/02/crypto_data_20250920_02.csv (6 records)
[2025-09-21T16:32:53.329+0000] {log.py:232} WARNING - [2025-09-21 16:32:53,329] INFO - crypto_etl - Starting data transformation...
[2025-09-21T16:32:53.329+0000] {transform.py:27} INFO - Starting data transformation...
[2025-09-21T16:32:53.332+0000] {log.py:232} WARNING - [2025-09-21 16:32:53,332] INFO - crypto_etl - Adding derived metrics...
[2025-09-21T16:32:53.332+0000] {transform.py:14} INFO - Adding derived metrics...
[2025-09-21T16:32:53.352+0000] {log.py:232} WARNING - [2025-09-21 16:32:53,352] INFO - crypto_etl - Data transformation complete
[2025-09-21T16:32:53.352+0000] {transform.py:32} INFO - Data transformation complete
[2025-09-21T16:32:53.366+0000] {log.py:232} WARNING - [2025-09-21 16:32:53,365] INFO - crypto_etl - Upserted 6 rows into processed_prices
[2025-09-21T16:32:53.365+0000] {load.py:45} INFO - Upserted 6 rows into processed_prices
[2025-09-21T16:32:53.377+0000] {log.py:232} WARNING - [2025-09-21 16:32:53,377] INFO - crypto_etl - Marked raw-data/2025/09/20/03/crypto_data_20250920_03.csv as completed with 6 records
[2025-09-21T16:32:53.377+0000] {file_processor.py:61} INFO - Marked raw-data/2025/09/20/03/crypto_data_20250920_03.csv as completed with 6 records
[2025-09-21T16:32:53.379+0000] {logging_mixin.py:188} INFO - ✓ Successfully processed: raw-data/2025/09/20/03/crypto_data_20250920_03.csv (6 records)
[2025-09-21T16:32:53.381+0000] {log.py:232} WARNING - [2025-09-21 16:32:53,381] INFO - crypto_etl - Starting data transformation...
[2025-09-21T16:32:53.381+0000] {transform.py:27} INFO - Starting data transformation...
[2025-09-21T16:32:53.385+0000] {log.py:232} WARNING - [2025-09-21 16:32:53,385] INFO - crypto_etl - Adding derived metrics...
[2025-09-21T16:32:53.385+0000] {transform.py:14} INFO - Adding derived metrics...
[2025-09-21T16:32:53.403+0000] {log.py:232} WARNING - [2025-09-21 16:32:53,403] INFO - crypto_etl - Data transformation complete
[2025-09-21T16:32:53.403+0000] {transform.py:32} INFO - Data transformation complete
[2025-09-21T16:32:53.416+0000] {log.py:232} WARNING - [2025-09-21 16:32:53,415] INFO - crypto_etl - Upserted 6 rows into processed_prices
[2025-09-21T16:32:53.415+0000] {load.py:45} INFO - Upserted 6 rows into processed_prices
[2025-09-21T16:32:53.427+0000] {log.py:232} WARNING - [2025-09-21 16:32:53,426] INFO - crypto_etl - Marked raw-data/2025/09/20/04/crypto_data_20250920_04.csv as completed with 6 records
[2025-09-21T16:32:53.426+0000] {file_processor.py:61} INFO - Marked raw-data/2025/09/20/04/crypto_data_20250920_04.csv as completed with 6 records
[2025-09-21T16:32:53.429+0000] {logging_mixin.py:188} INFO - ✓ Successfully processed: raw-data/2025/09/20/04/crypto_data_20250920_04.csv (6 records)
[2025-09-21T16:32:53.432+0000] {log.py:232} WARNING - [2025-09-21 16:32:53,431] INFO - crypto_etl - Starting data transformation...
[2025-09-21T16:32:53.431+0000] {transform.py:27} INFO - Starting data transformation...
[2025-09-21T16:32:53.435+0000] {log.py:232} WARNING - [2025-09-21 16:32:53,435] INFO - crypto_etl - Adding derived metrics...
[2025-09-21T16:32:53.435+0000] {transform.py:14} INFO - Adding derived metrics...
[2025-09-21T16:32:53.458+0000] {log.py:232} WARNING - [2025-09-21 16:32:53,457] INFO - crypto_etl - Data transformation complete
[2025-09-21T16:32:53.457+0000] {transform.py:32} INFO - Data transformation complete
[2025-09-21T16:32:53.469+0000] {log.py:232} WARNING - [2025-09-21 16:32:53,469] INFO - crypto_etl - Upserted 6 rows into processed_prices
[2025-09-21T16:32:53.469+0000] {load.py:45} INFO - Upserted 6 rows into processed_prices
[2025-09-21T16:32:53.481+0000] {log.py:232} WARNING - [2025-09-21 16:32:53,480] INFO - crypto_etl - Marked raw-data/2025/09/20/05/crypto_data_20250920_05.csv as completed with 6 records
[2025-09-21T16:32:53.480+0000] {file_processor.py:61} INFO - Marked raw-data/2025/09/20/05/crypto_data_20250920_05.csv as completed with 6 records
[2025-09-21T16:32:53.483+0000] {logging_mixin.py:188} INFO - ✓ Successfully processed: raw-data/2025/09/20/05/crypto_data_20250920_05.csv (6 records)
[2025-09-21T16:32:53.485+0000] {log.py:232} WARNING - [2025-09-21 16:32:53,484] INFO - crypto_etl - Starting data transformation...
[2025-09-21T16:32:53.484+0000] {transform.py:27} INFO - Starting data transformation...
[2025-09-21T16:32:53.488+0000] {log.py:232} WARNING - [2025-09-21 16:32:53,488] INFO - crypto_etl - Adding derived metrics...
[2025-09-21T16:32:53.488+0000] {transform.py:14} INFO - Adding derived metrics...
[2025-09-21T16:32:53.505+0000] {log.py:232} WARNING - [2025-09-21 16:32:53,504] INFO - crypto_etl - Data transformation complete
[2025-09-21T16:32:53.504+0000] {transform.py:32} INFO - Data transformation complete
[2025-09-21T16:32:53.517+0000] {log.py:232} WARNING - [2025-09-21 16:32:53,516] INFO - crypto_etl - Upserted 6 rows into processed_prices
[2025-09-21T16:32:53.516+0000] {load.py:45} INFO - Upserted 6 rows into processed_prices
[2025-09-21T16:32:53.527+0000] {log.py:232} WARNING - [2025-09-21 16:32:53,527] INFO - crypto_etl - Marked raw-data/2025/09/20/06/crypto_data_20250920_06.csv as completed with 6 records
[2025-09-21T16:32:53.527+0000] {file_processor.py:61} INFO - Marked raw-data/2025/09/20/06/crypto_data_20250920_06.csv as completed with 6 records
[2025-09-21T16:32:53.529+0000] {logging_mixin.py:188} INFO - ✓ Successfully processed: raw-data/2025/09/20/06/crypto_data_20250920_06.csv (6 records)
[2025-09-21T16:32:53.531+0000] {log.py:232} WARNING - [2025-09-21 16:32:53,531] INFO - crypto_etl - Starting data transformation...
[2025-09-21T16:32:53.531+0000] {transform.py:27} INFO - Starting data transformation...
[2025-09-21T16:32:53.534+0000] {log.py:232} WARNING - [2025-09-21 16:32:53,533] INFO - crypto_etl - Adding derived metrics...
[2025-09-21T16:32:53.533+0000] {transform.py:14} INFO - Adding derived metrics...
[2025-09-21T16:32:53.550+0000] {log.py:232} WARNING - [2025-09-21 16:32:53,549] INFO - crypto_etl - Data transformation complete
[2025-09-21T16:32:53.549+0000] {transform.py:32} INFO - Data transformation complete
[2025-09-21T16:32:53.561+0000] {log.py:232} WARNING - [2025-09-21 16:32:53,560] INFO - crypto_etl - Upserted 6 rows into processed_prices
[2025-09-21T16:32:53.560+0000] {load.py:45} INFO - Upserted 6 rows into processed_prices
[2025-09-21T16:32:53.570+0000] {log.py:232} WARNING - [2025-09-21 16:32:53,570] INFO - crypto_etl - Marked raw-data/2025/09/20/07/crypto_data_20250920_07.csv as completed with 6 records
[2025-09-21T16:32:53.570+0000] {file_processor.py:61} INFO - Marked raw-data/2025/09/20/07/crypto_data_20250920_07.csv as completed with 6 records
[2025-09-21T16:32:53.573+0000] {logging_mixin.py:188} INFO - ✓ Successfully processed: raw-data/2025/09/20/07/crypto_data_20250920_07.csv (6 records)
[2025-09-21T16:32:53.575+0000] {log.py:232} WARNING - [2025-09-21 16:32:53,575] INFO - crypto_etl - Starting data transformation...
[2025-09-21T16:32:53.575+0000] {transform.py:27} INFO - Starting data transformation...
[2025-09-21T16:32:53.579+0000] {log.py:232} WARNING - [2025-09-21 16:32:53,578] INFO - crypto_etl - Adding derived metrics...
[2025-09-21T16:32:53.578+0000] {transform.py:14} INFO - Adding derived metrics...
[2025-09-21T16:32:53.595+0000] {log.py:232} WARNING - [2025-09-21 16:32:53,595] INFO - crypto_etl - Data transformation complete
[2025-09-21T16:32:53.595+0000] {transform.py:32} INFO - Data transformation complete
[2025-09-21T16:32:53.606+0000] {log.py:232} WARNING - [2025-09-21 16:32:53,605] INFO - crypto_etl - Upserted 6 rows into processed_prices
[2025-09-21T16:32:53.605+0000] {load.py:45} INFO - Upserted 6 rows into processed_prices
[2025-09-21T16:32:53.616+0000] {log.py:232} WARNING - [2025-09-21 16:32:53,615] INFO - crypto_etl - Marked raw-data/2025/09/20/08/crypto_data_20250920_08.csv as completed with 6 records
[2025-09-21T16:32:53.615+0000] {file_processor.py:61} INFO - Marked raw-data/2025/09/20/08/crypto_data_20250920_08.csv as completed with 6 records
[2025-09-21T16:32:53.617+0000] {logging_mixin.py:188} INFO - ✓ Successfully processed: raw-data/2025/09/20/08/crypto_data_20250920_08.csv (6 records)
[2025-09-21T16:32:53.619+0000] {log.py:232} WARNING - [2025-09-21 16:32:53,619] INFO - crypto_etl - Starting data transformation...
[2025-09-21T16:32:53.619+0000] {transform.py:27} INFO - Starting data transformation...
[2025-09-21T16:32:53.628+0000] {log.py:232} WARNING - [2025-09-21 16:32:53,627] INFO - crypto_etl - Adding derived metrics...
[2025-09-21T16:32:53.627+0000] {transform.py:14} INFO - Adding derived metrics...
[2025-09-21T16:32:53.645+0000] {log.py:232} WARNING - [2025-09-21 16:32:53,645] INFO - crypto_etl - Data transformation complete
[2025-09-21T16:32:53.645+0000] {transform.py:32} INFO - Data transformation complete
[2025-09-21T16:32:53.657+0000] {log.py:232} WARNING - [2025-09-21 16:32:53,656] INFO - crypto_etl - Upserted 6 rows into processed_prices
[2025-09-21T16:32:53.656+0000] {load.py:45} INFO - Upserted 6 rows into processed_prices
[2025-09-21T16:32:53.667+0000] {log.py:232} WARNING - [2025-09-21 16:32:53,667] INFO - crypto_etl - Marked raw-data/2025/09/20/09/crypto_data_20250920_09.csv as completed with 6 records
[2025-09-21T16:32:53.667+0000] {file_processor.py:61} INFO - Marked raw-data/2025/09/20/09/crypto_data_20250920_09.csv as completed with 6 records
[2025-09-21T16:32:53.669+0000] {logging_mixin.py:188} INFO - ✓ Successfully processed: raw-data/2025/09/20/09/crypto_data_20250920_09.csv (6 records)
[2025-09-21T16:32:53.672+0000] {log.py:232} WARNING - [2025-09-21 16:32:53,671] INFO - crypto_etl - Starting data transformation...
[2025-09-21T16:32:53.671+0000] {transform.py:27} INFO - Starting data transformation...
[2025-09-21T16:32:53.676+0000] {log.py:232} WARNING - [2025-09-21 16:32:53,675] INFO - crypto_etl - Adding derived metrics...
[2025-09-21T16:32:53.675+0000] {transform.py:14} INFO - Adding derived metrics...
[2025-09-21T16:32:53.692+0000] {log.py:232} WARNING - [2025-09-21 16:32:53,691] INFO - crypto_etl - Data transformation complete
[2025-09-21T16:32:53.691+0000] {transform.py:32} INFO - Data transformation complete
[2025-09-21T16:32:53.702+0000] {log.py:232} WARNING - [2025-09-21 16:32:53,702] INFO - crypto_etl - Upserted 6 rows into processed_prices
[2025-09-21T16:32:53.702+0000] {load.py:45} INFO - Upserted 6 rows into processed_prices
[2025-09-21T16:32:53.713+0000] {log.py:232} WARNING - [2025-09-21 16:32:53,713] INFO - crypto_etl - Marked raw-data/2025/09/20/10/crypto_data_20250920_10.csv as completed with 6 records
[2025-09-21T16:32:53.713+0000] {file_processor.py:61} INFO - Marked raw-data/2025/09/20/10/crypto_data_20250920_10.csv as completed with 6 records
[2025-09-21T16:32:53.715+0000] {logging_mixin.py:188} INFO - ✓ Successfully processed: raw-data/2025/09/20/10/crypto_data_20250920_10.csv (6 records)
[2025-09-21T16:32:53.718+0000] {log.py:232} WARNING - [2025-09-21 16:32:53,717] INFO - crypto_etl - Starting data transformation...
[2025-09-21T16:32:53.717+0000] {transform.py:27} INFO - Starting data transformation...
[2025-09-21T16:32:53.722+0000] {log.py:232} WARNING - [2025-09-21 16:32:53,721] INFO - crypto_etl - Adding derived metrics...
[2025-09-21T16:32:53.721+0000] {transform.py:14} INFO - Adding derived metrics...
[2025-09-21T16:32:53.736+0000] {log.py:232} WARNING - [2025-09-21 16:32:53,735] INFO - crypto_etl - Data transformation complete
[2025-09-21T16:32:53.735+0000] {transform.py:32} INFO - Data transformation complete
[2025-09-21T16:32:53.748+0000] {log.py:232} WARNING - [2025-09-21 16:32:53,747] INFO - crypto_etl - Upserted 6 rows into processed_prices
[2025-09-21T16:32:53.747+0000] {load.py:45} INFO - Upserted 6 rows into processed_prices
[2025-09-21T16:32:53.759+0000] {log.py:232} WARNING - [2025-09-21 16:32:53,758] INFO - crypto_etl - Marked raw-data/2025/09/20/11/crypto_data_20250920_11.csv as completed with 6 records
[2025-09-21T16:32:53.758+0000] {file_processor.py:61} INFO - Marked raw-data/2025/09/20/11/crypto_data_20250920_11.csv as completed with 6 records
[2025-09-21T16:32:53.761+0000] {logging_mixin.py:188} INFO - ✓ Successfully processed: raw-data/2025/09/20/11/crypto_data_20250920_11.csv (6 records)
[2025-09-21T16:32:53.763+0000] {log.py:232} WARNING - [2025-09-21 16:32:53,763] INFO - crypto_etl - Starting data transformation...
[2025-09-21T16:32:53.763+0000] {transform.py:27} INFO - Starting data transformation...
[2025-09-21T16:32:53.766+0000] {log.py:232} WARNING - [2025-09-21 16:32:53,766] INFO - crypto_etl - Adding derived metrics...
[2025-09-21T16:32:53.766+0000] {transform.py:14} INFO - Adding derived metrics...
[2025-09-21T16:32:53.782+0000] {log.py:232} WARNING - [2025-09-21 16:32:53,781] INFO - crypto_etl - Data transformation complete
[2025-09-21T16:32:53.781+0000] {transform.py:32} INFO - Data transformation complete
[2025-09-21T16:32:53.795+0000] {log.py:232} WARNING - [2025-09-21 16:32:53,794] INFO - crypto_etl - Upserted 6 rows into processed_prices
[2025-09-21T16:32:53.794+0000] {load.py:45} INFO - Upserted 6 rows into processed_prices
[2025-09-21T16:32:53.807+0000] {log.py:232} WARNING - [2025-09-21 16:32:53,806] INFO - crypto_etl - Marked raw-data/2025/09/20/12/crypto_data_20250920_12.csv as completed with 6 records
[2025-09-21T16:32:53.806+0000] {file_processor.py:61} INFO - Marked raw-data/2025/09/20/12/crypto_data_20250920_12.csv as completed with 6 records
[2025-09-21T16:32:53.809+0000] {logging_mixin.py:188} INFO - ✓ Successfully processed: raw-data/2025/09/20/12/crypto_data_20250920_12.csv (6 records)
[2025-09-21T16:32:53.811+0000] {log.py:232} WARNING - [2025-09-21 16:32:53,811] INFO - crypto_etl - Starting data transformation...
[2025-09-21T16:32:53.811+0000] {transform.py:27} INFO - Starting data transformation...
[2025-09-21T16:32:53.815+0000] {log.py:232} WARNING - [2025-09-21 16:32:53,814] INFO - crypto_etl - Adding derived metrics...
[2025-09-21T16:32:53.814+0000] {transform.py:14} INFO - Adding derived metrics...
[2025-09-21T16:32:53.830+0000] {log.py:232} WARNING - [2025-09-21 16:32:53,829] INFO - crypto_etl - Data transformation complete
[2025-09-21T16:32:53.829+0000] {transform.py:32} INFO - Data transformation complete
[2025-09-21T16:32:53.842+0000] {log.py:232} WARNING - [2025-09-21 16:32:53,841] INFO - crypto_etl - Upserted 6 rows into processed_prices
[2025-09-21T16:32:53.841+0000] {load.py:45} INFO - Upserted 6 rows into processed_prices
[2025-09-21T16:32:53.853+0000] {log.py:232} WARNING - [2025-09-21 16:32:53,852] INFO - crypto_etl - Marked raw-data/2025/09/20/13/crypto_data_20250920_13.csv as completed with 6 records
[2025-09-21T16:32:53.852+0000] {file_processor.py:61} INFO - Marked raw-data/2025/09/20/13/crypto_data_20250920_13.csv as completed with 6 records
[2025-09-21T16:32:53.855+0000] {logging_mixin.py:188} INFO - ✓ Successfully processed: raw-data/2025/09/20/13/crypto_data_20250920_13.csv (6 records)
[2025-09-21T16:32:53.858+0000] {log.py:232} WARNING - [2025-09-21 16:32:53,857] INFO - crypto_etl - Starting data transformation...
[2025-09-21T16:32:53.857+0000] {transform.py:27} INFO - Starting data transformation...
[2025-09-21T16:32:53.862+0000] {log.py:232} WARNING - [2025-09-21 16:32:53,861] INFO - crypto_etl - Adding derived metrics...
[2025-09-21T16:32:53.861+0000] {transform.py:14} INFO - Adding derived metrics...
[2025-09-21T16:32:53.878+0000] {log.py:232} WARNING - [2025-09-21 16:32:53,878] INFO - crypto_etl - Data transformation complete
[2025-09-21T16:32:53.878+0000] {transform.py:32} INFO - Data transformation complete
[2025-09-21T16:32:53.890+0000] {log.py:232} WARNING - [2025-09-21 16:32:53,889] INFO - crypto_etl - Upserted 6 rows into processed_prices
[2025-09-21T16:32:53.889+0000] {load.py:45} INFO - Upserted 6 rows into processed_prices
[2025-09-21T16:32:53.902+0000] {log.py:232} WARNING - [2025-09-21 16:32:53,901] INFO - crypto_etl - Marked raw-data/2025/09/20/14/crypto_data_20250920_14.csv as completed with 6 records
[2025-09-21T16:32:53.901+0000] {file_processor.py:61} INFO - Marked raw-data/2025/09/20/14/crypto_data_20250920_14.csv as completed with 6 records
[2025-09-21T16:32:53.904+0000] {logging_mixin.py:188} INFO - ✓ Successfully processed: raw-data/2025/09/20/14/crypto_data_20250920_14.csv (6 records)
[2025-09-21T16:32:53.907+0000] {log.py:232} WARNING - [2025-09-21 16:32:53,906] INFO - crypto_etl - Starting data transformation...
[2025-09-21T16:32:53.906+0000] {transform.py:27} INFO - Starting data transformation...
[2025-09-21T16:32:53.910+0000] {log.py:232} WARNING - [2025-09-21 16:32:53,910] INFO - crypto_etl - Adding derived metrics...
[2025-09-21T16:32:53.910+0000] {transform.py:14} INFO - Adding derived metrics...
[2025-09-21T16:32:53.925+0000] {log.py:232} WARNING - [2025-09-21 16:32:53,924] INFO - crypto_etl - Data transformation complete
[2025-09-21T16:32:53.924+0000] {transform.py:32} INFO - Data transformation complete
[2025-09-21T16:32:53.937+0000] {log.py:232} WARNING - [2025-09-21 16:32:53,936] INFO - crypto_etl - Upserted 6 rows into processed_prices
[2025-09-21T16:32:53.936+0000] {load.py:45} INFO - Upserted 6 rows into processed_prices
[2025-09-21T16:32:53.948+0000] {log.py:232} WARNING - [2025-09-21 16:32:53,947] INFO - crypto_etl - Marked raw-data/2025/09/20/15/crypto_data_20250920_15.csv as completed with 6 records
[2025-09-21T16:32:53.947+0000] {file_processor.py:61} INFO - Marked raw-data/2025/09/20/15/crypto_data_20250920_15.csv as completed with 6 records
[2025-09-21T16:32:53.950+0000] {logging_mixin.py:188} INFO - ✓ Successfully processed: raw-data/2025/09/20/15/crypto_data_20250920_15.csv (6 records)
[2025-09-21T16:32:53.952+0000] {log.py:232} WARNING - [2025-09-21 16:32:53,952] INFO - crypto_etl - Starting data transformation...
[2025-09-21T16:32:53.952+0000] {transform.py:27} INFO - Starting data transformation...
[2025-09-21T16:32:53.956+0000] {log.py:232} WARNING - [2025-09-21 16:32:53,955] INFO - crypto_etl - Adding derived metrics...
[2025-09-21T16:32:53.955+0000] {transform.py:14} INFO - Adding derived metrics...
[2025-09-21T16:32:53.970+0000] {log.py:232} WARNING - [2025-09-21 16:32:53,970] INFO - crypto_etl - Data transformation complete
[2025-09-21T16:32:53.970+0000] {transform.py:32} INFO - Data transformation complete
[2025-09-21T16:32:53.983+0000] {log.py:232} WARNING - [2025-09-21 16:32:53,982] INFO - crypto_etl - Upserted 6 rows into processed_prices
[2025-09-21T16:32:53.982+0000] {load.py:45} INFO - Upserted 6 rows into processed_prices
[2025-09-21T16:32:53.995+0000] {log.py:232} WARNING - [2025-09-21 16:32:53,994] INFO - crypto_etl - Marked raw-data/2025/09/20/16/crypto_data_20250920_16.csv as completed with 6 records
[2025-09-21T16:32:53.994+0000] {file_processor.py:61} INFO - Marked raw-data/2025/09/20/16/crypto_data_20250920_16.csv as completed with 6 records
[2025-09-21T16:32:53.997+0000] {logging_mixin.py:188} INFO - ✓ Successfully processed: raw-data/2025/09/20/16/crypto_data_20250920_16.csv (6 records)
[2025-09-21T16:32:53.999+0000] {log.py:232} WARNING - [2025-09-21 16:32:53,998] INFO - crypto_etl - Starting data transformation...
[2025-09-21T16:32:53.998+0000] {transform.py:27} INFO - Starting data transformation...
[2025-09-21T16:32:54.002+0000] {log.py:232} WARNING - [2025-09-21 16:32:54,001] INFO - crypto_etl - Adding derived metrics...
[2025-09-21T16:32:54.001+0000] {transform.py:14} INFO - Adding derived metrics...
[2025-09-21T16:32:54.017+0000] {log.py:232} WARNING - [2025-09-21 16:32:54,016] INFO - crypto_etl - Data transformation complete
[2025-09-21T16:32:54.016+0000] {transform.py:32} INFO - Data transformation complete
[2025-09-21T16:32:54.028+0000] {log.py:232} WARNING - [2025-09-21 16:32:54,027] INFO - crypto_etl - Upserted 6 rows into processed_prices
[2025-09-21T16:32:54.027+0000] {load.py:45} INFO - Upserted 6 rows into processed_prices
[2025-09-21T16:32:54.039+0000] {log.py:232} WARNING - [2025-09-21 16:32:54,039] INFO - crypto_etl - Marked raw-data/2025/09/20/17/crypto_data_20250920_17.csv as completed with 6 records
[2025-09-21T16:32:54.039+0000] {file_processor.py:61} INFO - Marked raw-data/2025/09/20/17/crypto_data_20250920_17.csv as completed with 6 records
[2025-09-21T16:32:54.042+0000] {logging_mixin.py:188} INFO - ✓ Successfully processed: raw-data/2025/09/20/17/crypto_data_20250920_17.csv (6 records)
[2025-09-21T16:32:54.044+0000] {log.py:232} WARNING - [2025-09-21 16:32:54,043] INFO - crypto_etl - Starting data transformation...
[2025-09-21T16:32:54.043+0000] {transform.py:27} INFO - Starting data transformation...
[2025-09-21T16:32:54.047+0000] {log.py:232} WARNING - [2025-09-21 16:32:54,046] INFO - crypto_etl - Adding derived metrics...
[2025-09-21T16:32:54.046+0000] {transform.py:14} INFO - Adding derived metrics...
[2025-09-21T16:32:54.063+0000] {log.py:232} WARNING - [2025-09-21 16:32:54,063] INFO - crypto_etl - Data transformation complete
[2025-09-21T16:32:54.063+0000] {transform.py:32} INFO - Data transformation complete
[2025-09-21T16:32:54.075+0000] {log.py:232} WARNING - [2025-09-21 16:32:54,075] INFO - crypto_etl - Upserted 6 rows into processed_prices
[2025-09-21T16:32:54.075+0000] {load.py:45} INFO - Upserted 6 rows into processed_prices
[2025-09-21T16:32:54.086+0000] {log.py:232} WARNING - [2025-09-21 16:32:54,085] INFO - crypto_etl - Marked raw-data/2025/09/20/18/crypto_data_20250920_18.csv as completed with 6 records
[2025-09-21T16:32:54.085+0000] {file_processor.py:61} INFO - Marked raw-data/2025/09/20/18/crypto_data_20250920_18.csv as completed with 6 records
[2025-09-21T16:32:54.088+0000] {logging_mixin.py:188} INFO - ✓ Successfully processed: raw-data/2025/09/20/18/crypto_data_20250920_18.csv (6 records)
[2025-09-21T16:32:54.091+0000] {log.py:232} WARNING - [2025-09-21 16:32:54,090] INFO - crypto_etl - Starting data transformation...
[2025-09-21T16:32:54.090+0000] {transform.py:27} INFO - Starting data transformation...
[2025-09-21T16:32:54.094+0000] {log.py:232} WARNING - [2025-09-21 16:32:54,094] INFO - crypto_etl - Adding derived metrics...
[2025-09-21T16:32:54.094+0000] {transform.py:14} INFO - Adding derived metrics...
[2025-09-21T16:32:54.109+0000] {log.py:232} WARNING - [2025-09-21 16:32:54,108] INFO - crypto_etl - Data transformation complete
[2025-09-21T16:32:54.108+0000] {transform.py:32} INFO - Data transformation complete
[2025-09-21T16:32:54.120+0000] {log.py:232} WARNING - [2025-09-21 16:32:54,119] INFO - crypto_etl - Upserted 6 rows into processed_prices
[2025-09-21T16:32:54.119+0000] {load.py:45} INFO - Upserted 6 rows into processed_prices
[2025-09-21T16:32:54.131+0000] {log.py:232} WARNING - [2025-09-21 16:32:54,130] INFO - crypto_etl - Marked raw-data/2025/09/20/19/crypto_data_20250920_19.csv as completed with 6 records
[2025-09-21T16:32:54.130+0000] {file_processor.py:61} INFO - Marked raw-data/2025/09/20/19/crypto_data_20250920_19.csv as completed with 6 records
[2025-09-21T16:32:54.133+0000] {logging_mixin.py:188} INFO - ✓ Successfully processed: raw-data/2025/09/20/19/crypto_data_20250920_19.csv (6 records)
[2025-09-21T16:32:54.135+0000] {log.py:232} WARNING - [2025-09-21 16:32:54,135] INFO - crypto_etl - Starting data transformation...
[2025-09-21T16:32:54.135+0000] {transform.py:27} INFO - Starting data transformation...
[2025-09-21T16:32:54.139+0000] {log.py:232} WARNING - [2025-09-21 16:32:54,138] INFO - crypto_etl - Adding derived metrics...
[2025-09-21T16:32:54.138+0000] {transform.py:14} INFO - Adding derived metrics...
[2025-09-21T16:32:54.155+0000] {log.py:232} WARNING - [2025-09-21 16:32:54,154] INFO - crypto_etl - Data transformation complete
[2025-09-21T16:32:54.154+0000] {transform.py:32} INFO - Data transformation complete
[2025-09-21T16:32:54.168+0000] {log.py:232} WARNING - [2025-09-21 16:32:54,167] INFO - crypto_etl - Upserted 6 rows into processed_prices
[2025-09-21T16:32:54.167+0000] {load.py:45} INFO - Upserted 6 rows into processed_prices
[2025-09-21T16:32:54.179+0000] {log.py:232} WARNING - [2025-09-21 16:32:54,178] INFO - crypto_etl - Marked raw-data/2025/09/20/20/crypto_data_20250920_20.csv as completed with 6 records
[2025-09-21T16:32:54.178+0000] {file_processor.py:61} INFO - Marked raw-data/2025/09/20/20/crypto_data_20250920_20.csv as completed with 6 records
[2025-09-21T16:32:54.181+0000] {logging_mixin.py:188} INFO - ✓ Successfully processed: raw-data/2025/09/20/20/crypto_data_20250920_20.csv (6 records)
[2025-09-21T16:32:54.183+0000] {log.py:232} WARNING - [2025-09-21 16:32:54,182] INFO - crypto_etl - Starting data transformation...
[2025-09-21T16:32:54.182+0000] {transform.py:27} INFO - Starting data transformation...
[2025-09-21T16:32:54.186+0000] {log.py:232} WARNING - [2025-09-21 16:32:54,186] INFO - crypto_etl - Adding derived metrics...
[2025-09-21T16:32:54.186+0000] {transform.py:14} INFO - Adding derived metrics...
[2025-09-21T16:32:54.202+0000] {log.py:232} WARNING - [2025-09-21 16:32:54,201] INFO - crypto_etl - Data transformation complete
[2025-09-21T16:32:54.201+0000] {transform.py:32} INFO - Data transformation complete
[2025-09-21T16:32:54.214+0000] {log.py:232} WARNING - [2025-09-21 16:32:54,213] INFO - crypto_etl - Upserted 6 rows into processed_prices
[2025-09-21T16:32:54.213+0000] {load.py:45} INFO - Upserted 6 rows into processed_prices
[2025-09-21T16:32:54.225+0000] {log.py:232} WARNING - [2025-09-21 16:32:54,225] INFO - crypto_etl - Marked raw-data/2025/09/20/21/crypto_data_20250920_21.csv as completed with 6 records
[2025-09-21T16:32:54.225+0000] {file_processor.py:61} INFO - Marked raw-data/2025/09/20/21/crypto_data_20250920_21.csv as completed with 6 records
[2025-09-21T16:32:54.227+0000] {logging_mixin.py:188} INFO - ✓ Successfully processed: raw-data/2025/09/20/21/crypto_data_20250920_21.csv (6 records)
[2025-09-21T16:32:54.230+0000] {log.py:232} WARNING - [2025-09-21 16:32:54,229] INFO - crypto_etl - Starting data transformation...
[2025-09-21T16:32:54.229+0000] {transform.py:27} INFO - Starting data transformation...
[2025-09-21T16:32:54.233+0000] {log.py:232} WARNING - [2025-09-21 16:32:54,232] INFO - crypto_etl - Adding derived metrics...
[2025-09-21T16:32:54.232+0000] {transform.py:14} INFO - Adding derived metrics...
[2025-09-21T16:32:54.248+0000] {log.py:232} WARNING - [2025-09-21 16:32:54,247] INFO - crypto_etl - Data transformation complete
[2025-09-21T16:32:54.247+0000] {transform.py:32} INFO - Data transformation complete
[2025-09-21T16:32:54.261+0000] {log.py:232} WARNING - [2025-09-21 16:32:54,260] INFO - crypto_etl - Upserted 6 rows into processed_prices
[2025-09-21T16:32:54.260+0000] {load.py:45} INFO - Upserted 6 rows into processed_prices
[2025-09-21T16:32:54.272+0000] {log.py:232} WARNING - [2025-09-21 16:32:54,271] INFO - crypto_etl - Marked raw-data/2025/09/20/22/crypto_data_20250920_22.csv as completed with 6 records
[2025-09-21T16:32:54.271+0000] {file_processor.py:61} INFO - Marked raw-data/2025/09/20/22/crypto_data_20250920_22.csv as completed with 6 records
[2025-09-21T16:32:54.274+0000] {logging_mixin.py:188} INFO - ✓ Successfully processed: raw-data/2025/09/20/22/crypto_data_20250920_22.csv (6 records)
[2025-09-21T16:32:54.277+0000] {log.py:232} WARNING - [2025-09-21 16:32:54,276] INFO - crypto_etl - Starting data transformation...
[2025-09-21T16:32:54.276+0000] {transform.py:27} INFO - Starting data transformation...
[2025-09-21T16:32:54.280+0000] {log.py:232} WARNING - [2025-09-21 16:32:54,279] INFO - crypto_etl - Adding derived metrics...
[2025-09-21T16:32:54.279+0000] {transform.py:14} INFO - Adding derived metrics...
[2025-09-21T16:32:54.296+0000] {log.py:232} WARNING - [2025-09-21 16:32:54,295] INFO - crypto_etl - Data transformation complete
[2025-09-21T16:32:54.295+0000] {transform.py:32} INFO - Data transformation complete
[2025-09-21T16:32:54.307+0000] {log.py:232} WARNING - [2025-09-21 16:32:54,306] INFO - crypto_etl - Upserted 6 rows into processed_prices
[2025-09-21T16:32:54.306+0000] {load.py:45} INFO - Upserted 6 rows into processed_prices
[2025-09-21T16:32:54.318+0000] {log.py:232} WARNING - [2025-09-21 16:32:54,317] INFO - crypto_etl - Marked raw-data/2025/09/20/23/crypto_data_20250920_23.csv as completed with 6 records
[2025-09-21T16:32:54.317+0000] {file_processor.py:61} INFO - Marked raw-data/2025/09/20/23/crypto_data_20250920_23.csv as completed with 6 records
[2025-09-21T16:32:54.320+0000] {logging_mixin.py:188} INFO - ✓ Successfully processed: raw-data/2025/09/20/23/crypto_data_20250920_23.csv (6 records)
[2025-09-21T16:32:54.323+0000] {log.py:232} WARNING - [2025-09-21 16:32:54,322] INFO - crypto_etl - Starting data transformation...
[2025-09-21T16:32:54.322+0000] {transform.py:27} INFO - Starting data transformation...
[2025-09-21T16:32:54.326+0000] {log.py:232} WARNING - [2025-09-21 16:32:54,326] INFO - crypto_etl - Adding derived metrics...
[2025-09-21T16:32:54.326+0000] {transform.py:14} INFO - Adding derived metrics...
[2025-09-21T16:32:54.342+0000] {log.py:232} WARNING - [2025-09-21 16:32:54,341] INFO - crypto_etl - Data transformation complete
[2025-09-21T16:32:54.341+0000] {transform.py:32} INFO - Data transformation complete
[2025-09-21T16:32:54.353+0000] {log.py:232} WARNING - [2025-09-21 16:32:54,352] INFO - crypto_etl - Upserted 6 rows into processed_prices
[2025-09-21T16:32:54.352+0000] {load.py:45} INFO - Upserted 6 rows into processed_prices
[2025-09-21T16:32:54.364+0000] {log.py:232} WARNING - [2025-09-21 16:32:54,363] INFO - crypto_etl - Marked raw-data/2025/09/21/00/crypto_data_20250921_00.csv as completed with 6 records
[2025-09-21T16:32:54.363+0000] {file_processor.py:61} INFO - Marked raw-data/2025/09/21/00/crypto_data_20250921_00.csv as completed with 6 records
[2025-09-21T16:32:54.366+0000] {logging_mixin.py:188} INFO - ✓ Successfully processed: raw-data/2025/09/21/00/crypto_data_20250921_00.csv (6 records)
[2025-09-21T16:32:54.369+0000] {log.py:232} WARNING - [2025-09-21 16:32:54,369] INFO - crypto_etl - Starting data transformation...
[2025-09-21T16:32:54.369+0000] {transform.py:27} INFO - Starting data transformation...
[2025-09-21T16:32:54.374+0000] {log.py:232} WARNING - [2025-09-21 16:32:54,373] INFO - crypto_etl - Adding derived metrics...
[2025-09-21T16:32:54.373+0000] {transform.py:14} INFO - Adding derived metrics...
[2025-09-21T16:32:54.393+0000] {log.py:232} WARNING - [2025-09-21 16:32:54,392] INFO - crypto_etl - Data transformation complete
[2025-09-21T16:32:54.392+0000] {transform.py:32} INFO - Data transformation complete
[2025-09-21T16:32:54.405+0000] {log.py:232} WARNING - [2025-09-21 16:32:54,404] INFO - crypto_etl - Upserted 6 rows into processed_prices
[2025-09-21T16:32:54.404+0000] {load.py:45} INFO - Upserted 6 rows into processed_prices
[2025-09-21T16:32:54.419+0000] {log.py:232} WARNING - [2025-09-21 16:32:54,418] INFO - crypto_etl - Marked raw-data/2025/09/21/01/crypto_data_20250921_01.csv as completed with 6 records
[2025-09-21T16:32:54.418+0000] {file_processor.py:61} INFO - Marked raw-data/2025/09/21/01/crypto_data_20250921_01.csv as completed with 6 records
[2025-09-21T16:32:54.421+0000] {logging_mixin.py:188} INFO - ✓ Successfully processed: raw-data/2025/09/21/01/crypto_data_20250921_01.csv (6 records)
[2025-09-21T16:32:54.423+0000] {log.py:232} WARNING - [2025-09-21 16:32:54,423] INFO - crypto_etl - Starting data transformation...
[2025-09-21T16:32:54.423+0000] {transform.py:27} INFO - Starting data transformation...
[2025-09-21T16:32:54.427+0000] {log.py:232} WARNING - [2025-09-21 16:32:54,426] INFO - crypto_etl - Adding derived metrics...
[2025-09-21T16:32:54.426+0000] {transform.py:14} INFO - Adding derived metrics...
[2025-09-21T16:32:54.443+0000] {log.py:232} WARNING - [2025-09-21 16:32:54,442] INFO - crypto_etl - Data transformation complete
[2025-09-21T16:32:54.442+0000] {transform.py:32} INFO - Data transformation complete
[2025-09-21T16:32:54.454+0000] {log.py:232} WARNING - [2025-09-21 16:32:54,453] INFO - crypto_etl - Upserted 6 rows into processed_prices
[2025-09-21T16:32:54.453+0000] {load.py:45} INFO - Upserted 6 rows into processed_prices
[2025-09-21T16:32:54.466+0000] {log.py:232} WARNING - [2025-09-21 16:32:54,465] INFO - crypto_etl - Marked raw-data/2025/09/21/02/crypto_data_20250921_02.csv as completed with 6 records
[2025-09-21T16:32:54.465+0000] {file_processor.py:61} INFO - Marked raw-data/2025/09/21/02/crypto_data_20250921_02.csv as completed with 6 records
[2025-09-21T16:32:54.468+0000] {logging_mixin.py:188} INFO - ✓ Successfully processed: raw-data/2025/09/21/02/crypto_data_20250921_02.csv (6 records)
[2025-09-21T16:32:54.471+0000] {log.py:232} WARNING - [2025-09-21 16:32:54,470] INFO - crypto_etl - Starting data transformation...
[2025-09-21T16:32:54.470+0000] {transform.py:27} INFO - Starting data transformation...
[2025-09-21T16:32:54.475+0000] {log.py:232} WARNING - [2025-09-21 16:32:54,474] INFO - crypto_etl - Adding derived metrics...
[2025-09-21T16:32:54.474+0000] {transform.py:14} INFO - Adding derived metrics...
[2025-09-21T16:32:54.490+0000] {log.py:232} WARNING - [2025-09-21 16:32:54,489] INFO - crypto_etl - Data transformation complete
[2025-09-21T16:32:54.489+0000] {transform.py:32} INFO - Data transformation complete
[2025-09-21T16:32:54.501+0000] {log.py:232} WARNING - [2025-09-21 16:32:54,500] INFO - crypto_etl - Upserted 6 rows into processed_prices
[2025-09-21T16:32:54.500+0000] {load.py:45} INFO - Upserted 6 rows into processed_prices
[2025-09-21T16:32:54.513+0000] {log.py:232} WARNING - [2025-09-21 16:32:54,512] INFO - crypto_etl - Marked raw-data/2025/09/21/03/crypto_data_20250921_03.csv as completed with 6 records
[2025-09-21T16:32:54.512+0000] {file_processor.py:61} INFO - Marked raw-data/2025/09/21/03/crypto_data_20250921_03.csv as completed with 6 records
[2025-09-21T16:32:54.514+0000] {logging_mixin.py:188} INFO - ✓ Successfully processed: raw-data/2025/09/21/03/crypto_data_20250921_03.csv (6 records)
[2025-09-21T16:32:54.517+0000] {log.py:232} WARNING - [2025-09-21 16:32:54,516] INFO - crypto_etl - Starting data transformation...
[2025-09-21T16:32:54.516+0000] {transform.py:27} INFO - Starting data transformation...
[2025-09-21T16:32:54.520+0000] {log.py:232} WARNING - [2025-09-21 16:32:54,519] INFO - crypto_etl - Adding derived metrics...
[2025-09-21T16:32:54.519+0000] {transform.py:14} INFO - Adding derived metrics...
[2025-09-21T16:32:54.535+0000] {log.py:232} WARNING - [2025-09-21 16:32:54,534] INFO - crypto_etl - Data transformation complete
[2025-09-21T16:32:54.534+0000] {transform.py:32} INFO - Data transformation complete
[2025-09-21T16:32:54.547+0000] {log.py:232} WARNING - [2025-09-21 16:32:54,546] INFO - crypto_etl - Upserted 6 rows into processed_prices
[2025-09-21T16:32:54.546+0000] {load.py:45} INFO - Upserted 6 rows into processed_prices
[2025-09-21T16:32:54.558+0000] {log.py:232} WARNING - [2025-09-21 16:32:54,558] INFO - crypto_etl - Marked raw-data/2025/09/21/04/crypto_data_20250921_04.csv as completed with 6 records
[2025-09-21T16:32:54.558+0000] {file_processor.py:61} INFO - Marked raw-data/2025/09/21/04/crypto_data_20250921_04.csv as completed with 6 records
[2025-09-21T16:32:54.560+0000] {logging_mixin.py:188} INFO - ✓ Successfully processed: raw-data/2025/09/21/04/crypto_data_20250921_04.csv (6 records)
[2025-09-21T16:32:54.562+0000] {log.py:232} WARNING - [2025-09-21 16:32:54,562] INFO - crypto_etl - Starting data transformation...
[2025-09-21T16:32:54.562+0000] {transform.py:27} INFO - Starting data transformation...
[2025-09-21T16:32:54.565+0000] {log.py:232} WARNING - [2025-09-21 16:32:54,565] INFO - crypto_etl - Adding derived metrics...
[2025-09-21T16:32:54.565+0000] {transform.py:14} INFO - Adding derived metrics...
[2025-09-21T16:32:54.579+0000] {log.py:232} WARNING - [2025-09-21 16:32:54,578] INFO - crypto_etl - Data transformation complete
[2025-09-21T16:32:54.578+0000] {transform.py:32} INFO - Data transformation complete
[2025-09-21T16:32:54.592+0000] {log.py:232} WARNING - [2025-09-21 16:32:54,591] INFO - crypto_etl - Upserted 6 rows into processed_prices
[2025-09-21T16:32:54.591+0000] {load.py:45} INFO - Upserted 6 rows into processed_prices
[2025-09-21T16:32:54.603+0000] {log.py:232} WARNING - [2025-09-21 16:32:54,602] INFO - crypto_etl - Marked raw-data/2025/09/21/05/crypto_data_20250921_05.csv as completed with 6 records
[2025-09-21T16:32:54.602+0000] {file_processor.py:61} INFO - Marked raw-data/2025/09/21/05/crypto_data_20250921_05.csv as completed with 6 records
[2025-09-21T16:32:54.605+0000] {logging_mixin.py:188} INFO - ✓ Successfully processed: raw-data/2025/09/21/05/crypto_data_20250921_05.csv (6 records)
[2025-09-21T16:32:54.608+0000] {log.py:232} WARNING - [2025-09-21 16:32:54,607] INFO - crypto_etl - Starting data transformation...
[2025-09-21T16:32:54.607+0000] {transform.py:27} INFO - Starting data transformation...
[2025-09-21T16:32:54.611+0000] {log.py:232} WARNING - [2025-09-21 16:32:54,610] INFO - crypto_etl - Adding derived metrics...
[2025-09-21T16:32:54.610+0000] {transform.py:14} INFO - Adding derived metrics...
[2025-09-21T16:32:54.625+0000] {log.py:232} WARNING - [2025-09-21 16:32:54,625] INFO - crypto_etl - Data transformation complete
[2025-09-21T16:32:54.625+0000] {transform.py:32} INFO - Data transformation complete
[2025-09-21T16:32:54.637+0000] {log.py:232} WARNING - [2025-09-21 16:32:54,636] INFO - crypto_etl - Upserted 6 rows into processed_prices
[2025-09-21T16:32:54.636+0000] {load.py:45} INFO - Upserted 6 rows into processed_prices
[2025-09-21T16:32:54.648+0000] {log.py:232} WARNING - [2025-09-21 16:32:54,648] INFO - crypto_etl - Marked raw-data/2025/09/21/06/crypto_data_20250921_06.csv as completed with 6 records
[2025-09-21T16:32:54.648+0000] {file_processor.py:61} INFO - Marked raw-data/2025/09/21/06/crypto_data_20250921_06.csv as completed with 6 records
[2025-09-21T16:32:54.650+0000] {logging_mixin.py:188} INFO - ✓ Successfully processed: raw-data/2025/09/21/06/crypto_data_20250921_06.csv (6 records)
[2025-09-21T16:32:54.653+0000] {log.py:232} WARNING - [2025-09-21 16:32:54,652] INFO - crypto_etl - Starting data transformation...
[2025-09-21T16:32:54.652+0000] {transform.py:27} INFO - Starting data transformation...
[2025-09-21T16:32:54.657+0000] {log.py:232} WARNING - [2025-09-21 16:32:54,656] INFO - crypto_etl - Adding derived metrics...
[2025-09-21T16:32:54.656+0000] {transform.py:14} INFO - Adding derived metrics...
[2025-09-21T16:32:54.672+0000] {log.py:232} WARNING - [2025-09-21 16:32:54,671] INFO - crypto_etl - Data transformation complete
[2025-09-21T16:32:54.671+0000] {transform.py:32} INFO - Data transformation complete
[2025-09-21T16:32:54.683+0000] {log.py:232} WARNING - [2025-09-21 16:32:54,682] INFO - crypto_etl - Upserted 6 rows into processed_prices
[2025-09-21T16:32:54.682+0000] {load.py:45} INFO - Upserted 6 rows into processed_prices
[2025-09-21T16:32:54.695+0000] {log.py:232} WARNING - [2025-09-21 16:32:54,694] INFO - crypto_etl - Marked raw-data/2025/09/21/07/crypto_data_20250921_07.csv as completed with 6 records
[2025-09-21T16:32:54.694+0000] {file_processor.py:61} INFO - Marked raw-data/2025/09/21/07/crypto_data_20250921_07.csv as completed with 6 records
[2025-09-21T16:32:54.696+0000] {logging_mixin.py:188} INFO - ✓ Successfully processed: raw-data/2025/09/21/07/crypto_data_20250921_07.csv (6 records)
[2025-09-21T16:32:54.699+0000] {log.py:232} WARNING - [2025-09-21 16:32:54,698] INFO - crypto_etl - Starting data transformation...
[2025-09-21T16:32:54.698+0000] {transform.py:27} INFO - Starting data transformation...
[2025-09-21T16:32:54.702+0000] {log.py:232} WARNING - [2025-09-21 16:32:54,701] INFO - crypto_etl - Adding derived metrics...
[2025-09-21T16:32:54.701+0000] {transform.py:14} INFO - Adding derived metrics...
[2025-09-21T16:32:54.716+0000] {log.py:232} WARNING - [2025-09-21 16:32:54,716] INFO - crypto_etl - Data transformation complete
[2025-09-21T16:32:54.716+0000] {transform.py:32} INFO - Data transformation complete
[2025-09-21T16:32:54.728+0000] {log.py:232} WARNING - [2025-09-21 16:32:54,728] INFO - crypto_etl - Upserted 6 rows into processed_prices
[2025-09-21T16:32:54.728+0000] {load.py:45} INFO - Upserted 6 rows into processed_prices
[2025-09-21T16:32:54.740+0000] {log.py:232} WARNING - [2025-09-21 16:32:54,739] INFO - crypto_etl - Marked raw-data/2025/09/21/08/crypto_data_20250921_08.csv as completed with 6 records
[2025-09-21T16:32:54.739+0000] {file_processor.py:61} INFO - Marked raw-data/2025/09/21/08/crypto_data_20250921_08.csv as completed with 6 records
[2025-09-21T16:32:54.742+0000] {logging_mixin.py:188} INFO - ✓ Successfully processed: raw-data/2025/09/21/08/crypto_data_20250921_08.csv (6 records)
[2025-09-21T16:32:54.744+0000] {log.py:232} WARNING - [2025-09-21 16:32:54,744] INFO - crypto_etl - Starting data transformation...
[2025-09-21T16:32:54.744+0000] {transform.py:27} INFO - Starting data transformation...
[2025-09-21T16:32:54.747+0000] {log.py:232} WARNING - [2025-09-21 16:32:54,747] INFO - crypto_etl - Adding derived metrics...
[2025-09-21T16:32:54.747+0000] {transform.py:14} INFO - Adding derived metrics...
[2025-09-21T16:32:54.762+0000] {log.py:232} WARNING - [2025-09-21 16:32:54,762] INFO - crypto_etl - Data transformation complete
[2025-09-21T16:32:54.762+0000] {transform.py:32} INFO - Data transformation complete
[2025-09-21T16:32:54.773+0000] {log.py:232} WARNING - [2025-09-21 16:32:54,772] INFO - crypto_etl - Upserted 6 rows into processed_prices
[2025-09-21T16:32:54.772+0000] {load.py:45} INFO - Upserted 6 rows into processed_prices
[2025-09-21T16:32:54.784+0000] {log.py:232} WARNING - [2025-09-21 16:32:54,783] INFO - crypto_etl - Marked raw-data/2025/09/21/09/crypto_data_20250921_09.csv as completed with 6 records
[2025-09-21T16:32:54.783+0000] {file_processor.py:61} INFO - Marked raw-data/2025/09/21/09/crypto_data_20250921_09.csv as completed with 6 records
[2025-09-21T16:32:54.785+0000] {logging_mixin.py:188} INFO - ✓ Successfully processed: raw-data/2025/09/21/09/crypto_data_20250921_09.csv (6 records)
[2025-09-21T16:32:54.788+0000] {log.py:232} WARNING - [2025-09-21 16:32:54,788] INFO - crypto_etl - Starting data transformation...
[2025-09-21T16:32:54.788+0000] {transform.py:27} INFO - Starting data transformation...
[2025-09-21T16:32:54.792+0000] {log.py:232} WARNING - [2025-09-21 16:32:54,791] INFO - crypto_etl - Adding derived metrics...
[2025-09-21T16:32:54.791+0000] {transform.py:14} INFO - Adding derived metrics...
[2025-09-21T16:32:54.808+0000] {log.py:232} WARNING - [2025-09-21 16:32:54,807] INFO - crypto_etl - Data transformation complete
[2025-09-21T16:32:54.807+0000] {transform.py:32} INFO - Data transformation complete
[2025-09-21T16:32:54.820+0000] {log.py:232} WARNING - [2025-09-21 16:32:54,819] INFO - crypto_etl - Upserted 6 rows into processed_prices
[2025-09-21T16:32:54.819+0000] {load.py:45} INFO - Upserted 6 rows into processed_prices
[2025-09-21T16:32:54.831+0000] {log.py:232} WARNING - [2025-09-21 16:32:54,830] INFO - crypto_etl - Marked raw-data/2025/09/21/10/crypto_data_20250921_10.csv as completed with 6 records
[2025-09-21T16:32:54.830+0000] {file_processor.py:61} INFO - Marked raw-data/2025/09/21/10/crypto_data_20250921_10.csv as completed with 6 records
[2025-09-21T16:32:54.833+0000] {logging_mixin.py:188} INFO - ✓ Successfully processed: raw-data/2025/09/21/10/crypto_data_20250921_10.csv (6 records)
[2025-09-21T16:32:54.835+0000] {log.py:232} WARNING - [2025-09-21 16:32:54,835] INFO - crypto_etl - Starting data transformation...
[2025-09-21T16:32:54.835+0000] {transform.py:27} INFO - Starting data transformation...
[2025-09-21T16:32:54.839+0000] {log.py:232} WARNING - [2025-09-21 16:32:54,838] INFO - crypto_etl - Adding derived metrics...
[2025-09-21T16:32:54.838+0000] {transform.py:14} INFO - Adding derived metrics...
[2025-09-21T16:32:54.853+0000] {log.py:232} WARNING - [2025-09-21 16:32:54,852] INFO - crypto_etl - Data transformation complete
[2025-09-21T16:32:54.852+0000] {transform.py:32} INFO - Data transformation complete
[2025-09-21T16:32:54.865+0000] {log.py:232} WARNING - [2025-09-21 16:32:54,865] INFO - crypto_etl - Upserted 6 rows into processed_prices
[2025-09-21T16:32:54.865+0000] {load.py:45} INFO - Upserted 6 rows into processed_prices
[2025-09-21T16:32:54.877+0000] {log.py:232} WARNING - [2025-09-21 16:32:54,876] INFO - crypto_etl - Marked raw-data/2025/09/21/12/crypto_data_20250921_12.csv as completed with 6 records
[2025-09-21T16:32:54.876+0000] {file_processor.py:61} INFO - Marked raw-data/2025/09/21/12/crypto_data_20250921_12.csv as completed with 6 records
[2025-09-21T16:32:54.879+0000] {logging_mixin.py:188} INFO - ✓ Successfully processed: raw-data/2025/09/21/12/crypto_data_20250921_12.csv (6 records)
[2025-09-21T16:32:54.881+0000] {log.py:232} WARNING - [2025-09-21 16:32:54,880] INFO - crypto_etl - Starting data transformation...
[2025-09-21T16:32:54.880+0000] {transform.py:27} INFO - Starting data transformation...
[2025-09-21T16:32:54.884+0000] {log.py:232} WARNING - [2025-09-21 16:32:54,884] INFO - crypto_etl - Adding derived metrics...
[2025-09-21T16:32:54.884+0000] {transform.py:14} INFO - Adding derived metrics...
[2025-09-21T16:32:54.899+0000] {log.py:232} WARNING - [2025-09-21 16:32:54,899] INFO - crypto_etl - Data transformation complete
[2025-09-21T16:32:54.899+0000] {transform.py:32} INFO - Data transformation complete
[2025-09-21T16:32:54.912+0000] {log.py:232} WARNING - [2025-09-21 16:32:54,911] INFO - crypto_etl - Upserted 6 rows into processed_prices
[2025-09-21T16:32:54.911+0000] {load.py:45} INFO - Upserted 6 rows into processed_prices
[2025-09-21T16:32:54.922+0000] {log.py:232} WARNING - [2025-09-21 16:32:54,922] INFO - crypto_etl - Marked raw-data/2025/09/21/13/crypto_data_20250921_13.csv as completed with 6 records
[2025-09-21T16:32:54.922+0000] {file_processor.py:61} INFO - Marked raw-data/2025/09/21/13/crypto_data_20250921_13.csv as completed with 6 records
[2025-09-21T16:32:54.924+0000] {logging_mixin.py:188} INFO - ✓ Successfully processed: raw-data/2025/09/21/13/crypto_data_20250921_13.csv (6 records)
[2025-09-21T16:32:54.978+0000] {python.py:201} INFO - Done. Returned value was: Processed 69 files successfully, 414 total records
[2025-09-21T16:32:55.008+0000] {taskinstance.py:1138} INFO - Marking task as SUCCESS. dag_id=crypto_etl_main, task_id=transform_data, execution_date=20250921T161500, start_date=20250921T163250, end_date=20250921T163255
[2025-09-21T16:32:55.060+0000] {local_task_job_runner.py:234} INFO - Task exited with return code 0
[2025-09-21T16:32:55.104+0000] {taskinstance.py:3280} INFO - 1 downstream tasks scheduled from follow-on schedule check
