[2025-09-20T22:00:14.867+0000] {taskinstance.py:1956} INFO - Dependencies all met for dep_context=non-requeueable deps ti=<TaskInstance: crypto_etl_main.send_success_notification scheduled__2025-09-20T21:45:00+00:00 [queued]>
[2025-09-20T22:00:14.884+0000] {taskinstance.py:1956} INFO - Dependencies all met for dep_context=requeueable deps ti=<TaskInstance: crypto_etl_main.send_success_notification scheduled__2025-09-20T21:45:00+00:00 [queued]>
[2025-09-20T22:00:14.886+0000] {taskinstance.py:2170} INFO - Starting attempt 1 of 2
[2025-09-20T22:00:14.923+0000] {taskinstance.py:2191} INFO - Executing <Task(PythonOperator): send_success_notification> on 2025-09-20 21:45:00+00:00
[2025-09-20T22:00:14.932+0000] {standard_task_runner.py:60} INFO - Started process 340 to run task
[2025-09-20T22:00:14.939+0000] {standard_task_runner.py:87} INFO - Running: ['***', 'tasks', 'run', 'crypto_etl_main', 'send_success_notification', 'scheduled__2025-09-20T21:45:00+00:00', '--job-id', '146', '--raw', '--subdir', 'DAGS_FOLDER/crypto_etl_dag.py', '--cfg-path', '/tmp/tmp7raay3x_']
[2025-09-20T22:00:14.945+0000] {standard_task_runner.py:88} INFO - Job 146: Subtask send_success_notification
[2025-09-20T22:00:15.034+0000] {task_command.py:423} INFO - Running <TaskInstance: crypto_etl_main.send_success_notification scheduled__2025-09-20T21:45:00+00:00 [running]> on host 81634f637f1a
[2025-09-20T22:00:15.177+0000] {taskinstance.py:2480} INFO - Exporting env vars: AIRFLOW_CTX_DAG_OWNER='data-team' AIRFLOW_CTX_DAG_ID='crypto_etl_main' AIRFLOW_CTX_TASK_ID='send_success_notification' AIRFLOW_CTX_EXECUTION_DATE='2025-09-20T21:45:00+00:00' AIRFLOW_CTX_TRY_NUMBER='1' AIRFLOW_CTX_DAG_RUN_ID='scheduled__2025-09-20T21:45:00+00:00'
[2025-09-20T22:00:15.218+0000] {warnings.py:109} WARNING - /home/***/.local/lib/python3.8/site-packages/***/utils/context.py:315: AirflowContextDeprecationWarning: Accessing 'execution_date' from the template is deprecated and will be removed in a future version. Please use 'data_interval_start' or 'logical_date' instead.
  warnings.warn(_create_deprecation_warning(k, replacements))

[2025-09-20T22:00:15.219+0000] {logging_mixin.py:188} INFO - 
    ETL Pipeline Execution Summary:
    
    ✅ Successfully processed: 1 files
    ❌ Failed: 0 files  
    📊 Total records processed: 6
    
    Execution Date: 2025-09-20 21:45:00+00:00
    DAG: crypto_etl_main
    
[2025-09-20T22:00:15.220+0000] {python.py:201} INFO - Done. Returned value was: 
    ETL Pipeline Execution Summary:
    
    ✅ Successfully processed: 1 files
    ❌ Failed: 0 files  
    📊 Total records processed: 6
    
    Execution Date: 2025-09-20 21:45:00+00:00
    DAG: crypto_etl_main
    
[2025-09-20T22:00:15.258+0000] {taskinstance.py:1138} INFO - Marking task as SUCCESS. dag_id=crypto_etl_main, task_id=send_success_notification, execution_date=20250920T214500, start_date=20250920T220014, end_date=20250920T220015
[2025-09-20T22:00:15.311+0000] {local_task_job_runner.py:234} INFO - Task exited with return code 0
[2025-09-20T22:00:15.349+0000] {taskinstance.py:3280} INFO - 0 downstream tasks scheduled from follow-on schedule check
