[2025-09-21T18:12:06.468+0000] {taskinstance.py:1956} INFO - Dependencies all met for dep_context=non-requeueable deps ti=<TaskInstance: crypto_etl_main.check_new_files manual__2025-09-21T18:12:02.881226+00:00 [queued]>
[2025-09-21T18:12:06.482+0000] {taskinstance.py:1956} INFO - Dependencies all met for dep_context=requeueable deps ti=<TaskInstance: crypto_etl_main.check_new_files manual__2025-09-21T18:12:02.881226+00:00 [queued]>
[2025-09-21T18:12:06.483+0000] {taskinstance.py:2170} INFO - Starting attempt 1 of 2
[2025-09-21T18:12:06.512+0000] {taskinstance.py:2191} INFO - Executing <Task(BranchPythonOperator): check_new_files> on 2025-09-21 18:12:02.881226+00:00
[2025-09-21T18:12:06.520+0000] {standard_task_runner.py:60} INFO - Started process 2324 to run task
[2025-09-21T18:12:06.526+0000] {standard_task_runner.py:87} INFO - Running: ['***', 'tasks', 'run', 'crypto_etl_main', 'check_new_files', 'manual__2025-09-21T18:12:02.881226+00:00', '--job-id', '61', '--raw', '--subdir', 'DAGS_FOLDER/crypto_etl_dag.py', '--cfg-path', '/tmp/tmpfep7ruf6']
[2025-09-21T18:12:06.531+0000] {standard_task_runner.py:88} INFO - Job 61: Subtask check_new_files
[2025-09-21T18:12:06.610+0000] {task_command.py:423} INFO - Running <TaskInstance: crypto_etl_main.check_new_files manual__2025-09-21T18:12:02.881226+00:00 [running]> on host e55d1e17d5c4
[2025-09-21T18:12:06.748+0000] {taskinstance.py:2480} INFO - Exporting env vars: AIRFLOW_CTX_DAG_OWNER='data-team' AIRFLOW_CTX_DAG_ID='crypto_etl_main' AIRFLOW_CTX_TASK_ID='check_new_files' AIRFLOW_CTX_EXECUTION_DATE='2025-09-21T18:12:02.881226+00:00' AIRFLOW_CTX_TRY_NUMBER='1' AIRFLOW_CTX_DAG_RUN_ID='manual__2025-09-21T18:12:02.881226+00:00'
[2025-09-21T18:12:07.066+0000] {log.py:232} WARNING - [2025-09-21 18:12:07,065] INFO - crypto_etl - Listing files from bucket crypto-data with prefix 'raw-data/'
[2025-09-21T18:12:07.065+0000] {extract.py:23} INFO - Listing files from bucket crypto-data with prefix 'raw-data/'
[2025-09-21T18:12:07.126+0000] {log.py:232} WARNING - [2025-09-21 18:12:07,126] INFO - crypto_etl - Found 75 CSV files
[2025-09-21T18:12:07.126+0000] {extract.py:27} INFO - Found 75 CSV files
[2025-09-21T18:12:07.138+0000] {log.py:232} WARNING - [2025-09-21 18:12:07,137] INFO - crypto_etl - Found 1 unprocessed files out of 75 total
[2025-09-21T18:12:07.137+0000] {file_processor.py:24} INFO - Found 1 unprocessed files out of 75 total
[2025-09-21T18:12:07.140+0000] {logging_mixin.py:188} INFO - Found 1 new files to process
[2025-09-21T18:12:07.170+0000] {python.py:201} INFO - Done. Returned value was: validate_files
[2025-09-21T18:12:07.171+0000] {branch.py:35} INFO - Branch into validate_files
[2025-09-21T18:12:07.172+0000] {skipmixin.py:178} INFO - Following branch validate_files
[2025-09-21T18:12:07.195+0000] {skipmixin.py:244} INFO - Skipping tasks [('no_new_files', -1)]
[2025-09-21T18:12:07.262+0000] {taskinstance.py:1138} INFO - Marking task as SUCCESS. dag_id=crypto_etl_main, task_id=check_new_files, execution_date=20250921T181202, start_date=20250921T181206, end_date=20250921T181207
[2025-09-21T18:12:07.301+0000] {local_task_job_runner.py:234} INFO - Task exited with return code 0
[2025-09-21T18:12:07.368+0000] {taskinstance.py:3280} INFO - 1 downstream tasks scheduled from follow-on schedule check
