[2025-09-21T15:13:23.054+0000] {taskinstance.py:1956} INFO - Dependencies all met for dep_context=non-requeueable deps ti=<TaskInstance: crypto_etl_main.check_new_files manual__2025-09-21T15:13:17.857463+00:00 [queued]>
[2025-09-21T15:13:23.067+0000] {taskinstance.py:1956} INFO - Dependencies all met for dep_context=requeueable deps ti=<TaskInstance: crypto_etl_main.check_new_files manual__2025-09-21T15:13:17.857463+00:00 [queued]>
[2025-09-21T15:13:23.068+0000] {taskinstance.py:2170} INFO - Starting attempt 1 of 2
[2025-09-21T15:13:23.089+0000] {taskinstance.py:2191} INFO - Executing <Task(BranchPythonOperator): check_new_files> on 2025-09-21 15:13:17.857463+00:00
[2025-09-21T15:13:23.097+0000] {standard_task_runner.py:60} INFO - Started process 117 to run task
[2025-09-21T15:13:23.102+0000] {standard_task_runner.py:87} INFO - Running: ['***', 'tasks', 'run', 'crypto_etl_main', 'check_new_files', 'manual__2025-09-21T15:13:17.857463+00:00', '--job-id', '23', '--raw', '--subdir', 'DAGS_FOLDER/crypto_etl_dag.py', '--cfg-path', '/tmp/tmprmylycs1']
[2025-09-21T15:13:23.107+0000] {standard_task_runner.py:88} INFO - Job 23: Subtask check_new_files
[2025-09-21T15:13:23.181+0000] {task_command.py:423} INFO - Running <TaskInstance: crypto_etl_main.check_new_files manual__2025-09-21T15:13:17.857463+00:00 [running]> on host 3532d6f8e1ec
[2025-09-21T15:13:23.338+0000] {taskinstance.py:2480} INFO - Exporting env vars: AIRFLOW_CTX_DAG_OWNER='data-team' AIRFLOW_CTX_DAG_ID='crypto_etl_main' AIRFLOW_CTX_TASK_ID='check_new_files' AIRFLOW_CTX_EXECUTION_DATE='2025-09-21T15:13:17.857463+00:00' AIRFLOW_CTX_TRY_NUMBER='1' AIRFLOW_CTX_DAG_RUN_ID='manual__2025-09-21T15:13:17.857463+00:00'
[2025-09-21T15:13:23.497+0000] {log.py:232} WARNING - [2025-09-21 15:13:23,495] INFO - crypto_etl - Listing files from bucket crypto-data with prefix 'raw-data/'
[2025-09-21T15:13:23.495+0000] {extract.py:26} INFO - Listing files from bucket crypto-data with prefix 'raw-data/'
[2025-09-21T15:13:23.508+0000] {log.py:232} WARNING - [2025-09-21 15:13:23,507] ERROR - crypto_etl - Failed to list objects: S3 operation failed; code: SignatureDoesNotMatch, message: The request signature we calculated does not match the signature you provided. Check your key and signing method., resource: /crypto-data, request_id: 186754F7F7E48177, host_id: dd9025bab4ad464b049177c95eb6ebf374d3b3fd1af9251148b658df7ac2e3e8, bucket_name: crypto-data
[2025-09-21T15:13:23.507+0000] {extract.py:33} ERROR - Failed to list objects: S3 operation failed; code: SignatureDoesNotMatch, message: The request signature we calculated does not match the signature you provided. Check your key and signing method., resource: /crypto-data, request_id: 186754F7F7E48177, host_id: dd9025bab4ad464b049177c95eb6ebf374d3b3fd1af9251148b658df7ac2e3e8, bucket_name: crypto-data
[2025-09-21T15:13:23.521+0000] {log.py:232} WARNING - [2025-09-21 15:13:23,520] INFO - crypto_etl - Found 0 unprocessed files out of 0 total
[2025-09-21T15:13:23.520+0000] {file_processor.py:25} INFO - Found 0 unprocessed files out of 0 total
[2025-09-21T15:13:23.522+0000] {logging_mixin.py:188} INFO - No new files to process
[2025-09-21T15:13:23.523+0000] {python.py:201} INFO - Done. Returned value was: no_new_files
[2025-09-21T15:13:23.524+0000] {branch.py:35} INFO - Branch into no_new_files
[2025-09-21T15:13:23.525+0000] {skipmixin.py:178} INFO - Following branch no_new_files
[2025-09-21T15:13:23.547+0000] {skipmixin.py:244} INFO - Skipping tasks [('validate_files', -1)]
[2025-09-21T15:13:23.609+0000] {taskinstance.py:1138} INFO - Marking task as SUCCESS. dag_id=crypto_etl_main, task_id=check_new_files, execution_date=20250921T151317, start_date=20250921T151323, end_date=20250921T151323
[2025-09-21T15:13:23.639+0000] {local_task_job_runner.py:234} INFO - Task exited with return code 0
[2025-09-21T15:13:23.696+0000] {taskinstance.py:3280} INFO - 0 downstream tasks scheduled from follow-on schedule check
