[2025-09-20T21:55:13.568+0000] {taskinstance.py:1956} INFO - Dependencies all met for dep_context=non-requeueable deps ti=<TaskInstance: crypto_etl_main.check_new_files scheduled__2025-09-20T21:30:00+00:00 [queued]>
[2025-09-20T21:55:13.583+0000] {taskinstance.py:1956} INFO - Dependencies all met for dep_context=requeueable deps ti=<TaskInstance: crypto_etl_main.check_new_files scheduled__2025-09-20T21:30:00+00:00 [queued]>
[2025-09-20T21:55:13.584+0000] {taskinstance.py:2170} INFO - Starting attempt 2 of 2
[2025-09-20T21:55:13.616+0000] {taskinstance.py:2191} INFO - Executing <Task(BranchPythonOperator): check_new_files> on 2025-09-20 21:30:00+00:00
[2025-09-20T21:55:13.624+0000] {standard_task_runner.py:60} INFO - Started process 226 to run task
[2025-09-20T21:55:13.630+0000] {standard_task_runner.py:87} INFO - Running: ['***', 'tasks', 'run', 'crypto_etl_main', 'check_new_files', 'scheduled__2025-09-20T21:30:00+00:00', '--job-id', '132', '--raw', '--subdir', 'DAGS_FOLDER/crypto_etl_dag.py', '--cfg-path', '/tmp/tmpp599knk3']
[2025-09-20T21:55:13.635+0000] {standard_task_runner.py:88} INFO - Job 132: Subtask check_new_files
[2025-09-20T21:55:13.712+0000] {task_command.py:423} INFO - Running <TaskInstance: crypto_etl_main.check_new_files scheduled__2025-09-20T21:30:00+00:00 [running]> on host 81634f637f1a
[2025-09-20T21:55:13.848+0000] {taskinstance.py:2480} INFO - Exporting env vars: AIRFLOW_CTX_DAG_OWNER='data-team' AIRFLOW_CTX_DAG_ID='crypto_etl_main' AIRFLOW_CTX_TASK_ID='check_new_files' AIRFLOW_CTX_EXECUTION_DATE='2025-09-20T21:30:00+00:00' AIRFLOW_CTX_TRY_NUMBER='2' AIRFLOW_CTX_DAG_RUN_ID='scheduled__2025-09-20T21:30:00+00:00'
[2025-09-20T21:55:14.021+0000] {log.py:232} WARNING - [2025-09-20 21:55:14,019] INFO - crypto_etl - Listing files from bucket crypto-data with prefix 'raw-data/'
[2025-09-20T21:55:14.019+0000] {extract.py:26} INFO - Listing files from bucket crypto-data with prefix 'raw-data/'
[2025-09-20T21:55:14.037+0000] {log.py:232} WARNING - [2025-09-20 21:55:14,036] INFO - crypto_etl - Found 6 CSV files
[2025-09-20T21:55:14.036+0000] {extract.py:30} INFO - Found 6 CSV files
[2025-09-20T21:55:14.045+0000] {log.py:232} WARNING - [2025-09-20 21:55:14,044] INFO - crypto_etl - Found 1 unprocessed files out of 6 total
[2025-09-20T21:55:14.044+0000] {file_processor.py:25} INFO - Found 1 unprocessed files out of 6 total
[2025-09-20T21:55:14.047+0000] {logging_mixin.py:188} INFO - Found 1 new files to process
[2025-09-20T21:55:14.068+0000] {python.py:201} INFO - Done. Returned value was: validate_files
[2025-09-20T21:55:14.069+0000] {branch.py:35} INFO - Branch into validate_files
[2025-09-20T21:55:14.069+0000] {skipmixin.py:178} INFO - Following branch validate_files
[2025-09-20T21:55:14.093+0000] {skipmixin.py:244} INFO - Skipping tasks [('no_new_files', -1)]
[2025-09-20T21:55:14.157+0000] {taskinstance.py:1138} INFO - Marking task as SUCCESS. dag_id=crypto_etl_main, task_id=check_new_files, execution_date=20250920T213000, start_date=20250920T215513, end_date=20250920T215514
[2025-09-20T21:55:14.205+0000] {local_task_job_runner.py:234} INFO - Task exited with return code 0
[2025-09-20T21:55:14.266+0000] {taskinstance.py:3280} INFO - 1 downstream tasks scheduled from follow-on schedule check
