[2025-09-21T16:45:03.981+0000] {taskinstance.py:1956} INFO - Dependencies all met for dep_context=non-requeueable deps ti=<TaskInstance: crypto_etl_main.check_new_files scheduled__2025-09-21T16:30:00+00:00 [queued]>
[2025-09-21T16:45:03.998+0000] {taskinstance.py:1956} INFO - Dependencies all met for dep_context=requeueable deps ti=<TaskInstance: crypto_etl_main.check_new_files scheduled__2025-09-21T16:30:00+00:00 [queued]>
[2025-09-21T16:45:03.999+0000] {taskinstance.py:2170} INFO - Starting attempt 1 of 2
[2025-09-21T16:45:04.028+0000] {taskinstance.py:2191} INFO - Executing <Task(BranchPythonOperator): check_new_files> on 2025-09-21 16:30:00+00:00
[2025-09-21T16:45:04.036+0000] {standard_task_runner.py:60} INFO - Started process 1076 to run task
[2025-09-21T16:45:04.042+0000] {standard_task_runner.py:87} INFO - Running: ['***', 'tasks', 'run', 'crypto_etl_main', 'check_new_files', 'scheduled__2025-09-21T16:30:00+00:00', '--job-id', '48', '--raw', '--subdir', 'DAGS_FOLDER/crypto_etl_dag.py', '--cfg-path', '/tmp/tmpn0xew5xd']
[2025-09-21T16:45:04.047+0000] {standard_task_runner.py:88} INFO - Job 48: Subtask check_new_files
[2025-09-21T16:45:04.129+0000] {task_command.py:423} INFO - Running <TaskInstance: crypto_etl_main.check_new_files scheduled__2025-09-21T16:30:00+00:00 [running]> on host e55d1e17d5c4
[2025-09-21T16:45:04.271+0000] {taskinstance.py:2480} INFO - Exporting env vars: AIRFLOW_CTX_DAG_OWNER='data-team' AIRFLOW_CTX_DAG_ID='crypto_etl_main' AIRFLOW_CTX_TASK_ID='check_new_files' AIRFLOW_CTX_EXECUTION_DATE='2025-09-21T16:30:00+00:00' AIRFLOW_CTX_TRY_NUMBER='1' AIRFLOW_CTX_DAG_RUN_ID='scheduled__2025-09-21T16:30:00+00:00'
[2025-09-21T16:45:04.558+0000] {log.py:232} WARNING - [2025-09-21 16:45:04,557] INFO - crypto_etl - Listing files from bucket crypto-data with prefix 'raw-data/'
[2025-09-21T16:45:04.557+0000] {extract.py:23} INFO - Listing files from bucket crypto-data with prefix 'raw-data/'
[2025-09-21T16:45:04.598+0000] {log.py:232} WARNING - [2025-09-21 16:45:04,597] INFO - crypto_etl - Found 73 CSV files
[2025-09-21T16:45:04.597+0000] {extract.py:27} INFO - Found 73 CSV files
[2025-09-21T16:45:04.614+0000] {log.py:232} WARNING - [2025-09-21 16:45:04,613] INFO - crypto_etl - Found 0 unprocessed files out of 73 total
[2025-09-21T16:45:04.613+0000] {file_processor.py:24} INFO - Found 0 unprocessed files out of 73 total
[2025-09-21T16:45:04.616+0000] {logging_mixin.py:188} INFO - No new files to process
[2025-09-21T16:45:04.617+0000] {python.py:201} INFO - Done. Returned value was: no_new_files
[2025-09-21T16:45:04.617+0000] {branch.py:35} INFO - Branch into no_new_files
[2025-09-21T16:45:04.619+0000] {skipmixin.py:178} INFO - Following branch no_new_files
[2025-09-21T16:45:04.646+0000] {skipmixin.py:244} INFO - Skipping tasks [('validate_files', -1)]
[2025-09-21T16:45:04.722+0000] {taskinstance.py:1138} INFO - Marking task as SUCCESS. dag_id=crypto_etl_main, task_id=check_new_files, execution_date=20250921T163000, start_date=20250921T164503, end_date=20250921T164504
[2025-09-21T16:45:04.777+0000] {local_task_job_runner.py:234} INFO - Task exited with return code 0
[2025-09-21T16:45:04.839+0000] {taskinstance.py:3280} INFO - 0 downstream tasks scheduled from follow-on schedule check
